###############################################################################
#
# IAR ELF Linker V7.20.5.7591/W32 for ARM                 24/Jun/2015  10:55:29
# Copyright 2007-2014 IAR Systems AB.
#
#    Output file  =  
#        C:\Users\Jiaqi\Desktop\Github\MICO-Freescale-k22\src\Build\FRDM_K64F_SPP\Exe\COM.MXCHIP.SPP.out
#    Map file     =  
#        C:\Users\Jiaqi\Desktop\Github\MICO-Freescale-k22\src\Build\FRDM_K64F_SPP\List\COM.MXCHIP.SPP.map
#    Command line =  
#        C:\Users\Jiaqi\Desktop\Github\MICO-Freescale-k22\src\Build\FRDM_K64F_SPP\Obj\AESUtils.o
#        C:\Users\Jiaqi\Desktop\Github\MICO-Freescale-k22\src\Build\FRDM_K64F_SPP\Obj\arraylist.o
#        C:\Users\Jiaqi\Desktop\Github\MICO-Freescale-k22\src\Build\FRDM_K64F_SPP\Obj\crt0_IAR.o
#        C:\Users\Jiaqi\Desktop\Github\MICO-Freescale-k22\src\Build\FRDM_K64F_SPP\Obj\curve25519-donna.o
#        C:\Users\Jiaqi\Desktop\Github\MICO-Freescale-k22\src\Build\FRDM_K64F_SPP\Obj\debug.o
#        C:\Users\Jiaqi\Desktop\Github\MICO-Freescale-k22\src\Build\FRDM_K64F_SPP\Obj\EasyLink.o
#        C:\Users\Jiaqi\Desktop\Github\MICO-Freescale-k22\src\Build\FRDM_K64F_SPP\Obj\EasyLinkSoftAP.o
#        C:\Users\Jiaqi\Desktop\Github\MICO-Freescale-k22\src\Build\FRDM_K64F_SPP\Obj\edma.o
#        C:\Users\Jiaqi\Desktop\Github\MICO-Freescale-k22\src\Build\FRDM_K64F_SPP\Obj\flash_kinetis.o
#        C:\Users\Jiaqi\Desktop\Github\MICO-Freescale-k22\src\Build\FRDM_K64F_SPP\Obj\flash_kinetisRamFunc.o
#        C:\Users\Jiaqi\Desktop\Github\MICO-Freescale-k22\src\Build\FRDM_K64F_SPP\Obj\fsl_debug_console.o
#        C:\Users\Jiaqi\Desktop\Github\MICO-Freescale-k22\src\Build\FRDM_K64F_SPP\Obj\fsl_dspi_irq.o
#        C:\Users\Jiaqi\Desktop\Github\MICO-Freescale-k22\src\Build\FRDM_K64F_SPP\Obj\fsl_edma_common.o
#        C:\Users\Jiaqi\Desktop\Github\MICO-Freescale-k22\src\Build\FRDM_K64F_SPP\Obj\fsl_edma_driver.o
#        C:\Users\Jiaqi\Desktop\Github\MICO-Freescale-k22\src\Build\FRDM_K64F_SPP\Obj\fsl_edma_irq.o
#        C:\Users\Jiaqi\Desktop\Github\MICO-Freescale-k22\src\Build\FRDM_K64F_SPP\Obj\fsl_rtc_irq.o
#        C:\Users\Jiaqi\Desktop\Github\MICO-Freescale-k22\src\Build\FRDM_K64F_SPP\Obj\fsl_uart_common.o
#        C:\Users\Jiaqi\Desktop\Github\MICO-Freescale-k22\src\Build\FRDM_K64F_SPP\Obj\fsl_uart_driver.o
#        C:\Users\Jiaqi\Desktop\Github\MICO-Freescale-k22\src\Build\FRDM_K64F_SPP\Obj\fsl_uart_edma_driver.o
#        C:\Users\Jiaqi\Desktop\Github\MICO-Freescale-k22\src\Build\FRDM_K64F_SPP\Obj\fsl_uart_hal.o
#        C:\Users\Jiaqi\Desktop\Github\MICO-Freescale-k22\src\Build\FRDM_K64F_SPP\Obj\fsl_uart_irq.o
#        C:\Users\Jiaqi\Desktop\Github\MICO-Freescale-k22\src\Build\FRDM_K64F_SPP\Obj\gpio_pins.o
#        C:\Users\Jiaqi\Desktop\Github\MICO-Freescale-k22\src\Build\FRDM_K64F_SPP\Obj\hardware_init.o
#        C:\Users\Jiaqi\Desktop\Github\MICO-Freescale-k22\src\Build\FRDM_K64F_SPP\Obj\hkdf.o
#        C:\Users\Jiaqi\Desktop\Github\MICO-Freescale-k22\src\Build\FRDM_K64F_SPP\Obj\hmac.o
#        C:\Users\Jiaqi\Desktop\Github\MICO-Freescale-k22\src\Build\FRDM_K64F_SPP\Obj\HomeProtocolParse.o
#        C:\Users\Jiaqi\Desktop\Github\MICO-Freescale-k22\src\Build\FRDM_K64F_SPP\Obj\HTTPUtils.o
#        C:\Users\Jiaqi\Desktop\Github\MICO-Freescale-k22\src\Build\FRDM_K64F_SPP\Obj\json_object.o
#        C:\Users\Jiaqi\Desktop\Github\MICO-Freescale-k22\src\Build\FRDM_K64F_SPP\Obj\json_tokener.o
#        C:\Users\Jiaqi\Desktop\Github\MICO-Freescale-k22\src\Build\FRDM_K64F_SPP\Obj\json_util.o
#        C:\Users\Jiaqi\Desktop\Github\MICO-Freescale-k22\src\Build\FRDM_K64F_SPP\Obj\k64_gpio.o
#        C:\Users\Jiaqi\Desktop\Github\MICO-Freescale-k22\src\Build\FRDM_K64F_SPP\Obj\k64_spi.o
#        C:\Users\Jiaqi\Desktop\Github\MICO-Freescale-k22\src\Platform\vendor\Freescale\MK64FxxL12\ksdk_freertos_lib.a
#        C:\Users\Jiaqi\Desktop\Github\MICO-Freescale-k22\src\Build\FRDM_K64F_SPP\Obj\ksdk_platform.o
#        C:\Users\Jiaqi\Desktop\Github\MICO-Freescale-k22\src\Build\FRDM_K64F_SPP\Obj\linkhash.o
#        C:\Users\Jiaqi\Desktop\Github\MICO-Freescale-k22\src\Build\FRDM_K64F_SPP\Obj\LocalTcpServer.o
#        C:\Users\Jiaqi\Desktop\Github\MICO-Freescale-k22\src\Build\FRDM_K64F_SPP\Obj\MDNSUtils.o
#        C:\Users\Jiaqi\Desktop\Github\MICO-Freescale-k22\src\Build\FRDM_K64F_SPP\Obj\mem_tools.o
#        C:\Users\Jiaqi\Desktop\Github\MICO-Freescale-k22\src\Build\FRDM_K64F_SPP\Obj\MICOAppEntrance.o
#        C:\Users\Jiaqi\Desktop\Github\MICO-Freescale-k22\src\Build\FRDM_K64F_SPP\Obj\MICOBonjour.o
#        C:\Users\Jiaqi\Desktop\Github\MICO-Freescale-k22\src\Build\FRDM_K64F_SPP\Obj\MICOConfig.o
#        C:\Users\Jiaqi\Desktop\Github\MICO-Freescale-k22\src\Build\FRDM_K64F_SPP\Obj\MICOConfigDelegate.o
#        C:\Users\Jiaqi\Desktop\Github\MICO-Freescale-k22\src\Build\FRDM_K64F_SPP\Obj\MICOConfigMenu.o
#        C:\Users\Jiaqi\Desktop\Github\MICO-Freescale-k22\src\Build\FRDM_K64F_SPP\Obj\MICOConfigServer.o
#        C:\Users\Jiaqi\Desktop\Github\MICO-Freescale-k22\src\Build\FRDM_K64F_SPP\Obj\MicoDriverAdc.o
#        C:\Users\Jiaqi\Desktop\Github\MICO-Freescale-k22\src\Build\FRDM_K64F_SPP\Obj\MicoDriverFlash.o
#        C:\Users\Jiaqi\Desktop\Github\MICO-Freescale-k22\src\Build\FRDM_K64F_SPP\Obj\MicoDriverGpio.o
#        C:\Users\Jiaqi\Desktop\Github\MICO-Freescale-k22\src\Build\FRDM_K64F_SPP\Obj\MicoDriverI2c.o
#        C:\Users\Jiaqi\Desktop\Github\MICO-Freescale-k22\src\Platform\Common\Drivers\MicoDriverMFiAuth.a
#        C:\Users\Jiaqi\Desktop\Github\MICO-Freescale-k22\src\Build\FRDM_K64F_SPP\Obj\MicoDriverPwm.o
#        C:\Users\Jiaqi\Desktop\Github\MICO-Freescale-k22\src\Build\FRDM_K64F_SPP\Obj\MicoDriverRng.o
#        C:\Users\Jiaqi\Desktop\Github\MICO-Freescale-k22\src\Build\FRDM_K64F_SPP\Obj\MicoDriverRtc.o
#        C:\Users\Jiaqi\Desktop\Github\MICO-Freescale-k22\src\Build\FRDM_K64F_SPP\Obj\MicoDriverSpi.o
#        C:\Users\Jiaqi\Desktop\Github\MICO-Freescale-k22\src\Build\FRDM_K64F_SPP\Obj\MicoDriverUart.o
#        C:\Users\Jiaqi\Desktop\Github\MICO-Freescale-k22\src\Build\FRDM_K64F_SPP\Obj\MicoDriverWdg.o
#        C:\Users\Jiaqi\Desktop\Github\MICO-Freescale-k22\src\Build\FRDM_K64F_SPP\Obj\MICOEntrance.o
#        C:\Users\Jiaqi\Desktop\Github\MICO-Freescale-k22\src\Build\FRDM_K64F_SPP\Obj\MICONotificationCenter.o
#        C:\Users\Jiaqi\Desktop\Github\MICO-Freescale-k22\src\Build\FRDM_K64F_SPP\Obj\MICONTPClient.o
#        C:\Users\Jiaqi\Desktop\Github\MICO-Freescale-k22\src\Build\FRDM_K64F_SPP\Obj\MICOParaStorage.o
#        C:\Users\Jiaqi\Desktop\Github\MICO-Freescale-k22\src\Build\FRDM_K64F_SPP\Obj\MICOSystemMonitor.o
#        C:\Users\Jiaqi\Desktop\Github\MICO-Freescale-k22\src\Library\mxchipWNet_cm4f_spi.a
#        C:\Users\Jiaqi\Desktop\Github\MICO-Freescale-k22\src\Build\FRDM_K64F_SPP\Obj\pin_mux.o
#        C:\Users\Jiaqi\Desktop\Github\MICO-Freescale-k22\src\Build\FRDM_K64F_SPP\Obj\platform.o
#        C:\Users\Jiaqi\Desktop\Github\MICO-Freescale-k22\src\Build\FRDM_K64F_SPP\Obj\printbuf.o
#        C:\Users\Jiaqi\Desktop\Github\MICO-Freescale-k22\src\Build\FRDM_K64F_SPP\Obj\read_wifi_firmware.o
#        C:\Users\Jiaqi\Desktop\Github\MICO-Freescale-k22\src\Build\FRDM_K64F_SPP\Obj\RemoteTcpClient.o
#        C:\Users\Jiaqi\Desktop\Github\MICO-Freescale-k22\src\Build\FRDM_K64F_SPP\Obj\RingBufferUtils.o
#        C:\Users\Jiaqi\Desktop\Github\MICO-Freescale-k22\src\Build\FRDM_K64F_SPP\Obj\SecurityUtils.o
#        C:\Users\Jiaqi\Desktop\Github\MICO-Freescale-k22\src\Build\FRDM_K64F_SPP\Obj\sha1.o
#        C:\Users\Jiaqi\Desktop\Github\MICO-Freescale-k22\src\Build\FRDM_K64F_SPP\Obj\sha224-256.o
#        C:\Users\Jiaqi\Desktop\Github\MICO-Freescale-k22\src\Build\FRDM_K64F_SPP\Obj\sha384-512.o
#        C:\Users\Jiaqi\Desktop\Github\MICO-Freescale-k22\src\Build\FRDM_K64F_SPP\Obj\SHAUtils.o
#        C:\Users\Jiaqi\Desktop\Github\MICO-Freescale-k22\src\Build\FRDM_K64F_SPP\Obj\SocketUtils.o
#        C:\Users\Jiaqi\Desktop\Github\MICO-Freescale-k22\src\Build\FRDM_K64F_SPP\Obj\SparkLight.o
#        C:\Users\Jiaqi\Desktop\Github\MICO-Freescale-k22\src\Build\FRDM_K64F_SPP\Obj\SppProtocol.o
#        C:\Users\Jiaqi\Desktop\Github\MICO-Freescale-k22\src\Build\FRDM_K64F_SPP\Obj\startup.o
#        C:\Users\Jiaqi\Desktop\Github\MICO-Freescale-k22\src\Build\FRDM_K64F_SPP\Obj\startup_MK64F12.o
#        C:\Users\Jiaqi\Desktop\Github\MICO-Freescale-k22\src\Build\FRDM_K64F_SPP\Obj\StringUtils.o
#        C:\Users\Jiaqi\Desktop\Github\MICO-Freescale-k22\src\Build\FRDM_K64F_SPP\Obj\system_MK64F12.o
#        C:\Users\Jiaqi\Desktop\Github\MICO-Freescale-k22\src\Build\FRDM_K64F_SPP\Obj\TimeUtils.o
#        C:\Users\Jiaqi\Desktop\Github\MICO-Freescale-k22\src\Build\FRDM_K64F_SPP\Obj\TLVUtils.o
#        C:\Users\Jiaqi\Desktop\Github\MICO-Freescale-k22\src\Build\FRDM_K64F_SPP\Obj\UartRecv.o
#        C:\Users\Jiaqi\Desktop\Github\MICO-Freescale-k22\src\Build\FRDM_K64F_SPP\Obj\URLUtils.o
#        C:\Users\Jiaqi\Desktop\Github\MICO-Freescale-k22\src\Build\FRDM_K64F_SPP\Obj\usha.o
#        C:\Users\Jiaqi\Desktop\Github\MICO-Freescale-k22\src\Build\FRDM_K64F_SPP\Obj\wlan_platform.o
#        C:\Users\Jiaqi\Desktop\Github\MICO-Freescale-k22\src\Build\FRDM_K64F_SPP\Obj\WPS.o
#        C:\Users\Jiaqi\Desktop\Github\MICO-Freescale-k22\src\Build\FRDM_K64F_SPP\Obj\wwd_bus.o
#        --redirect _Printf=_PrintfFull --redirect _Scanf=_ScanfFull -o
#        C:\Users\Jiaqi\Desktop\Github\MICO-Freescale-k22\src\Build\FRDM_K64F_SPP\Exe\COM.MXCHIP.SPP.out
#        --map
#        C:\Users\Jiaqi\Desktop\Github\MICO-Freescale-k22\src\Build\FRDM_K64F_SPP\List\COM.MXCHIP.SPP.map
#        --config
#        C:\Users\Jiaqi\Desktop\Github\MICO-Freescale-k22\src\Projects\COM.MXCHIP.SPP\EWARM\..\..\..\Platform\BoardConfig\FRDM_K64\K64FN1Mxxx12_flash.icf
#        --semihosting --entry __iar_program_start --vfe --threaded_lib
#
###############################################################################

*******************************************************************************
*** RUNTIME MODEL ATTRIBUTES
***

CppFlavor                     = *
__Heap_Handler                = DLMalloc
__SystemLibrary               = DLib
__dlib_dynamic_initialization = normal


*******************************************************************************
*** PLACEMENT SUMMARY
***

"A1":  place at 0x00000000 { ro section .intvec };
"P1":  place in [from 0x00000400 to 0x0000040f] { section FlashConfig };
"P2":  place in [from 0x00000000 to 0x000003ff] |
                [from 0x00000410 to 0x000fffff] { ro };
"P3":  place in [from 0x1fff0400 to 0x1fffffff] |
                [from 0x20000000 to 0x2002feff] { rw, block CSTACK, block HEAP };
"P4":  place in [from 0x1fff0400 to 0x1fffffff] |
                [from 0x20000000 to 0x2002feff] { zi };
"P6":  place in [from 0x2002ff00 to 0x2002ffff] { section codeRam };

  Section              Kind        Address     Size  Object
  -------              ----        -------     ----  ------
"A1":                                         0x400
  .intvec                       0x00000000    0x400  <Block>
    .intvec            ro code  0x00000000    0x400  startup_MK64F12.o [1]
                              - 0x00000400    0x400

"P2", part 1 of 2:                              0x0
  .text                ro code  0x00000400      0x0  cstart_clearlocks.o [7]
  .text                ro code  0x00000400      0x0  cstart_closeall.o [7]
  .rodata              const    0x00000400      0x0  zero_init3.o [7]
  .rodata              const    0x00000400      0x0  packbits_init.o [7]

"P1":                                          0x10
  FlashConfig          ro code  0x00000400     0x10  startup_MK64F12.o [1]
                              - 0x00000410     0x10

"P2", part 2 of 2:                          0x5fe5e
  .text                ro code  0x00000410  0x31a2c  read_wifi_firmware.o [1]
  .text                ro code  0x00031e3c     0x76  ABImemcpy_unaligned.o [7]
  .text                ro code  0x00031eb2     0x22  zero_init3.o [7]
  .text                ro code  0x00031ed4   0x2534  dlmalloc.o [6]
  .text                ro code  0x00034408      0x6  abort.o [3]
  .text                ro code  0x0003440e     0x1e  xsscin.o [3]
  .text                ro code  0x0003442c      0x6  ABImemclr4.o [7]
  .text                ro code  0x00034432     0x20  xsyslock.o [3]
  .text                ro code  0x00034452     0x1a  xsnprout.o [3]
  .text                ro code  0x0003446c     0x2c  xgetmemchunk.o [3]
  .text                ro code  0x00034498     0x14  memset.o [3]
  .text                ro code  0x000344ac      0xc  memcpy.o [3]
  .text                ro code  0x000344b8     0x14  exit.o [8]
  .text                ro code  0x000344cc     0x3a  ABImemset48.o [7]
  .text                ro code  0x00034506      0xa  xsprout.o [3]
  .text                ro code  0x00034510    0x15c  xsyslock_mtx.o [3]
  .text                ro code  0x0003466c     0x66  ABImemset.o [7]
  .text                ro code  0x000346d2     0x28  iar_mutex.o [6]
  .rodata              const    0x000346fa      0x2  wwd_bus_protocol.o [6]
  .text                ro code  0x000346fc    0xa28  tasks.o [6]
  .text                ro code  0x00035124     0xec  port.o [6]
  .text                ro code  0x00035210     0x9a  list.o [6]
  .text                ro code  0x000352aa      0x2  startup_MK64F12.o [1]
  .text                ro code  0x000352ac    0x384  ostimers.o [6]
  CODE                 ro code  0x00035630     0xa4  portasm.o [6]
  .text                ro code  0x000356d4    0x130  wwd_rtos.o [6]
  .text                ro code  0x00035804     0x62  memcmp_unaligned.o [7]
  .text                ro code  0x00035866      0x2  startup_MK64F12.o [1]
  .text                ro code  0x00035868     0x5c  ksdk_platform.o [1]
  .text                ro code  0x000358c4     0x6c  strncpy_unaligned.o [7]
  .text                ro code  0x00035930     0x38  heap_3.o [6]
  .text                ro code  0x00035968    0x4f2  queue.o [6]
  .text                ro code  0x00035e5a      0x2  startup_MK64F12.o [1]
  .text                ro code  0x00035e5c    0x3fc  MICONotificationCenter.o [1]
  .text                ro code  0x00036258     0xc0  hardware_init.o [1]
  .text                ro code  0x00036318    0x66a  wiced_rtos.o [6]
  .text                ro code  0x00036982      0x2  startup_MK64F12.o [1]
  .text                ro code  0x00036984    0x714  mxchipWNET.o [6]
  .text                ro code  0x00037098     0x24  printf.o [3]
  .text                ro code  0x000370bc    0x100  fsl_sim_hal_K64F12.o [4]
  .text                ro code  0x000371bc    0x544  pin_mux.o [1]
  .text                ro code  0x00037700    0x10a  fsl_debug_console.o [1]
  .text                ro code  0x0003780a      0x2  startup_MK64F12.o [1]
  .text                ro code  0x0003780c    0x2ec  platform.o [1]
  .text                ro code  0x00037af8   0x125c  MICOEntrance.o [1]
  .text                ro code  0x00038d54     0x44  wlan_platform.o [1]
  .text                ro code  0x00038d98    0x46c  wifi.o [6]
  .text                ro code  0x00039204   0x12a8  wifimgr.o [6]
  .text                ro code  0x0003a4ac     0x34  sprintf.o [3]
  .text                ro code  0x0003a4e0    0x624  tcpip.o [6]
  .text                ro code  0x0003ab04     0x68  dnsclient.o [6]
  .text                ro code  0x0003ab6c     0x20  srand.o [3]
  .text                ro code  0x0003ab8c    0xe00  tcp.o [6]
  .text                ro code  0x0003b98c   0x136c  wwd_wifi.o [6]
  .text                ro code  0x0003ccf8    0x758  easylink2.o [6]
  .text                ro code  0x0003d450    0x25a  ip_addr.o [6]
  .text                ro code  0x0003d6aa     0x36  def.o [6]
  .text                ro code  0x0003d6e0   0x1384  sockets.o [6]
  .text                ro code  0x0003ea64     0x42  strcmp_unaligned.o [7]
  .text                ro code  0x0003eaa6      0x2  startup_MK64F12.o [1]
  .text                ro code  0x0003eaa8    0x618  dns.o [6]
  .text                ro code  0x0003f0c0     0x44  strcpy_unaligned.o [7]
  .text                ro code  0x0003f104    0x250  wwd_management.o [6]
  .text                ro code  0x0003f354     0x36  strlen.o [7]
  .text                ro code  0x0003f38a      0x2  startup_MK64F12.o [1]
  .text                ro code  0x0003f38c   0x114e  xprintffull.o [3]
  .text                ro code  0x000404dc     0x24  ABIassert.o [8]
  .text                ro code  0x00040500    0x12c  fsl_uart_hal.o [1]
  .text                ro code  0x0004062c    0x4a0  fsl_uart_driver.o [1]
  .text                ro code  0x00040acc    0x1d0  MicoDriverGpio.o [1]
  .text                ro code  0x00040c9c     0x18  strrchr.o [3]
  .text                ro code  0x00040cb4    0x3d4  fsl_gpio_driver.o [4]
  .text                ro code  0x00041088     0xb8  fsl_os_abstraction_free_rtos.o [4]
  .text                ro code  0x00041140     0x44  snprintf.o [3]
  .text                ro code  0x00041184    0x3bc  MICOParaStorage.o [1]
  .text                ro code  0x00041540     0x2a  strncmp.o [3]
  .text                ro code  0x0004156c    0x1c0  MICOSystemMonitor.o [1]
  .text                ro code  0x0004172c    0x3a8  mftest.o [6]
  .text                ro code  0x00041ad4      0xc  MicoDriverRtc.o [1]
  .text                ro code  0x00041ae0     0x2c  asctime.o [3]
  .text                ro code  0x00041b0c    0x9f0  StringUtils.o [1]
  .text                ro code  0x000424fc   0x1a24  EasyLink.o [1]
  .text                ro code  0x00043f20    0xee0  MICOConfigServer.o [1]
  .text                ro code  0x00044e00    0x518  MICONTPClient.o [1]
  .text                ro code  0x00045318    0x420  MICOAppEntrance.o [1]
  .text                ro code  0x00045738    0x3f8  wiced_network.o [6]
  .text                ro code  0x00045b30    0xad8  SDPCM.o [6]
  .text                ro code  0x00046608    0x1f0  dns_redirect.o [6]
  .text                ro code  0x000467f8    0x476  wwd_ap.o [6]
  .text                ro code  0x00046c70    0x4d4  ip.o [6]
  .text                ro code  0x00047144    0x8b0  etharp.o [6]
  .text                ro code  0x000479f4    0x18c  wiced_ping.o [6]
  .text                ro code  0x00047b80    0x5e4  api_lib.o [6]
  .text                ro code  0x00048164      0xc  mxchipbesl.o [6]
  .text                ro code  0x00048170     0xd6  netbuf.o [6]
  .text                ro code  0x00048246    0x4de  pbuf.o [6]
  .text                ro code  0x00048724      0x2  xtls.o [3]
  .text                ro code  0x00048728    0xcce  tcp_out.o [6]
  .text                ro code  0x000493f8    0x338  lwiptimers.o [6]
  .text                ro code  0x00049730     0xc0  memp.o [6]
  .text                ro code  0x000497f0     0xe0  rand.o [3]
  .text                ro code  0x000498d0     0x98  wwd_buffer.o [6]
  .text                ro code  0x00049968    0x730  airkiss.o [6]
  .text                ro code  0x0004a098    0x2a0  sys_arch.o [6]
  .text                ro code  0x0004a338    0x27c  lwiptcpip.o [6]
  .text                ro code  0x0004a5b4    0x574  igmp.o [6]
  .text                ro code  0x0004ab28    0x624  udp.o [6]
  .text                ro code  0x0004b14c     0xe4  wwd_bus.o [1]
  .text                ro code  0x0004b230    0x6f8  wwd_bus_protocol.o [6]
  .text                ro code  0x0004b928    0x1a8  wwd_thread.o [6]
  .text                ro code  0x0004bad0     0x20  xmbtowc.o [3]
  .text                ro code  0x0004baf0     0x16  strchr.o [7]
  .text                ro code  0x0004bb08     0x58  memchr.o [7]
  .text                ro code  0x0004bb60      0xa  xmbcurmax.o [3]
  .text                ro code  0x0004bb6a     0x1a  xwctomb.o [3]
  .text                ro code  0x0004bb84     0xee  I64DivMod.o [7]
  .text                ro code  0x0004bc72     0x42  xdnorm.o [5]
  .text                ro code  0x0004bcb4     0x2e  DblCmpLe.o [5]
  .text                ro code  0x0004bce4     0x2e  DblCmpGe.o [5]
  .text                ro code  0x0004bd14    0x114  xdscale.o [5]
  .text                ro code  0x0004be28     0x58  DblToI32.o [5]
  .text                ro code  0x0004be80     0x30  I32ToDbl.o [5]
  .text                ro code  0x0004beb0    0x180  DblSub.o [5]
  .text                ro code  0x0004c030    0x1a2  DblMul.o [5]
  .text                ro code  0x0004c1d4    0x246  DblDiv.o [5]
  .text                ro code  0x0004c41c     0x6c  localeconv.o [3]
  .text                ro code  0x0004c488      0xe  div.o [3]
  .text                ro code  0x0004c498     0x32  fsl_clock_K64F12.o [4]
  .text                ro code  0x0004c4cc    0x30c  MicoDriverUart.o [1]
  .text                ro code  0x0004c7d8    0x298  k64_gpio.o [1]
  .text                ro code  0x0004ca70     0x70  fsl_gpio_hal.o [4]
  .text                ro code  0x0004cae0    0x150  MicoDriverFlash.o [1]
  .text                ro code  0x0004cc30      0x6  MicoDriverWdg.o [1]
  .text                ro code  0x0004cc38    0x180  xlocale_c.o [3]
  .text                ro code  0x0004cdb8    0x10c  xstrftim.o [3]
  .text                ro code  0x0004cec4     0x18  toupper.o [3]
  .text                ro code  0x0004cedc     0x14  tolower.o [3]
  .text                ro code  0x0004cef0     0x28  isxxx.o [3]
  .text                ro code  0x0004cf18     0x16  strnlen.o [3]
  .text                ro code  0x0004cf30    0xf34  MICOConfigDelegate.o [1]
  .text                ro code  0x0004de64    0x32c  SocketUtils.o [1]
  .text                ro code  0x0004e190    0x5f0  json_object.o [1]
  .text                ro code  0x0004e780   0x1434  HTTPUtils.o [1]
  .text                ro code  0x0004fbb4    0xe04  EasyLinkSoftAP.o [1]
  .text                ro code  0x000509b8     0xb6  localtim.o [3]
  .text                ro code  0x00050a70    0x178  SppProtocol.o [1]
  .text                ro code  0x00050be8    0x45c  MICOBonjour.o [1]
  .text                ro code  0x00051044      0xe  RingBufferUtils.o [1]
  .text                ro code  0x00051054    0x356  netif.o [6]
  .text                ro code  0x000513ac    0xeec  dhcp.o [6]
  .text                ro code  0x00052298     0x28  sys.o [6]
  .text                ro code  0x000522c0    0x61c  dhcp_server.o [6]
  .text                ro code  0x000528dc     0x48  netifapi.o [6]
  .text                ro code  0x00052924    0x5c0  easylink.o [6]
  .text                ro code  0x00052ee4    0x17c  wwd_network.o [6]
  .text                ro code  0x00053060      0xc  memmove.o [7]
  .text                ro code  0x0005306c    0x170  inet_chksum.o [6]
  .text                ro code  0x000531dc    0x57e  ip_frag.o [6]
  .text                ro code  0x0005375c    0x1cc  raw.o [6]
  .text                ro code  0x00053928   0x139c  tcp_in.o [6]
  .text                ro code  0x00054cc4    0x1fa  icmp.o [6]
  .text                ro code  0x00054ec0    0xec8  api_msg.o [6]
  .text                ro code  0x00055d88     0x20  init.o [6]
  .text                ro code  0x00055da8    0x2e4  k64_spi.o [1]
  .text                ro code  0x0005608c    0x260  wwd_internal.o [6]
  .text                ro code  0x000562ec    0x2e2  wwd_firmware.o [6]
  .text                ro code  0x000565d0     0x54  setlocale.o [3]
  .text                ro code  0x00056624     0x60  xencoding_sb.o [3]
  .text                ro code  0x00056684      0x2  I64DivZer.o [7]
  .text                ro code  0x00056688     0xe8  DblAdd.o [5]
  .text                ro code  0x00056770    0x160  fsl_clock_manager.o [4]
  .text                ro code  0x000568d0     0x70  flash_kinetis.o [1]
  .text                ro code  0x00056940    0x846  xgentime.o [3]
  .text                ro code  0x00057186      0xc  xlocale_c.o [3]
  .text                ro code  0x00057192     0x16  xlocale_c.o [3]
  .text                ro code  0x000571a8     0x14  xlocale_c.o [3]
  .text                ro code  0x000571bc     0x2c  strstr.o [3]
  .text                ro code  0x000571e8    0x6ec  MICOConfigMenu.o [1]
  .text                ro code  0x000578d4    0xf2c  json_tokener.o [1]
  .text                ro code  0x00058800    0x136  printbuf.o [1]
  .text                ro code  0x00058938    0x34c  linkhash.o [1]
  .text                ro code  0x00058c84     0x18  strdup.o [3]
  .text                ro code  0x00058c9c     0x20  DblCmpEq.o [5]
  .text                ro code  0x00058cbc     0xe4  json_util.o [1]
  .text                ro code  0x00058da0     0xd4  arraylist.o [1]
  .text                ro code  0x00058e74     0x78  ABImemmove_unaligned.o [7]
  .text                ro code  0x00058eec    0x16a  URLUtils.o [1]
  .text                ro code  0x00059058    0xd58  MDNSUtils.o [1]
  .text                ro code  0x00059db0      0xa  getzone.o [3]
  .text                ro code  0x00059dba     0x42  xgettime.o [3]
  .text                ro code  0x00059dfc     0x88  xstol.o [3]
  .text                ro code  0x00059e84    0x188  xttotm.o [3]
  .text                ro code  0x0005a00c     0x8c  wiced_lib.o [6]
  .text                ro code  0x0005a098     0x4c  wps_host.o [6]
  .text                ro code  0x0005a0e4    0x608  fsl_edma_driver.o [1]
  .text                ro code  0x0005a6ec     0x60  edma.o [1]
  .text                ro code  0x0005a74c     0x18  read_wifi_firmware.o [6]
  .text                ro code  0x0005a764    0x2b4  fsl_mcg_hal.o [4]
  .text                ro code  0x0005aa18     0xb8  fsl_sim_hal.o [4]
  .text                ro code  0x0005aad0     0x4e  strncasecmp.o [3]
  .text                ro code  0x0005ab20     0x24  sscanf.o [3]
  .text                ro code  0x0005ab44     0x3c  vsnprint.o [3]
  .text                ro code  0x0005ab80     0x2c  vsprintf.o [3]
  .text                ro code  0x0005abac     0x18  vprintf.o [3]
  .text                ro code  0x0005abc4      0x4  exit.o [3]
  .text                ro code  0x0005abc8      0xc  errno.o [3]
  .text                ro code  0x0005abd4      0x6  ABImemclr.o [7]
  .text                ro code  0x0005abdc    0x194  xstoul.o [3]
  .text                ro code  0x0005ad70    0x134  xisdst.o [3]
  .text                ro code  0x0005aea4    0x474  fsl_edma_hal.o [4]
  .text                ro code  0x0005b318     0x28  fsl_dmamux_hal.o [4]
  .text                ro code  0x0005b340    0xcf4  xscanffull.o [3]
  .text                ro code  0x0005c034     0x12  cexit.o [7]
  .text                ro code  0x0005c046    0x164  xgetdst.o [3]
  .text                ro code  0x0005c1ac     0x40  xwctob.o [3]
  .text                ro code  0x0005c1ec     0xa4  xstoll.o [3]
  .text                ro code  0x0005c290    0x1b0  xstoull.o [3]
  .text                ro code  0x0005c440    0x168  xstold.o [5]
  .text                ro code  0x0005c5a8     0x90  DblToFlt.o [5]
  .text                ro code  0x0005c638     0x58  xcloseall.o [3]
  .text                ro code  0x0005c690    0x134  xstopfx.o [3]
  .text                ro code  0x0005c7c4    0x1b8  xstoflt.o [3]
  .text                ro code  0x0005c97c     0x44  startup_MK64F12.o [1]
  .text                ro code  0x0005c9c0    0x200  xdtento.o [5]
  .text                ro code  0x0005cbc0    0x218  xstoxflt.o [3]
  .text                ro code  0x0005cdd8     0x7a  fclose.o [3]
  .text                ro code  0x0005ce52     0x56  xdunscal.o [5]
  .text                ro code  0x0005cea8     0x7c  xfofind.o [3]
  .text                ro code  0x0005cf24     0xb0  fflush.o [3]
  .text                ro code  0x0005cfd4     0x1a  close.o [8]
  .text                ro code  0x0005cfee     0x16  remove.o [8]
  .text                ro code  0x0005d004     0xe0  XShHandles.o [3]
  .text                ro code  0x0005d0e4    0x710  LocalTcpServer.o [1]
  .text                ro code  0x0005d7f4     0xd0  HomeProtocolParse.o [1]
  .text                ro code  0x0005d8c4    0x51c  RemoteTcpClient.o [1]
  .text                ro code  0x0005dde0    0x47c  fsl_dspi_slave_driver.o [4]
  .text                ro code  0x0005e25c    0x33c  fsl_dspi_master_driver.o [4]
  .text                ro code  0x0005e598     0x88  fsl_dspi_hal.o [4]
  .rodata              const    0x0005e620    0x30c  wwd_firmware.o [6]
  .text                ro code  0x0005e92c    0x134  system_MK64F12.o [1]
  .text                ro code  0x0005ea60    0x128  UartRecv.o [1]
  .rodata              const    0x0005eb88    0x100  airkiss.o [6]
  .rodata              const    0x0005ec88    0x100  wwd_wifi.o [6]
  .text                ro code  0x0005ed88     0xd6  xfspos.o [3]
  .text                ro code  0x0005ee5e      0xc  xfgpos.o [3]
  .text                ro code  0x0005ee6a     0x4c  lseek.o [8]
  .text                ro code  0x0005eeb6     0xd2  packbits_init.o [7]
  .text                ro code  0x0005ef88     0xb6  xfwprep.o [3]
  .text                ro code  0x0005f03e     0x22  fseek.o [3]
  .rodata              const    0x0005f060     0x78  fsl_gpio_driver.o [4]
  .rodata              const    0x0005f0d8     0x68  fsl_gpio_driver.o [4]
  .rodata              const    0x0005f140     0x68  fsl_gpio_driver.o [4]
  .text                ro code  0x0005f1a8     0x66  fsl_edma_irq.o [1]
  .text                ro code  0x0005f210     0x5c  fsl_dspi_shared_function.o [4]
  .text                ro code  0x0005f26c     0x58  startup.o [1]
  .text                ro code  0x0005f2c4     0x56  fputc.o [3]
  .rodata              const    0x0005f31c     0x50  fsl_dspi_shared_function.o [4]
  .rodata              const    0x0005f36c     0x48  fsl_os_abstraction_free_rtos.o [4]
  .rodata              const    0x0005f3b4     0x40  sockets.o [6]
  .text                ro code  0x0005f3f4     0x40  flash_kinetisRamFunc.o [1]
  .rodata              const    0x0005f434     0x3c  fsl_edma_hal.o [4]
  .rodata              const    0x0005f470     0x3c  fsl_edma_hal.o [4]
  .rodata              const    0x0005f4ac     0x3c  fsl_gpio_hal.o [4]
  .rodata              const    0x0005f4e8     0x38  platform.o [1]
  .rodata              const    0x0005f520     0x38  wifimgr.o [6]
  .rodata              const    0x0005f558     0x38  fsl_sim_hal.o [4]
  .rodata              const    0x0005f590     0x34  MICOEntrance.o [1]
  .rodata              const    0x0005f5c4     0x30  gpio_pins.o [1]
  .rodata              const    0x0005f5f4     0x2c  wifimgr.o [6]
  .rodata              const    0x0005f620     0x2c  fsl_edma_hal.o [4]
  .rodata              const    0x0005f64c     0x2c  fsl_gpio_driver.o [4]
  .rodata              const    0x0005f678     0x2c  mftest.o [6]
  .rodata              const    0x0005f6a4     0x28  wifimgr.o [6]
  .rodata              const    0x0005f6cc     0x28  mftest.o [6]
  .rodata              const    0x0005f6f4     0x28  easylink.o [6]
  .text                ro code  0x0005f71c     0x28  data_init.o [7]
  .rodata              const    0x0005f744     0x24  json_object.o [1]
  .rodata              const    0x0005f768     0x24  fsl_dspi_shared_function.o [4]
  .rodata              const    0x0005f78c     0x24  mftest.o [6]
  .rodata              const    0x0005f7b0     0x24  memp.o [6]
  .rodata              const    0x0005f7d4     0x24  memp.o [6]
  .rodata              const    0x0005f7f8     0x24  dhcp_server.o [6]
  .text                ro code  0x0005f81c     0x24  fsl_uart_irq.o [1]
  .iar.init_table      const    0x0005f840     0x5c  - Linker created -
  .rodata              const    0x0005f89c     0x20  wifimgr.o [6]
  .rodata              const    0x0005f8bc     0x20  wifimgr.o [6]
  .rodata              const    0x0005f8dc     0x20  wifimgr.o [6]
  .rodata              const    0x0005f8fc     0x20  wifimgr.o [6]
  .rodata              const    0x0005f91c     0x20  mftest.o [6]
  .rodata              const    0x0005f93c     0x20  mftest.o [6]
  .rodata              const    0x0005f95c     0x20  mftest.o [6]
  .rodata              const    0x0005f97c     0x20  wifi.o [6]
  .rodata              const    0x0005f99c     0x20  fsl_sim_hal.o [4]
  .rodata              const    0x0005f9bc     0x20  dhcp_server.o [6]
  .text                ro code  0x0005f9dc     0x20  cmain_call_ctors.o [7]
  .text                ro code  0x0005f9fc     0x18  cppinit.o [3]
  .rodata              const    0x0005fa14     0x1c  mxchipWNET.o [6]
  .rodata              const    0x0005fa30     0x1c  mftest.o [6]
  .rodata              const    0x0005fa4c     0x1c  airkiss.o [6]
  .rodata              const    0x0005fa68     0x1c  wwd_wifi.o [6]
  .text                ro code  0x0005fa84     0x1c  crt0_IAR.o [1]
  .text                ro code  0x0005faa0     0x1a  fpinit_M.o [5]
  .text                ro code  0x0005fabc     0x1a  cmain.o [7]
  .rodata              const    0x0005fad8     0x19  fsl_edma_common.o [1]
  .rodata              const    0x0005faf4     0x18  fsl_uart_common.o [1]
  .rodata              const    0x0005fb0c     0x18  wifimgr.o [6]
  .rodata              const    0x0005fb24     0x18  mftest.o [6]
  .rodata              const    0x0005fb3c     0x18  mftest.o [6]
  .rodata              const    0x0005fb54     0x18  mftest.o [6]
  .rodata              const    0x0005fb6c     0x18  airkiss.o [6]
  .rodata              const    0x0005fb84     0x18  airkiss.o [6]
  .text                ro code  0x0005fb9c     0x16  xprout.o [3]
  .text                ro code  0x0005fbb4      0xc  putchar.o [3]
  .rodata              const    0x0005fbc0     0x14  wifimgr.o [6]
  .rodata              const    0x0005fbd4     0x14  wifimgr.o [6]
  .rodata              const    0x0005fbe8     0x14  fsl_sim_hal_K64F12.o [4]
  .rodata              const    0x0005fbfc     0x14  mftest.o [6]
  .rodata              const    0x0005fc10     0x14  mftest.o [6]
  .rodata              const    0x0005fc24     0x14  airkiss.o [6]
  .rodata              const    0x0005fc38     0x14  airkiss.o [6]
  .rodata              const    0x0005fc4c     0x14  easylink.o [6]
  .rodata              const    0x0005fc60     0x14  wifi.o [6]
  .rodata              const    0x0005fc74     0x14  wwd_wifi.o [6]
  .rodata              const    0x0005fc88     0x14  wwd_wifi.o [6]
  .rodata              const    0x0005fc9c     0x14  tasks.o [6]
  .rodata              const    0x0005fcb0     0x14  wiced_network.o [6]
  .rodata              const    0x0005fcc4     0x14  SDPCM.o [6]
  .rodata              const    0x0005fcd8     0x14  fsl_gpio_common.o [4]
  .rodata              const    0x0005fcec     0x14  fsl_gpio_common.o [4]
  .text                ro code  0x0005fd00     0x12  fsl_dspi_irq.o [1]
  .rodata              const    0x0005fd14     0x10  mxchipWNET.o [6]
  .rodata              const    0x0005fd24     0x10  mxchipWNET.o [6]
  .rodata              const    0x0005fd34     0x10  wiced_rtos.o [6]
  .rodata              const    0x0005fd44     0x10  wiced_rtos.o [6]
  .rodata              const    0x0005fd54     0x10  wifimgr.o [6]
  .rodata              const    0x0005fd64     0x10  wifimgr.o [6]
  .rodata              const    0x0005fd74     0x10  wifimgr.o [6]
  .rodata              const    0x0005fd84     0x10  wifimgr.o [6]
  .rodata              const    0x0005fd94     0x10  wifimgr.o [6]
  .rodata              const    0x0005fda4     0x10  wifimgr.o [6]
  .rodata              const    0x0005fdb4     0x10  fsl_gpio_driver.o [4]
  .rodata              const    0x0005fdc4     0x10  mftest.o [6]
  .rodata              const    0x0005fdd4     0x10  mftest.o [6]
  .rodata              const    0x0005fde4     0x10  airkiss.o [6]
  .rodata              const    0x0005fdf4     0x10  dns.o [6]
  .rodata              const    0x0005fe04     0x10  easylink.o [6]
  .rodata              const    0x0005fe14     0x10  tcp.o [6]
  .rodata              const    0x0005fe24     0x10  wifi.o [6]
  .rodata              const    0x0005fe34     0x10  wwd_wifi.o [6]
  .rodata              const    0x0005fe44     0x10  wwd_wifi.o [6]
  .rodata              const    0x0005fe54     0x10  wwd_wifi.o [6]
  .rodata              const    0x0005fe64     0x10  wwd_wifi.o [6]
  .rodata              const    0x0005fe74     0x10  wwd_ap.o [6]
  .rodata              const    0x0005fe84     0x10  lwiptcpip.o [6]
  .rodata              const    0x0005fe94      0xc  MICOConfig.o [1]
  .rodata              const    0x0005fea0      0xc  wiced_rtos.o [6]
  .rodata              const    0x0005feac      0xc  wifimgr.o [6]
  .rodata              const    0x0005feb8      0xc  wifimgr.o [6]
  .rodata              const    0x0005fec4      0xc  wifimgr.o [6]
  .rodata              const    0x0005fed0      0xc  wifimgr.o [6]
  .rodata              const    0x0005fedc      0xc  fsl_edma_hal.o [4]
  .rodata              const    0x0005fee8      0xc  fsl_gpio_driver.o [4]
  .rodata              const    0x0005fef4      0xc  fsl_gpio_driver.o [4]
  .rodata              const    0x0005ff00      0xc  dns.o [6]
  .rodata              const    0x0005ff0c      0xc  easylink.o [6]
  .rodata              const    0x0005ff18      0xc  easylink2.o [6]
  .rodata              const    0x0005ff24      0xc  easylink2.o [6]
  .rodata              const    0x0005ff30      0xc  easylink2.o [6]
  .rodata              const    0x0005ff3c      0xc  easylink2.o [6]
  .rodata              const    0x0005ff48      0xc  easylink2.o [6]
  .rodata              const    0x0005ff54      0xc  easylink2.o [6]
  .rodata              const    0x0005ff60      0xc  easylink2.o [6]
  .rodata              const    0x0005ff6c      0xc  easylink2.o [6]
  .rodata              const    0x0005ff78      0xc  easylink2.o [6]
  .rodata              const    0x0005ff84      0xc  wwd_management.o [6]
  .rodata              const    0x0005ff90      0xc  wwd_management.o [6]
  .rodata              const    0x0005ff9c      0xc  wwd_wifi.o [6]
  .rodata              const    0x0005ffa8      0xc  wwd_wifi.o [6]
  .rodata              const    0x0005ffb4      0xc  wwd_wifi.o [6]
  .rodata              const    0x0005ffc0      0xc  wwd_wifi.o [6]
  .rodata              const    0x0005ffcc      0xc  dns_redirect.o [6]
  .rodata              const    0x0005ffd8      0xc  dns_redirect.o [6]
  .rodata              const    0x0005ffe4      0xc  wwd_ap.o [6]
  .rodata              const    0x0005fff0      0xc  wwd_ap.o [6]
  .rodata              const    0x0005fffc      0xc  wwd_ap.o [6]
  .rodata              const    0x00060008      0xc  fsl_dspi_common.o [4]
  .rodata              const    0x00060014      0xc  fsl_gpio_hal.o [4]
  .rodata              const    0x00060020      0xc  wwd_internal.o [6]
  .rodata              const    0x0006002c      0xc  dhcp_server.o [6]
  .rodata              const    0x00060038      0xc  wiced_lib.o [6]
  .text                ro code  0x00060044      0xc  fsl_rtc_irq.o [1]
  .text                ro code  0x00060050      0xc  cstartup_M.o [7]
  .rodata              const    0x0006005c      0x8  wifimgr.o [6]
  .rodata              const    0x00060064      0x8  fsl_edma_hal.o [4]
  .rodata              const    0x0006006c      0x8  fsl_os_abstraction_free_rtos.o [4]
  .rodata              const    0x00060074      0x8  wwd_thread.o [6]
  .rodata              const    0x0006007c      0x8  airkiss.o [6]
  .rodata              const    0x00060084      0x8  easylink.o [6]
  .rodata              const    0x0006008c      0x8  easylink2.o [6]
  .rodata              const    0x00060094      0x8  easylink2.o [6]
  .rodata              const    0x0006009c      0x8  tcp.o [6]
  .rodata              const    0x000600a4      0x8  wwd_management.o [6]
  .rodata              const    0x000600ac      0x8  wwd_management.o [6]
  .rodata              const    0x000600b4      0x8  wwd_wifi.o [6]
  .rodata              const    0x000600bc      0x8  wwd_wifi.o [6]
  .rodata              const    0x000600c4      0x8  wwd_wifi.o [6]
  .rodata              const    0x000600cc      0x8  wwd_wifi.o [6]
  .rodata              const    0x000600d4      0x8  wwd_wifi.o [6]
  .rodata              const    0x000600dc      0x8  ostimers.o [6]
  .rodata              const    0x000600e4      0x8  tasks.o [6]
  .rodata              const    0x000600ec      0x8  etharp.o [6]
  .rodata              const    0x000600f4      0x8  etharp.o [6]
  .rodata              const    0x000600fc      0x8  wiced_network.o [6]
  .rodata              const    0x00060104      0x8  wwd_ap.o [6]
  .rodata              const    0x0006010c      0x8  fsl_gpio_common.o [4]
  .rodata              const    0x00060114      0x8  wwd_network.o [6]
  .rodata              const    0x0006011c      0x8  dhcp_server.o [6]
  .rodata              const    0x00060124      0x8  dhcp_server.o [6]
  .rodata              const    0x0006012c      0x8  dhcp_server.o [6]
  .rodata              const    0x00060134      0x8  dhcp_server.o [6]
  .rodata              const    0x0006013c      0x4  fsl_clock_manager.o [4]
  .rodata              const    0x00060140      0x4  fsl_clock_manager.o [4]
  .rodata              const    0x00060144      0x4  easylink2.o [6]
  .rodata              const    0x00060148      0x4  easylink2.o [6]
  .rodata              const    0x0006014c      0x4  ip_addr.o [6]
  .rodata              const    0x00060150      0x4  ip_addr.o [6]
  .rodata              const    0x00060154      0x4  dhcp_server.o [6]
  .rodata              const    0x00060158      0x4  dhcp_server.o [6]
  .rodata              const    0x0006015c      0x4  dhcp_server.o [6]
  .rodata              const    0x00060160      0x4  dhcp_server.o [6]
  .rodata              const    0x00060164      0x4  dhcp_server.o [6]
  SHT$$PREINIT_ARRAY            0x00060168      0x4  <Block>
    .prepreinit_array  const    0x00060168      0x4  xlocale_c.o [3]
  SHT$$INIT_ARRAY               0x0006016c      0x0  <Block>
  .data_init                    0x0006016c     0xee  <Block>
    Initializer bytes  ro data  0x0006016c     0xee  <for .data-1>
  Initializer bytes    ro data  0x0006025a     0x14  <for P3 s0>
                              - 0x0006026e  0x5fe5e

"P3":                                       0x1655c
  .data                         0x20000000    0x178  <Block>
    .data-1                     0x20000000    0x178  <Init block>
      .data            inited   0x20000000      0x8  fsl_uart_common.o [1]
      .data            inited   0x20000008      0x4  HTTPUtils.o [1]
      .data            inited   0x2000000c      0x4  json_object.o [1]
      .data            inited   0x20000010      0x4  json_object.o [1]
      .data            inited   0x20000014      0x4  json_tokener.o [1]
      .data            inited   0x20000018     0x18  MDNSUtils.o [1]
      .data            inited   0x20000030      0x4  MICOConfig.o [1]
      .data            inited   0x20000034      0x4  SppProtocol.o [1]
      .data            inited   0x20000038      0x4  wifimgr.o [6]
      .data            inited   0x2000003c      0x4  wifimgr.o [6]
      .data            inited   0x20000040      0x4  wifimgr.o [6]
      .data            inited   0x20000044      0x4  wifimgr.o [6]
      .data            inited   0x20000048      0x4  wifimgr.o [6]
      .data            inited   0x2000004c      0x4  wifimgr.o [6]
      .data            inited   0x20000050      0x4  mftest.o [6]
      .data            inited   0x20000054      0x4  mftest.o [6]
      .data            inited   0x20000058      0x4  airkiss.o [6]
      .data            inited   0x2000005c      0x4  easylink2.o [6]
      .data            inited   0x20000060      0x4  wwd_rtos.o [6]
      .data            inited   0x20000064     0x10  tcp.o [6]
      .data            inited   0x20000074      0x4  tcp.o [6]
      .data            inited   0x20000078      0x4  wifi.o [6]
      .data            inited   0x2000007c      0x4  port.o [6]
      .data            inited   0x20000080      0x4  tasks.o [6]
      .data            inited   0x20000084      0x4  wwd_ap.o [6]
      .data            inited   0x20000088      0xc  wwd_internal.o [6]
      .data            inited   0x20000094      0x4  dhcp.o [6]
      .data            inited   0x20000098     0x40  xfiles.o [3]
      .data            inited   0x200000d8     0x40  xfiles.o [3]
      .data            inited   0x20000118     0x40  xfiles.o [3]
      .data            inited   0x20000158     0x20  xfiles.o [3]
  CSTACK                        0x20000178    0x200  <Block>
    CSTACK             uninit   0x20000178    0x200  <Block tail>
  HEAP                          0x20000378  0x16000  <Block>
    HEAP               uninit   0x20000378  0x16000  <Block tail>
  P3 s0                         0x20016378    0x1e4  <Init block>
    __DLIB_PERTHREAD   inited   0x20016378     0x8c  rand.o [3]
    __DLIB_PERTHREAD   inited   0x20016404     0x88  localeconv.o [3]
    __DLIB_PERTHREAD   inited   0x2001648c     0x74  setlocale.o [3]
    __DLIB_PERTHREAD   inited   0x20016500     0x2c  xttotm.o [3]
    __DLIB_PERTHREAD   inited   0x2001652c     0x1c  asctime.o [3]
    __DLIB_PERTHREAD   inited   0x20016548      0x8  localtim.o [3]
    __DLIB_PERTHREAD   inited   0x20016550      0x4  errno.o [3]
    __DLIB_PERTHREAD   inited   0x20016554      0x4  xisdst.o [3]
    __DLIB_PERTHREAD   inited   0x20016558      0x4  xisdstData.o [3]
                              - 0x2001655c  0x1655c

"P4":                                        0xc82a
  default              zero     0x2001655c      0xc  flash_kinetis.o [1]
  .bss                          0x20016568   0xc81e  <Block>
    .bss               zero     0x20016568     0x10  EasyLink.o [1]
    .bss               zero     0x20016578      0x4  EasyLink.o [1]
    .bss               zero     0x2001657c      0x4  EasyLinkSoftAP.o [1]
    .bss               zero     0x20016580    0x140  edma.o [1]
    .bss               zero     0x200166c0     0x4c  fsl_debug_console.o [1]
    .bss               zero     0x2001670c      0x4  fsl_edma_driver.o [1]
    .bss               zero     0x20016710     0x18  fsl_uart_common.o [1]
    .bss               zero     0x20016728    0x100  HomeProtocolParse.o [1]
    .bss               zero     0x20016828    0x514  k64_gpio.o [1]
    .bss               zero     0x20016d3c     0x4c  k64_spi.o [1]
    .bss               zero     0x20016d88   0x2078  k64_spi.o [1]
    .bss               zero     0x20018e00      0x8  ksdk_platform.o [1]
    .bss               zero     0x20018e08      0x4  LocalTcpServer.o [1]
    .bss               zero     0x20018e0c      0x4  MDNSUtils.o [1]
    .bss               zero     0x20018e10    0x810  MICOAppEntrance.o [1]
    .bss               zero     0x20019620      0x4  MICOBonjour.o [1]
    .bss               zero     0x20019624      0xc  MICOConfigDelegate.o [1]
    .bss               zero     0x20019630      0x4  MICOConfigServer.o [1]
    .bss               zero     0x20019634      0x4  MicoDriverFlash.o [1]
    .bss               zero     0x20019638     0x44  MicoDriverUart.o [1]
    .bss               zero     0x2001967c     0x3c  MicoDriverUart.o [1]
    .bss               zero     0x200196b8     0x18  MICOEntrance.o [1]
    .bss               zero     0x200196d0     0x54  MICONotificationCenter.o [1]
    .bss               zero     0x20019724      0x8  MICONTPClient.o [1]
    .bss               zero     0x2001972c      0x4  MICOParaStorage.o [1]
    .bss               zero     0x20019730     0x14  MICOSystemMonitor.o [1]
    .bss               zero     0x20019744     0x10  platform.o [1]
    .bss               zero     0x20019754      0x8  RemoteTcpClient.o [1]
    .bss               zero     0x2001975c    0x80c  wwd_bus.o [1]
    .bss               zero     0x20019f68      0x4  mxchipWNET.o [6]
    .bss               zero     0x20019f6c      0x4  mxchipWNET.o [6]
    .bss               zero     0x20019f70      0x4  mxchipWNET.o [6]
    .bss               zero     0x20019f74      0x4  mxchipWNET.o [6]
    .bss               zero     0x20019f78      0x4  mxchipWNET.o [6]
    .bss               zero     0x20019f7c     0x10  mxchipWNET.o [6]
    .bss               zero     0x20019f8c      0x8  wiced_rtos.o [6]
    .bss               zero     0x20019f94      0x4  wiced_rtos.o [6]
    .bss               zero     0x20019f98      0x4  wifimgr.o [6]
    .bss               zero     0x20019f9c      0x4  wifimgr.o [6]
    .bss               zero     0x20019fa0     0x70  wifimgr.o [6]
    .bss               zero     0x2001a010     0x3c  wifimgr.o [6]
    .bss               zero     0x2001a04c      0x4  wifimgr.o [6]
    .bss               zero     0x2001a050      0x8  wifimgr.o [6]
    .bss               zero     0x2001a058      0x8  wifimgr.o [6]
    .bss               zero     0x2001a060     0x3c  wifimgr.o [6]
    .bss               zero     0x2001a09c     0x3c  wifimgr.o [6]
    .bss               zero     0x2001a0d8     0x14  wifimgr.o [6]
    .bss               zero     0x2001a0ec      0x4  wifimgr.o [6]
    .bss               zero     0x2001a0f0      0x4  wifimgr.o [6]
    .bss               zero     0x2001a0f4      0x4  wifimgr.o [6]
    .bss               zero     0x2001a0f8      0x4  wifimgr.o [6]
    .bss               zero     0x2001a0fc      0x4  wifimgr.o [6]
    .bss               zero     0x2001a100      0x4  wifimgr.o [6]
    .bss               zero     0x2001a104     0x3c  wifimgr.o [6]
    .bss               zero     0x2001a140      0x4  wifimgr.o [6]
    .bss               zero     0x2001a144      0xc  fsl_dspi_shared_function.o [4]
    .bss               zero     0x2001a150      0x4  mftest.o [6]
    .bss               zero     0x2001a154     0x30  mftest.o [6]
    .bss               zero     0x2001a184     0x30  mftest.o [6]
    .bss               zero     0x2001a1b4      0x4  mftest.o [6]
    .bss               zero     0x2001a1b8     0x18  mftest.o [6]
    .bss               zero     0x2001a1d0      0x4  mftest.o [6]
    .bss               zero     0x2001a1d4      0x4  mftest.o [6]
    .bss               zero     0x2001a1d8     0x14  mftest.o [6]
    .bss               zero     0x2001a1ec      0x4  wwd_thread.o [6]
    .bss               zero     0x2001a1f0      0x4  wwd_thread.o [6]
    .bss               zero     0x2001a1f4      0x4  airkiss.o [6]
    .bss               zero     0x2001a1f8     0x38  airkiss.o [6]
    .bss               zero     0x2001a230    0x100  airkiss.o [6]
    .bss               zero     0x2001a330     0x28  airkiss.o [6]
    .bss               zero     0x2001a358      0x8  airkiss.o [6]
    .bss               zero     0x2001a360      0xc  airkiss.o [6]
    .bss               zero     0x2001a36c      0x4  airkiss.o [6]
    .bss               zero     0x2001a370      0x4  airkiss.o [6]
    .bss               zero     0x2001a374      0x4  airkiss.o [6]
    .bss               zero     0x2001a378      0x4  airkiss.o [6]
    .bss               zero     0x2001a37c      0x4  airkiss.o [6]
    .bss               zero     0x2001a380      0x4  airkiss.o [6]
    .bss               zero     0x2001a384      0x4  airkiss.o [6]
    .bss               zero     0x2001a388     0x18  dlmalloc.o [6]
    .bss               zero     0x2001a3a0    0x1d8  dlmalloc.o [6]
    .bss               zero     0x2001a578      0x4  wps_host.o [6]
    .bss               zero     0x2001a57c      0x4  wps_host.o [6]
    .bss               zero     0x2001a580      0x4  dns.o [6]
    .bss               zero     0x2001a584    0x460  dns.o [6]
    .bss               zero     0x2001a9e4      0x8  dns.o [6]
    .bss               zero     0x2001a9ec    0x204  dns.o [6]
    .bss               zero     0x2001abf0      0x4  dns.o [6]
    .bss               zero     0x2001abf4      0x4  easylink.o [6]
    .bss               zero     0x2001abf8     0x48  easylink.o [6]
    .bss               zero     0x2001ac40    0x100  easylink.o [6]
    .bss               zero     0x2001ad40    0x100  easylink.o [6]
    .bss               zero     0x2001ae40      0x4  easylink.o [6]
    .bss               zero     0x2001ae44      0x4  easylink.o [6]
    .bss               zero     0x2001ae48      0x4  easylink.o [6]
    .bss               zero     0x2001ae4c     0x8c  easylink.o [6]
    .bss               zero     0x2001aed8    0x29c  easylink2.o [6]
    .bss               zero     0x2001b174      0x4  easylink2.o [6]
    .bss               zero     0x2001b178      0x4  easylink2.o [6]
    .bss               zero     0x2001b17c      0x4  easylink2.o [6]
    .bss               zero     0x2001b180      0x4  easylink2.o [6]
    .bss               zero     0x2001b184      0x4  easylink2.o [6]
    .bss               zero     0x2001b188      0x4  easylink2.o [6]
    .bss               zero     0x2001b18c     0x40  easylink2.o [6]
    .bss               zero     0x2001b1cc      0x4  easylink2.o [6]
    .bss               zero     0x2001b1d0      0x4  sockets.o [6]
    .bss               zero     0x2001b1d4    0x180  sockets.o [6]
    .bss               zero     0x2001b354      0x4  sockets.o [6]
    .bss               zero     0x2001b358      0x4  sockets.o [6]
    .bss               zero     0x2001b35c     0x10  ip_addr.o [6]
    .bss               zero     0x2001b36c     0x44  memp.o [6]
    .bss               zero     0x2001b3b0   0x71f0  memp.o [6]
    .bss               zero     0x200225a0     0x28  dnsclient.o [6]
    .bss               zero     0x200225c8      0x4  dnsclient.o [6]
    .bss               zero     0x200225cc      0x4  tcp.o [6]
    .bss               zero     0x200225d0      0x4  tcp.o [6]
    .bss               zero     0x200225d4      0x4  tcp.o [6]
    .bss               zero     0x200225d8      0x4  tcp.o [6]
    .bss               zero     0x200225dc      0x4  tcp.o [6]
    .bss               zero     0x200225e0      0x4  tcp.o [6]
    .bss               zero     0x200225e4      0x4  tcp.o [6]
    .bss               zero     0x200225e8      0x4  tcp.o [6]
    .bss               zero     0x200225ec      0x4  wifi.o [6]
    .bss               zero     0x200225f0      0x4  wifi.o [6]
    .bss               zero     0x200225f4      0x4  wifi.o [6]
    .bss               zero     0x200225f8      0x4  wifi.o [6]
    .bss               zero     0x200225fc      0x4  wifi.o [6]
    .bss               zero     0x20022600      0x8  wifi.o [6]
    .bss               zero     0x20022608     0x14  tcp_in.o [6]
    .bss               zero     0x2002261c      0x4  tcp_in.o [6]
    .bss               zero     0x20022620      0x4  tcp_in.o [6]
    .bss               zero     0x20022624      0x4  tcp_in.o [6]
    .bss               zero     0x20022628      0x4  tcp_in.o [6]
    .bss               zero     0x2002262c      0x4  tcp_in.o [6]
    .bss               zero     0x20022630      0x4  tcp_in.o [6]
    .bss               zero     0x20022634      0x8  wwd_management.o [6]
    .bss               zero     0x2002263c      0x4  wwd_wifi.o [6]
    .bss               zero     0x20022640      0x4  wwd_wifi.o [6]
    .bss               zero     0x20022644      0x4  wwd_wifi.o [6]
    .bss               zero     0x20022648      0x4  wwd_wifi.o [6]
    .bss               zero     0x2002264c     0x14  ostimers.o [6]
    .bss               zero     0x20022660     0x14  ostimers.o [6]
    .bss               zero     0x20022674      0x4  ostimers.o [6]
    .bss               zero     0x20022678      0x4  ostimers.o [6]
    .bss               zero     0x2002267c      0x4  ostimers.o [6]
    .bss               zero     0x20022680      0x4  ostimers.o [6]
    .bss               zero     0x20022684      0x4  tasks.o [6]
    .bss               zero     0x20022688     0xc8  tasks.o [6]
    .bss               zero     0x20022750     0x14  tasks.o [6]
    .bss               zero     0x20022764     0x14  tasks.o [6]
    .bss               zero     0x20022778      0x4  tasks.o [6]
    .bss               zero     0x2002277c      0x4  tasks.o [6]
    .bss               zero     0x20022780     0x14  tasks.o [6]
    .bss               zero     0x20022794     0x14  tasks.o [6]
    .bss               zero     0x200227a8      0x4  tasks.o [6]
    .bss               zero     0x200227ac     0x14  tasks.o [6]
    .bss               zero     0x200227c0      0x4  tasks.o [6]
    .bss               zero     0x200227c4      0x4  tasks.o [6]
    .bss               zero     0x200227c8      0x4  tasks.o [6]
    .bss               zero     0x200227cc      0x4  tasks.o [6]
    .bss               zero     0x200227d0      0x4  tasks.o [6]
    .bss               zero     0x200227d4      0x4  tasks.o [6]
    .bss               zero     0x200227d8      0x4  tasks.o [6]
    .bss               zero     0x200227dc      0x4  tasks.o [6]
    .bss               zero     0x200227e0      0x4  tasks.o [6]
    .bss               zero     0x200227e4      0x4  tasks.o [6]
    .bss               zero     0x200227e8     0xa0  etharp.o [6]
    .bss               zero     0x20022888      0x4  ip.o [6]
    .bss               zero     0x2002288c      0x4  ip.o [6]
    .bss               zero     0x20022890      0x4  ip.o [6]
    .bss               zero     0x20022894      0x4  ip.o [6]
    .bss               zero     0x20022898      0x4  ip.o [6]
    .bss               zero     0x2002289c     0x88  wiced_network.o [6]
    .bss               zero     0x20022924     0x3c  wiced_network.o [6]
    .bss               zero     0x20022960     0x38  wiced_network.o [6]
    .bss               zero     0x20022998      0x4  wiced_network.o [6]
    .bss               zero     0x2002299c      0x4  wiced_network.o [6]
    .bss               zero     0x200229a0     0x14  wiced_network.o [6]
    .bss               zero     0x200229b4     0x14  wiced_network.o [6]
    .bss               zero     0x200229c8     0x20  wiced_network.o [6]
    .bss               zero     0x200229e8     0x3c  SDPCM.o [6]
    .bss               zero     0x20022a24      0x4  SDPCM.o [6]
    .bss               zero     0x20022a28      0x4  SDPCM.o [6]
    .bss               zero     0x20022a2c      0x4  SDPCM.o [6]
    .bss               zero     0x20022a30      0x4  SDPCM.o [6]
    .bss               zero     0x20022a34      0x4  SDPCM.o [6]
    .bss               zero     0x20022a38      0x4  SDPCM.o [6]
    .bss               zero     0x20022a3c      0x4  SDPCM.o [6]
    .bss               zero     0x20022a40      0x4  wwd_ap.o [6]
    .bss               zero     0x20022a44      0x4  wwd_internal.o [6]
    .bss               zero     0x20022a48      0x4  udp.o [6]
    .bss               zero     0x20022a4c      0x4  igmp.o [6]
    .bss               zero     0x20022a50      0x4  igmp.o [6]
    .bss               zero     0x20022a54      0x4  igmp.o [6]
    .bss               zero     0x20022a58      0x4  igmp.o [6]
    .bss               zero     0x20022a5c      0x4  lwiptcpip.o [6]
    .bss               zero     0x20022a60      0x4  lwiptcpip.o [6]
    .bss               zero     0x20022a64      0x4  lwiptcpip.o [6]
    .bss               zero     0x20022a68      0x4  lwiptimers.o [6]
    .bss               zero     0x20022a6c      0x4  lwiptimers.o [6]
    .bss               zero     0x20022a70      0x4  wiced_ping.o [6]
    .bss               zero     0x20022a74     0x28  wiced_ping.o [6]
    .bss               zero     0x20022a9c      0x4  ip_frag.o [6]
    .bss               zero     0x20022aa0      0x4  netif.o [6]
    .bss               zero     0x20022aa4      0x4  netif.o [6]
    .bss               zero     0x20022aa8     0x44  netif.o [6]
    .bss               zero     0x20022aec      0x4  raw.o [6]
    .bss               zero     0x20022af0     0x28  dhcp.o [6]
    .bss               zero     0x20022b18      0xc  dhcp.o [6]
    .bss               zero     0x20022b24     0x20  dhcp_server.o [6]
    .bss               zero     0x20022b44     0x64  dhcp_server.o [6]
    .bss               zero     0x20022ba8     0x50  xfiles.o [3]
    .bss               zero     0x20022bf8     0x50  xfiles.o [3]
    .bss               zero     0x20022c48      0x4  xgetmemchunk.o [3]
    .bss               zero     0x20022c4c     0x38  xsyslock_mtx.o [3]
    .bss               zero     0x20022c84     0x54  xlocale_c.o [3]
    .bss               zero     0x20022cd8     0x80  XShHandles.o [3]
    .bss               zero     0x20022d58      0x2  tcp.o [6]
    .bss               zero     0x20022d5a      0x2  tcp_in.o [6]
    .bss               zero     0x20022d5c      0x2  ip.o [6]
    .bss               zero     0x20022d5e      0x2  wiced_network.o [6]
    .bss               zero     0x20022d60      0x2  SDPCM.o [6]
    .bss               zero     0x20022d62      0x2  wiced_ping.o [6]
    .bss               zero     0x20022d64      0x2  ip_frag.o [6]
    .bss               zero     0x20022d66      0x1  printbuf.o [1]
    .bss               zero     0x20022d67      0x1  wifimgr.o [6]
    .bss               zero     0x20022d68      0x1  wifimgr.o [6]
    .bss               zero     0x20022d69      0x1  wifimgr.o [6]
    .bss               zero     0x20022d6a      0x1  wwd_thread.o [6]
    .bss               zero     0x20022d6b      0x1  wwd_thread.o [6]
    .bss               zero     0x20022d6c      0x1  wwd_thread.o [6]
    .bss               zero     0x20022d6d      0x1  wps_host.o [6]
    .bss               zero     0x20022d6e      0x1  wps_host.o [6]
    .bss               zero     0x20022d6f      0x1  dns.o [6]
    .bss               zero     0x20022d70      0x1  easylink.o [6]
    .bss               zero     0x20022d71      0x1  easylink.o [6]
    .bss               zero     0x20022d72      0x1  tcp.o [6]
    .bss               zero     0x20022d73      0x1  wifi.o [6]
    .bss               zero     0x20022d74      0x1  wifi.o [6]
    .bss               zero     0x20022d75      0x1  tcp_in.o [6]
    .bss               zero     0x20022d76      0x1  tcp_in.o [6]
    .bss               zero     0x20022d77      0x1  wwd_wifi.o [6]
    .bss               zero     0x20022d78      0x1  etharp.o [6]
    .bss               zero     0x20022d79      0x1  wiced_network.o [6]
    .bss               zero     0x20022d7a      0x1  wiced_network.o [6]
    .bss               zero     0x20022d7b      0x1  SDPCM.o [6]
    .bss               zero     0x20022d7c      0x1  SDPCM.o [6]
    .bss               zero     0x20022d7d      0x1  SDPCM.o [6]
    .bss               zero     0x20022d7e      0x1  SDPCM.o [6]
    .bss               zero     0x20022d7f      0x1  SDPCM.o [6]
    .bss               zero     0x20022d80      0x1  SDPCM.o [6]
    .bss               zero     0x20022d81      0x1  SDPCM.o [6]
    .bss               zero     0x20022d82      0x1  wwd_ap.o [6]
    .bss               zero     0x20022d83      0x1  wwd_bus_protocol.o [6]
    .bss               zero     0x20022d84      0x1  wwd_bus_protocol.o [6]
    .bss               zero     0x20022d85      0x1  netif.o [6]
                              - 0x20022d86   0xc82a

"P6":                                         0x100
  codeRam              zero     0x2002ff00    0x100  flash_kinetis.o [1]
                              - 0x20030000    0x100


*******************************************************************************
*** INIT TABLE
***

          Address     Size
          -------     ----
Zero (__iar_zero_init3)
    3 destination ranges, total size 0xc92a:
          0x2001655c     0xc
          0x20016568  0xc81e
          0x2002ff00   0x100

Copy/packbits (__iar_packbits_init3)
    1 source range, total size 0xee (63% of destination):
          0x0006016c    0xee
    1 destination range, total size 0x178:
          0x20000000   0x178

Copy/packbits (__iar_packbits_init3)
    1 source range, total size 0x14 (4% of destination):
          0x0006025a    0x14
    1 destination range, total size 0x1e4:
          0x20016378   0x1e4

Extra (__iar_cstart_call_ctors)



*******************************************************************************
*** MODULE SUMMARY
***

    Module                          ro code  ro data  rw data
    ------                          -------  -------  -------
C:\Users\Jiaqi\Desktop\Github\MICO-Freescale-k22\src\Build\FRDM_K64F_SPP\Obj: [1]
    EasyLink.o                        6 692                20
    EasyLinkSoftAP.o                  3 588                 4
    HTTPUtils.o                       5 172        2        4
    HomeProtocolParse.o                 208               256
    LocalTcpServer.o                  1 808                 4
    MDNSUtils.o                       3 416       15       28
    MICOAppEntrance.o                 1 056             2 064
    MICOBonjour.o                     1 116                 4
    MICOConfig.o                                  14        4
    MICOConfigDelegate.o              3 892                12
    MICOConfigMenu.o                  1 772
    MICOConfigServer.o                3 808                 4
    MICOEntrance.o                    4 700       52       24
    MICONTPClient.o                   1 304                 8
    MICONotificationCenter.o          1 020                84
    MICOParaStorage.o                   956                 4
    MICOSystemMonitor.o                 448                20
    MicoDriverFlash.o                   336                 4
    MicoDriverGpio.o                    464
    MicoDriverRtc.o                      12
    MicoDriverUart.o                    780               128
    MicoDriverWdg.o                       6
    RemoteTcpClient.o                 1 308                 8
    RingBufferUtils.o                    14
    SocketUtils.o                       812
    SppProtocol.o                       376        3        4
    StringUtils.o                     2 544
    URLUtils.o                          362
    UartRecv.o                          296
    arraylist.o                         212
    crt0_IAR.o                           28
    edma.o                               96               320
    flash_kinetis.o                     112               268
    flash_kinetisRamFunc.o               64
    fsl_debug_console.o                 266                76
    fsl_dspi_irq.o                       18
    fsl_edma_common.o                             25
    fsl_edma_driver.o                 1 544                 4
    fsl_edma_irq.o                      102
    fsl_rtc_irq.o                        12
    fsl_uart_common.o                             29       32
    fsl_uart_driver.o                 1 184
    fsl_uart_hal.o                      300
    fsl_uart_irq.o                       36
    gpio_pins.o                                   48
    hardware_init.o                     192
    json_object.o                     1 520       41        8
    json_tokener.o                    3 884        3        4
    json_util.o                         228
    k64_gpio.o                          664             1 300
    k64_spi.o                           740             8 388
    ksdk_platform.o                      92                 8
    linkhash.o                          844
    pin_mux.o                         1 348
    platform.o                          748       56       16
    printbuf.o                          310                 1
    read_wifi_firmware.o            203 308
    startup.o                            88
    startup_MK64F12.o                 1 122
    system_MK64F12.o                    308
    wlan_platform.o                      68
    wwd_bus.o                           228             2 060
    ---------------------------------------------------------
    Total:                          267 932      288   15 173

command line: [2]
    ---------------------------------------------------------
    Total:

dl7M_tlf.a: [3]
    XShHandles.o                        224               128
    abort.o                               6
    asctime.o                            44        1       28
    cppinit.o                            24
    div.o                                14
    errno.o                              12                 4
    exit.o                                4
    fclose.o                            122
    fflush.o                            176
    fputc.o                              86
    fseek.o                              34
    getzone.o                            10
    isxxx.o                              40
    localeconv.o                        108        6      136
    localtim.o                          182                 8
    memcpy.o                             12
    memset.o                             20
    printf.o                             36
    putchar.o                            12
    rand.o                              224        5      140
    setlocale.o                          84        5      116
    snprintf.o                           68
    sprintf.o                            52
    srand.o                              32
    sscanf.o                             36
    strdup.o                             24
    strncasecmp.o                        78
    strncmp.o                            42
    strnlen.o                            22
    strrchr.o                            24
    strstr.o                             44
    tolower.o                            20
    toupper.o                            24
    vprintf.o                            24
    vsnprint.o                           60
    vsprintf.o                           44
    xcloseall.o                          88
    xencoding_sb.o                       96
    xfgpos.o                             12
    xfiles.o                                     142      384
    xfofind.o                           124
    xfspos.o                            214
    xfwprep.o                           182
    xgentime.o                        2 118
    xgetdst.o                           356
    xgetmemchunk.o                       44                 4
    xgettime.o                           66
    xisdst.o                            308                 4
    xisdstData.o                                   1        4
    xlocale_c.o                         438        4       84
    xmbcurmax.o                          10
    xmbtowc.o                            32
    xprintffull.o                     4 430
    xprout.o                             22
    xscanffull.o                      3 316
    xsnprout.o                           26
    xsprout.o                            10
    xsscin.o                             30
    xstoflt.o                           440
    xstol.o                             136
    xstoll.o                            164
    xstopfx.o                           308
    xstoul.o                            404
    xstoull.o                           432
    xstoxflt.o                          536
    xstrftim.o                          268
    xsyslock.o                           32
    xsyslock_mtx.o                      348                56
    xtls.o                                2
    xttotm.o                            392        2       44
    xwctob.o                             64
    xwctomb.o                            26
    ---------------------------------------------------------
    Total:                           17 542      166    1 140

ksdk_freertos_lib.a: [4]
    fsl_clock_K64F12.o                   50
    fsl_clock_manager.o                 352        8
    fsl_dmamux_hal.o                     40
    fsl_dspi_common.o                             12
    fsl_dspi_hal.o                      136
    fsl_dspi_master_driver.o            828
    fsl_dspi_shared_function.o           92      116       12
    fsl_dspi_slave_driver.o           1 148
    fsl_edma_hal.o                    1 140      184
    fsl_gpio_common.o                             48
    fsl_gpio_driver.o                   980      412
    fsl_gpio_hal.o                      112       72
    fsl_mcg_hal.o                       692
    fsl_os_abstraction_free_rtos.o      184       80
    fsl_sim_hal.o                       184       88
    fsl_sim_hal_K64F12.o                256       20
    ---------------------------------------------------------
    Total:                            6 194    1 040       12

m7M_tlv.a: [5]
    DblAdd.o                            232
    DblCmpEq.o                           32
    DblCmpGe.o                           46
    DblCmpLe.o                           46
    DblDiv.o                            582
    DblMul.o                            418
    DblSub.o                            384
    DblToFlt.o                          144
    DblToI32.o                           88
    I32ToDbl.o                           48
    fpinit_M.o                           26
    xdnorm.o                             66
    xdscale.o                           276
    xdtento.o                           512
    xdunscal.o                           86
    xstold.o                            360
    ---------------------------------------------------------
    Total:                            3 346

mxchipWNet_cm4f_spi.a: [6]
    SDPCM.o                           2 776       20       97
    airkiss.o                         1 840      399      408
    api_lib.o                         1 508
    api_msg.o                         3 784
    def.o                                54
    dhcp.o                            3 820        3       56
    dhcp_server.o                     1 564      132      132
    dlmalloc.o                        9 524               496
    dns.o                             1 560       28    1 653
    dns_redirect.o                      496       24
    dnsclient.o                         104                44
    easylink.o                        1 472       96      742
    easylink2.o                       1 880      134      764
    etharp.o                          2 224       16      161
    heap_3.o                             56
    iar_mutex.o                          40
    icmp.o                              506
    igmp.o                            1 396                16
    inet_chksum.o                       368
    init.o                               32
    ip.o                              1 236                22
    ip_addr.o                           602        8       16
    ip_frag.o                         1 406                 6
    list.o                              154
    lwiptcpip.o                         636       16       12
    lwiptimers.o                        824                 8
    memp.o                              192       72   29 236
    mftest.o                            936      393      164
    mxchipWNET.o                      1 812       60       36
    mxchipbesl.o                         12
    netbuf.o                            214
    netif.o                             854                77
    netifapi.o                           72
    ostimers.o                          900        8       56
    pbuf.o                            1 246
    port.o                              236        3        4
    portasm.o                           164
    queue.o                           1 266
    raw.o                               460                 4
    read_wifi_firmware.o                 24
    sockets.o                         4 996       64      396
    sys.o                                40
    sys_arch.o                          672
    tasks.o                           2 600       30      360
    tcp.o                             3 584       36       55
    tcp_in.o                          5 020                48
    tcp_out.o                         3 278
    tcpip.o                           1 572
    udp.o                             1 572                 4
    wiced_lib.o                         140       12
    wiced_network.o                   1 016       28      336
    wiced_ping.o                        396                46
    wiced_rtos.o                      1 642       44       12
    wifi.o                            1 132       71       34
    wifimgr.o                         4 776      499      455
    wps_host.o                           76                10
    wwd_ap.o                          1 142       63        9
    wwd_buffer.o                        152
    wwd_bus_protocol.o                1 784        2        2
    wwd_firmware.o                      738      780
    wwd_internal.o                      608       19       16
    wwd_management.o                    592       40        8
    wwd_network.o                       380        8
    wwd_rtos.o                          304        3        4
    wwd_thread.o                        424        8       11
    wwd_wifi.o                        4 972      476       17
    ---------------------------------------------------------
    Total:                           91 858    3 595   36 033

rt7M_tl.a: [7]
    ABImemclr.o                           6
    ABImemclr4.o                          6
    ABImemcpy_unaligned.o               118
    ABImemmove_unaligned.o              120
    ABImemset.o                         102
    ABImemset48.o                        58
    I64DivMod.o                         238
    I64DivZer.o                           2
    cexit.o                              18
    cmain.o                              26
    cmain_call_ctors.o                   32
    cstart_clearlocks.o
    cstart_closeall.o
    cstartup_M.o                         12
    data_init.o                          40
    memchr.o                             88
    memcmp_unaligned.o                   98
    memmove.o                            12
    packbits_init.o                     210
    strchr.o                             22
    strcmp_unaligned.o                   66
    strcpy_unaligned.o                   68
    strlen.o                             54
    strncpy_unaligned.o                 108
    zero_init3.o                         34
    ---------------------------------------------------------
    Total:                            1 538

shb_l.a: [8]
    ABIassert.o                          36
    close.o                              26
    exit.o                               20
    lseek.o                              76
    remove.o                             22
    ---------------------------------------------------------
    Total:                              180

    Gaps                                 58        9
    Linker created                                92   90 624
-------------------------------------------------------------
    Grand Total:                    388 648    5 190  142 982


*******************************************************************************
*** ENTRY LIST
***

Entry                      Address     Size  Type      Object
-----                      -------     ----  ----      ------
.bss$$Base              0x20016568            --   Gb  - Linker created -
.bss$$Limit             0x20022d86            --   Gb  - Linker created -
.data$$Base             0x20000000            --   Gb  - Linker created -
.data$$Limit            0x20000178            --   Gb  - Linker created -
.data_init$$Base        0x0006016c            --   Gb  - Linker created -
.data_init$$Limit       0x0006025a            --   Gb  - Linker created -
.intvec$$Base           0x00000000            --   Gb  - Linker created -
.intvec$$Limit          0x00000400            --   Gb  - Linker created -
?main                   0x0005fabd           Code  Gb  cmain.o [7]
ApListAdvCallback       0x00035e77     0x1a  Code  Gb  MICONotificationCenter.o [1]
ApListCallback          0x00035e5d     0x1a  Code  Gb  MICONotificationCenter.o [1]
BonjourNotify_SYSWillPoerOffHandler
                        0x00050bf5      0xe  Code  Gb  MICOBonjour.o [1]
BonjourNotify_WifiStatusHandler
                        0x00050be9      0xc  Code  Gb  MICOBonjour.o [1]
CLOCK_HAL_GetClkSrcMode
                        0x0005a765      0x8  Code  Lc  fsl_mcg_hal.o [4]
CLOCK_HAL_GetDigitalControlledOscRangeMode
[...]
vPortYieldFromISR       0x00035183      0xa  Code  Gb  port.o [6]
vQueueDelete            0x00035ccf     0x12  Code  Gb  queue.o [6]
vQueueWaitForMessageRestricted
                        0x00035e1d     0x3e  Code  Gb  queue.o [6]
vSetMSP                 0x00035631           Code  Gb  portasm.o [6]
vTaskDelay              0x00034895     0x36  Code  Gb  tasks.o [6]
vTaskDelete             0x00034821     0x74  Code  Gb  tasks.o [6]
vTaskForceAwake         0x00034943     0x48  Code  Gb  tasks.o [6]
vTaskIncrementTick      0x00034ae3    0x106  Code  Gb  tasks.o [6]
vTaskMissedYield        0x00034dcb      0xa  Code  Gb  tasks.o [6]
vTaskPlaceOnEventList   0x00034c8d     0x42  Code  Gb  tasks.o [6]
vTaskPlaceOnEventListRestricted
                        0x00034ccf     0x2a  Code  Gb  tasks.o [6]
vTaskPriorityDisinherit
                        0x0003509d     0x44  Code  Gb  tasks.o [6]
vTaskPriorityInherit    0x00035031     0x66  Code  Gb  tasks.o [6]
vTaskSetTimeOutState    0x00034d59     0x12  Code  Gb  tasks.o [6]
vTaskStartScheduler     0x0003498b     0x4c  Code  Gb  tasks.o [6]
vTaskSuspendAll         0x000349d7     0x10  Code  Gb  tasks.o [6]
vTaskSwitchContext      0x00034be9     0xa4  Code  Gb  tasks.o [6]
valid_dir               0x20000058      0x4  Data  Lc  airkiss.o [6]
vprintf                 0x0005abad     0x18  Code  Gb  vprintf.o [3]
vsnprintf               0x0005ab45     0x3c  Code  Gb  vsnprint.o [3]
vsprintf                0x0005ab81     0x2c  Code  Gb  vsprintf.o [3]
wiced_bus_allow_wlan_bus_to_sleep
                        0x0004b7d5     0x10  Code  Gb  wwd_bus_protocol.o [6]
wiced_bus_deinit        0x0004b621      0xc  Code  Gb  wwd_bus_protocol.o [6]
wiced_bus_ensure_wlan_bus_is_up
                        0x0004b7a9     0x2c  Code  Gb  wwd_bus_protocol.o [6]
wiced_bus_flow_controlled
                        0x20022d84      0x1  Data  Lc  wwd_bus_protocol.o [6]
wiced_bus_init          0x0004b42f    0x1f2  Code  Gb  wwd_bus_protocol.o [6]
wiced_bus_interrupt     0x20022d6c      0x1  Data  Lc  wwd_thread.o [6]
wiced_bus_is_flow_controlled
                        0x0004b353      0x8  Code  Gb  wwd_bus_protocol.o [6]
wiced_bus_poke_wlan     0x0004b333      0x4  Code  Gb  wwd_bus_protocol.o [6]
wiced_bus_process_interrupt
                        0x0004b35b     0x36  Code  Gb  wwd_bus_protocol.o [6]
wiced_bus_set_flow_control
                        0x0004b337     0x1c  Code  Gb  wwd_bus_protocol.o [6]
wiced_bus_transfer_buffer
                        0x0004b231    0x102  Code  Gb  wwd_bus_protocol.o [6]
wiced_bus_transfer_bytes
                        0x0004b6c5     0xe4  Code  Gb  wwd_bus_protocol.o [6]
wiced_device_core_is_up
                        0x00056141     0x5c  Code  Gb  wwd_internal.o [6]
wiced_dhcp_handle       0x20022924     0x3c  Data  Gb  wiced_network.o [6]
wiced_disable_device_core
                        0x0005619d     0x9e  Code  Gb  wwd_internal.o [6]
wiced_dns_redirector_start
                        0x0004662d     0x42  Code  Gb  dns_redirect.o [6]
wiced_dns_redirector_stop
                        0x0004666f     0x30  Code  Gb  dns_redirect.o [6]
wiced_download_firmware
                        0x0004b7e5     0xd0  Code  Lc  wwd_bus_protocol.o [6]
wiced_get_available_bus_credits
                        0x000464d5      0xe  Code  Gb  SDPCM.o [6]
wiced_get_core_address  0x00056135      0xc  Code  Lc  wwd_internal.o [6]
wiced_get_ioctl_buffer  0x00046427     0x26  Code  Gb  SDPCM.o [6]
wiced_get_iovar_buffer  0x000463c3     0x64  Code  Gb  SDPCM.o [6]
wiced_get_mac_addr      0x0003f329      0xc  Code  Gb  wwd_management.o [6]
wiced_get_next_buffer_in_queue
                        0x00046573      0xa  Code  Lc  SDPCM.o [6]
wiced_get_packet_to_send
                        0x0004644d     0x88  Code  Gb  SDPCM.o [6]
wiced_gpio_input_get    0x00040c01     0x28  Code  Gb  MicoDriverGpio.o [1]
wiced_gspi_32bit        0x20022d83      0x1  Data  Lc  wwd_bus_protocol.o [6]
wiced_handle_apsta_event
                        0x000467f9     0x2e  Code  Lc  wwd_ap.o [6]
wiced_init              0x00038d99     0x8a  Code  Gb  wifi.o [6]
wiced_init_sdpcm        0x00045b31     0xe4  Code  Gb  SDPCM.o [6]
wiced_inited            0x20022d6b      0x1  Data  Lc  wwd_thread.o [6]
wiced_initialised       0x20022d73      0x1  Data  Lc  wifi.o [6]
wiced_ioctl_response    0x20022a28      0x4  Data  Lc  SDPCM.o [6]
wiced_ioctl_sleep       0x20022a2c      0x4  Data  Lc  SDPCM.o [6]
wiced_ip_broadcast      0x0005fcb0     0x14  Data  Gb  wiced_network.o [6]
wiced_ip_down           0x00045a51     0x7e  Code  Gb  wiced_network.o [6]
wiced_ip_get_gateway_address
                        0x0003a509     0x24  Code  Gb  tcpip.o [6]
wiced_ip_get_ipaddr     0x0003a551     0x56  Code  Gb  tcpip.o [6]
wiced_ip_get_ipv4_address
                        0x0003a8cb     0x24  Code  Gb  tcpip.o [6]
wiced_ip_get_netmask    0x0003a52d     0x24  Code  Gb  tcpip.o [6]
wiced_ip_handle         0x2002289c     0x88  Data  Gb  wiced_network.o [6]
wiced_ip_up             0x000457e5    0x26c  Code  Gb  wiced_network.o [6]
wiced_join_events_handler
                        0x0003c3d5    0x12a  Code  Lc  wwd_wifi.o [6]
wiced_join_status       0x20022644      0x4  Data  Gb  wwd_wifi.o [6]
wiced_leave_ap          0x00038e23     0x1e  Code  Gb  wifi.o [6]
wiced_mac_addr          0x20022634      0x8  Data  Lc  wwd_management.o [6]
wiced_management_init   0x0003f105     0x1e  Code  Gb  wwd_management.o [6]
wiced_management_set_event_handler
                        0x0004623f      0xa  Code  Gb  SDPCM.o [6]
wiced_management_wifi_off
                        0x0003f2d7     0x52  Code  Gb  wwd_management.o [6]
wiced_management_wifi_on
                        0x0003f123    0x1b4  Code  Gb  wwd_management.o [6]
wiced_network_init      0x00045739     0x9a  Code  Gb  wiced_network.o [6]
wiced_network_link_renew_handler
                        0x00045acf     0x18  Code  Gb  wiced_network.o [6]
wiced_network_send_ethernet_data
                        0x00045c93     0x8a  Code  Gb  SDPCM.o [6]
wiced_networking_worker_thread
                        0x20019f8c      0x8  Data  Gb  wiced_rtos.o [6]
wiced_packet_create_tcp
                        0x0003a79b     0x6c  Code  Gb  tcpip.o [6]
wiced_packet_create_udp
                        0x0003a807     0x12  Code  Gb  tcpip.o [6]
wiced_packet_delete     0x0003a819      0xa  Code  Gb  tcpip.o [6]
wiced_packet_get_data   0x0003a855     0x76  Code  Gb  tcpip.o [6]
wiced_packet_set_data_end
                        0x0003a823     0x16  Code  Gb  tcpip.o [6]
wiced_ping              0x0003a4e1     0x28  Code  Gb  tcpip.o [6]
wiced_ping_send         0x000479f5     0x8c  Code  Gb  wiced_ping.o [6]
wiced_platform_notify_irq
                        0x0004b9fb     0x1a  Code  Gb  wwd_thread.o [6]
wiced_process_bus_credit_update
                        0x00045d1d     0x56  Code  Gb  SDPCM.o [6]
wiced_process_sdpcm     0x00045d73    0x318  Code  Gb  SDPCM.o [6]
wiced_quit_sdpcm        0x00045c15     0x4e  Code  Gb  SDPCM.o [6]
wiced_read_backplane_value
                        0x0004b697     0x2e  Code  Gb  wwd_bus_protocol.o [6]
wiced_read_frame        0x0004b391     0x9e  Code  Gb  wwd_bus_protocol.o [6]
wiced_read_register_value
                        0x0004b8d9     0x50  Code  Lc  wwd_bus_protocol.o [6]
wiced_receive_one_packet
                        0x0004b9b3     0x20  Code  Gb  wwd_thread.o [6]
wiced_reset_device_core
                        0x0005623b     0x9e  Code  Gb  wwd_internal.o [6]
wiced_rtos_create_thread
                        0x0003639d     0x4e  Code  Gb  wiced_rtos.o [6]
wiced_rtos_create_worker_thread
                        0x00036603     0x5a  Code  Gb  wiced_rtos.o [6]
wiced_rtos_deinit_queue
                        0x00036543      0xc  Code  Gb  wiced_rtos.o [6]
wiced_rtos_deinit_timer
                        0x000365c5     0x22  Code  Gb  wiced_rtos.o [6]
wiced_rtos_delay_milliseconds
                        0x0003644d      0xa  Code  Gb  wiced_rtos.o [6]
wiced_rtos_delete_thread
                        0x000363eb     0x24  Code  Gb  wiced_rtos.o [6]
wiced_rtos_deregister_timed_event
                        0x000366a5     0x24  Code  Gb  wiced_rtos.o [6]
wiced_rtos_get_semaphore
                        0x00036479     0x22  Code  Gb  wiced_rtos.o [6]
wiced_rtos_init         0x0003637b     0x22  Code  Gb  wiced_rtos.o [6]
wiced_rtos_init_queue   0x000364e1     0x1e  Code  Gb  wiced_rtos.o [6]
wiced_rtos_init_semaphore
                        0x00036457     0x22  Code  Gb  wiced_rtos.o [6]
wiced_rtos_init_timer   0x00036565     0x36  Code  Gb  wiced_rtos.o [6]
wiced_rtos_is_current_thread
                        0x00036429     0x18  Code  Gb  wiced_rtos.o [6]
wiced_rtos_pop_from_queue
                        0x00036521     0x22  Code  Gb  wiced_rtos.o [6]
wiced_rtos_push_to_queue
                        0x000364ff     0x22  Code  Gb  wiced_rtos.o [6]
wiced_rtos_register_timed_event
                        0x0003665d     0x48  Code  Gb  wiced_rtos.o [6]
wiced_rtos_send_asynchronous_event
                        0x000366c9     0x14  Code  Gb  wiced_rtos.o [6]
wiced_rtos_set_semaphore
                        0x0003649b     0x46  Code  Gb  wiced_rtos.o [6]
wiced_rtos_start_timer  0x0003659b     0x2a  Code  Gb  wiced_rtos.o [6]
wiced_rtos_thread_force_awake
                        0x00036441      0xc  Code  Gb  wiced_rtos.o [6]
wiced_rtos_thread_join  0x0003640f     0x1a  Code  Gb  wiced_rtos.o [6]
wiced_sdpcm_ioctl_mutex
                        0x20022a24      0x4  Data  Lc  SDPCM.o [6]
wiced_sdpcm_send_queue_head
                        0x20022a38      0x4  Data  Lc  SDPCM.o [6]
wiced_sdpcm_send_queue_mutex
                        0x20022a34      0x4  Data  Lc  SDPCM.o [6]
wiced_sdpcm_send_queue_tail
                        0x20022a3c      0x4  Data  Lc  SDPCM.o [6]
wiced_send_ioctl        0x00046091    0x1ae  Code  Gb  SDPCM.o [6]
wiced_send_iovar        0x00045c63     0x30  Code  Gb  SDPCM.o [6]
wiced_send_one_packet   0x0004b977     0x3c  Code  Gb  wwd_thread.o [6]
wiced_send_sdpcm_common
                        0x000464e3     0x90  Code  Lc  SDPCM.o [6]
wiced_set_backplane_window
                        0x0005608d     0xa8  Code  Gb  wwd_internal.o [6]
wiced_set_next_buffer_in_queue
                        0x0004657d      0xe  Code  Lc  SDPCM.o [6]
wiced_sta_link_up       0x20022d74      0x1  Data  Lc  wifi.o [6]
wiced_start_dhcp_server
                        0x000522d9     0x56  Code  Gb  dhcp_server.o [6]
wiced_stop_dhcp         0x00045ae7      0x8  Code  Gb  wiced_network.o [6]
wiced_stop_dhcp_server  0x0005232f     0x2a  Code  Gb  dhcp_server.o [6]
wiced_tcp_bind          0x0003a6af     0x4a  Code  Gb  tcpip.o [6]
wiced_tcp_connect       0x0003a605     0xaa  Code  Gb  tcpip.o [6]
wiced_tcp_create_socket
                        0x0003a5a7     0x5e  Code  Gb  tcpip.o [6]
wiced_tcp_send_packet   0x0003a6f9     0x20  Code  Gb  tcpip.o [6]
wiced_tcp_start_tls     0x0004816b      0x6  Code  Gb  mxchipbesl.o [6]
wiced_thread            0x2001a1ec      0x4  Data  Lc  wwd_thread.o [6]
wiced_thread_func       0x0004ba29     0x8a  Code  Lc  wwd_thread.o [6]
wiced_thread_init       0x0004b929     0x4e  Code  Gb  wwd_thread.o [6]
wiced_thread_notify     0x0004ba15     0x14  Code  Gb  wwd_thread.o [6]
wiced_thread_quit       0x0004b9d3     0x28  Code  Gb  wwd_thread.o [6]
wiced_thread_quit_flag  0x20022d6a      0x1  Data  Lc  wwd_thread.o [6]
wiced_tls_encrypt_packet
                        0x00048165      0x6  Code  Gb  mxchipbesl.o [6]
wiced_transceive_semaphore
                        0x2001a1f0      0x4  Data  Lc  wwd_thread.o [6]
wiced_udp_create_socket
                        0x0003a8ef     0x7c  Code  Gb  tcpip.o [6]
wiced_udp_delete_socket
                        0x0003aa23     0x1e  Code  Gb  tcpip.o [6]
wiced_udp_packet_get_info
                        0x0003a839     0x1c  Code  Gb  tcpip.o [6]
wiced_udp_receive       0x0003a9e7     0x3c  Code  Gb  tcpip.o [6]
wiced_udp_send          0x0003a96b     0x7c  Code  Gb  tcpip.o [6]
wiced_using_dhcp        0x20022d79      0x1  Data  Lc  wiced_network.o [6]
wiced_wifi_add_packet_filter
                        0x0003ca85     0x80  Code  Gb  wwd_wifi.o [6]
wiced_wifi_ap_is_up     0x20022d82      0x1  Data  Gb  wwd_ap.o [6]
wiced_wifi_cooee_stop   0x0003d0b3     0x38  Code  Lc  easylink2.o [6]
wiced_wifi_disable_monitor_mode
                        0x0003c94d     0x5c  Code  Gb  wwd_wifi.o [6]
wiced_wifi_disable_packet_filter
                        0x0003cb47      0xc  Code  Gb  wwd_wifi.o [6]
wiced_wifi_enable_monitor_mode
                        0x0003c8f1     0x5c  Code  Gb  wwd_wifi.o [6]
wiced_wifi_enable_packet_filter
                        0x0003cb3b      0xc  Code  Gb  wwd_wifi.o [6]
wiced_wifi_enable_powersave_with_throughput
                        0x0003c5f5     0x8e  Code  Gb  wwd_wifi.o [6]
wiced_wifi_get_ap_name  0x0003cb95     0x68  Code  Gb  wwd_wifi.o [6]
wiced_wifi_get_mac_address
                        0x0003c4ff     0x4e  Code  Gb  wwd_wifi.o [6]
wiced_wifi_get_pmk      0x0003c699     0x7a  Code  Gb  wwd_wifi.o [6]
wiced_wifi_get_wifi_version
                        0x0003cc59     0x52  Code  Gb  wwd_wifi.o [6]
wiced_wifi_is_packet_from_ap
                        0x00046c61      0xe  Code  Gb  wwd_ap.o [6]
wiced_wifi_is_ready_to_transceive
                        0x0003c581     0x70  Code  Gb  wwd_wifi.o [6]
wiced_wifi_join         0x0003bdcd    0x106  Code  Gb  wwd_wifi.o [6]
wiced_wifi_join_specific
                        0x0003bed3    0x136  Code  Gb  wwd_wifi.o [6]
wiced_wifi_leave        0x0003c383     0x50  Code  Gb  wwd_wifi.o [6]
wiced_wifi_prepare_join
                        0x0003c009    0x37a  Code  Lc  wwd_wifi.o [6]
wiced_wifi_register_multicast_address
                        0x0003c713     0xcc  Code  Gb  wwd_wifi.o [6]
wiced_wifi_remove_packet_filter
                        0x0003cb0d     0x2e  Code  Gb  wwd_wifi.o [6]
wiced_wifi_scan         0x0003b98d    0x144  Code  Gb  wwd_wifi.o [6]
wiced_wifi_scan_networks
                        0x00038e41    0x118  Code  Gb  wifi.o [6]
wiced_wifi_set_channel  0x0003ca13      0xc  Code  Gb  wwd_wifi.o [6]
wiced_wifi_set_down     0x0003c9b1     0x20  Code  Gb  wwd_wifi.o [6]
wiced_wifi_set_maxassoc
                        0x0003ccab     0x2c  Code  Gb  wwd_wifi.o [6]
wiced_wifi_set_nmode    0x0003c54d     0x2e  Code  Gb  wwd_wifi.o [6]
wiced_wifi_sleep_flag   0x20022a40      0x4  Data  Lc  wwd_ap.o [6]
wiced_wifi_start_ap     0x00046827    0x316  Code  Gb  wwd_ap.o [6]
wiced_wifi_stop_ap      0x00046b41     0xea  Code  Gb  wwd_ap.o [6]
wiced_wifi_toggle_packet_filter
                        0x0003cb53     0x32  Code  Gb  wwd_wifi.o [6]
wiced_wifi_unregister_multicast_address
                        0x0003c7df     0xec  Code  Gb  wwd_wifi.o [6]
wiced_wlan_status       0x20000088      0xc  Data  Gb  wwd_internal.o [6]
wiced_write_backplane_value
                        0x0004b66d     0x2a  Code  Gb  wwd_bus_protocol.o [6]
wiced_write_register_value
                        0x0004b62d     0x40  Code  Gb  wwd_bus_protocol.o [6]
wiced_write_wifi_firmware_image
                        0x000562ed     0xbe  Code  Gb  wwd_firmware.o [6]
wiced_write_wifi_nvram_image
                        0x000563ab    0x158  Code  Gb  wwd_firmware.o [6]
wifi_firmware_image     0x0000043c  0x31a00  Data  Gb  read_wifi_firmware.o [1]
wifi_nvram_image        0x0005e620    0x30c  Data  Lc  wwd_firmware.o [6]
wifi_power_down         0x00036f87     0x26  Code  Gb  mxchipWNET.o [6]
wifi_power_is_down      0x20019f6c      0x4  Data  Lc  mxchipWNET.o [6]
wifi_reboot_event       0x00035f8d     0x16  Code  Gb  MICONotificationCenter.o [1]
wifi_reboot_only        0x0003a149     0x28  Code  Gb  wifimgr.o [6]
wifi_status_callback    0x00036b01     0x74  Code  Gb  mxchipWNET.o [6]
wifimgr_debug_enabled   0x20019f98      0x4  Data  Gb  wifimgr.o [6]
wifimgr_sem             0x2001a0f4      0x4  Data  Lc  wifimgr.o [6]
wifimgr_thread          0x0003a279     0xc2  Code  Lc  wifimgr.o [6]
wlan_disconnect         0x00039829     0x32  Code  Gb  wifimgr.o [6]
wlan_driver_version     0x00037037      0xa  Code  Gb  mxchipWNET.o [6]
wlan_get_mac_address    0x0003a035      0x8  Code  Gb  wifimgr.o [6]
wlan_init               0x0003a12f     0x1a  Code  Gb  wifimgr.o [6]
wlu_is_wpa_ie           0x0003cc23     0x36  Code  Lc  wwd_wifi.o [6]
wlu_parse_tlvs          0x0003cbfd     0x26  Code  Lc  wwd_wifi.o [6]
worker_thread_main      0x000365e7     0x1c  Code  Lc  wiced_rtos.o [6]
workspace               0x2001b174      0x4  Data  Lc  easylink2.o [6]
wps_running             0x20022d6e      0x1  Data  Lc  wps_host.o [6]
write                   0x00036ea3      0xa  Code  Gb  mxchipWNET.o [6]
write_dmaLoop           0x20016d88     0x2c  Data  Lc  k64_spi.o [1]
wwd_management_set_event_handler
                        0x00046249    0x17a  Code  Gb  SDPCM.o [6]
wwd_wifi_get_channel    0x0003c9d5     0x3e  Code  Gb  wwd_wifi.o [6]
wwd_wifi_set_channel    0x0003ca1f     0x62  Code  Gb  wwd_wifi.o [6]
xActiveTimerList1       0x2002264c     0x14  Data  Lc  ostimers.o [6]
xActiveTimerList2       0x20022660     0x14  Data  Lc  ostimers.o [6]
xDelayedTaskList1       0x20022750     0x14  Data  Lc  tasks.o [6]
xDelayedTaskList2       0x20022764     0x14  Data  Lc  tasks.o [6]
xMissedYield            0x200227dc      0x4  Data  Lc  tasks.o [6]
xNextTaskUnblockTime    0x20000080      0x4  Data  Lc  tasks.o [6]
xNumOfOverflows         0x200227e0      0x4  Data  Lc  tasks.o [6]
xPendingReadyList       0x20022780     0x14  Data  Lc  tasks.o [6]
xPortPendSVHandler      0x00035637           Code  Gb  portasm.o [6]
xPortStartScheduler     0x00035147     0x3c  Code  Gb  port.o [6]
xPortSysTickHandler     0x000351b9     0x1a  Code  Gb  port.o [6]
xQueueCreateCountingSemaphore
                        0x00035a31     0x14  Code  Gb  queue.o [6]
xQueueCreateMutex       0x000359db     0x56  Code  Gb  queue.o [6]
xQueueGenericCreate     0x00035969     0x72  Code  Gb  queue.o [6]
xQueueGenericReceive    0x00035b71    0x14c  Code  Gb  queue.o [6]
xQueueGenericSend       0x00035a45     0xd0  Code  Gb  queue.o [6]
xQueueGenericSendFromISR
                        0x00035b15     0x5c  Code  Gb  queue.o [6]
xSchedulerRunning       0x200227d0      0x4  Data  Lc  tasks.o [6]
xSuspendedTaskList      0x200227ac     0x14  Data  Lc  tasks.o [6]
xTaskCheckForTimeOut    0x00034d6b     0x60  Code  Gb  tasks.o [6]
xTaskGenericCreate      0x000346fd    0x124  Code  Gb  tasks.o [6]
xTaskGetCurrentTaskHandle
                        0x00035003      0x6  Code  Gb  tasks.o [6]
xTaskGetCurrentThread   0x0003493b      0x8  Code  Gb  tasks.o [6]
xTaskGetSchedulerState  0x00035009     0x1c  Code  Gb  tasks.o [6]
xTaskGetTickCount       0x00034ab9     0x14  Code  Gb  tasks.o [6]
xTaskGetTickCountFromISR
                        0x00034acd     0x16  Code  Gb  tasks.o [6]
xTaskIsTaskFinished     0x000348cb     0x70  Code  Gb  tasks.o [6]
xTaskRemoveFromEventList
                        0x00034cf9     0x60  Code  Gb  tasks.o [6]
xTaskResumeAll          0x000349e7     0xd2  Code  Gb  tasks.o [6]
xTasksWaitingTermination
                        0x20022794     0x14  Data  Lc  tasks.o [6]
xTickCount              0x200227c4      0x4  Data  Lc  tasks.o [6]
xTimerCreate            0x000352e9     0x4c  Code  Gb  ostimers.o [6]
xTimerCreateTimerTask   0x000352ad     0x3c  Code  Gb  ostimers.o [6]
xTimerGenericCommand    0x00035335     0x52  Code  Gb  ostimers.o [6]
xTimerQueue             0x2002267c      0x4  Data  Lc  ostimers.o [6]


[1] = C:\Users\Jiaqi\Desktop\Github\MICO-Freescale-k22\src\Build\FRDM_K64F_SPP\Obj
[2] = command line
[3] = dl7M_tlf.a
[4] = ksdk_freertos_lib.a
[5] = m7M_tlv.a
[6] = mxchipWNet_cm4f_spi.a
[7] = rt7M_tl.a
[8] = shb_l.a

  388 648 bytes of readonly  code memory
    5 190 bytes of readonly  data memory
  142 982 bytes of readwrite data memory

Errors: none
Warnings: none
