###############################################################################
#
# IAR ELF Linker V7.40.2.8542/W32 for ARM                 15/Oct/2015  13:34:24
# Copyright 2007-2015 IAR Systems AB.
#
#    Output file  =  
#        C:\Users\b45112\Desktop\MICO-Freescale(20150826_milestone)\MICO-Freescale-k22\src\Build\FRDM_K64F_SPP\Exe\COM.MXCHIP.SPP.out
#    Map file     =  
#        C:\Users\b45112\Desktop\MICO-Freescale(20150826_milestone)\MICO-Freescale-k22\src\Build\FRDM_K64F_SPP\List\COM.MXCHIP.SPP.map
#    Command line =  
#        "C:\Users\b45112\Desktop\MICO-Freescale(20150826_milestone)\MICO-Freescale-k22\src\Build\FRDM_K64F_SPP\Obj\AESUtils.o"
#        "C:\Users\b45112\Desktop\MICO-Freescale(20150826_milestone)\MICO-Freescale-k22\src\Build\FRDM_K64F_SPP\Obj\arraylist.o"
#        "C:\Users\b45112\Desktop\MICO-Freescale(20150826_milestone)\MICO-Freescale-k22\src\Build\FRDM_K64F_SPP\Obj\crt0_IAR.o"
#        "C:\Users\b45112\Desktop\MICO-Freescale(20150826_milestone)\MICO-Freescale-k22\src\Build\FRDM_K64F_SPP\Obj\curve25519-donna.o"
#        "C:\Users\b45112\Desktop\MICO-Freescale(20150826_milestone)\MICO-Freescale-k22\src\Build\FRDM_K64F_SPP\Obj\debug.o"
#        "C:\Users\b45112\Desktop\MICO-Freescale(20150826_milestone)\MICO-Freescale-k22\src\Build\FRDM_K64F_SPP\Obj\define.o"
#        "C:\Users\b45112\Desktop\MICO-Freescale(20150826_milestone)\MICO-Freescale-k22\src\Build\FRDM_K64F_SPP\Obj\EasyLink.o"
#        "C:\Users\b45112\Desktop\MICO-Freescale(20150826_milestone)\MICO-Freescale-k22\src\Build\FRDM_K64F_SPP\Obj\EasyLinkSoftAP.o"
#        "C:\Users\b45112\Desktop\MICO-Freescale(20150826_milestone)\MICO-Freescale-k22\src\Build\FRDM_K64F_SPP\Obj\edma.o"
#        "C:\Users\b45112\Desktop\MICO-Freescale(20150826_milestone)\MICO-Freescale-k22\src\Build\FRDM_K64F_SPP\Obj\enet.o"
#        "C:\Users\b45112\Desktop\MICO-Freescale(20150826_milestone)\MICO-Freescale-k22\src\Build\FRDM_K64F_SPP\Obj\eth_phy.o"
#        "C:\Users\b45112\Desktop\MICO-Freescale(20150826_milestone)\MICO-Freescale-k22\src\Build\FRDM_K64F_SPP\Obj\ethernetif.o"
#        "C:\Users\b45112\Desktop\MICO-Freescale(20150826_milestone)\MICO-Freescale-k22\src\Build\FRDM_K64F_SPP\Obj\flash_kinetis.o"
#        "C:\Users\b45112\Desktop\MICO-Freescale(20150826_milestone)\MICO-Freescale-k22\src\Build\FRDM_K64F_SPP\Obj\flash_kinetisRamFunc.o"
#        "C:\Users\b45112\Desktop\MICO-Freescale(20150826_milestone)\MICO-Freescale-k22\src\Build\FRDM_K64F_SPP\Obj\fsl_debug_console.o"
#        "C:\Users\b45112\Desktop\MICO-Freescale(20150826_milestone)\MICO-Freescale-k22\src\Build\FRDM_K64F_SPP\Obj\fsl_dspi_irq.o"
#        "C:\Users\b45112\Desktop\MICO-Freescale(20150826_milestone)\MICO-Freescale-k22\src\Build\FRDM_K64F_SPP\Obj\fsl_edma_common.o"
#        "C:\Users\b45112\Desktop\MICO-Freescale(20150826_milestone)\MICO-Freescale-k22\src\Build\FRDM_K64F_SPP\Obj\fsl_edma_driver.o"
#        "C:\Users\b45112\Desktop\MICO-Freescale(20150826_milestone)\MICO-Freescale-k22\src\Build\FRDM_K64F_SPP\Obj\fsl_edma_irq.o"
#        "C:\Users\b45112\Desktop\MICO-Freescale(20150826_milestone)\MICO-Freescale-k22\src\Build\FRDM_K64F_SPP\Obj\fsl_rtc_irq.o"
#        "C:\Users\b45112\Desktop\MICO-Freescale(20150826_milestone)\MICO-Freescale-k22\src\Build\FRDM_K64F_SPP\Obj\fsl_uart_common.o"
#        "C:\Users\b45112\Desktop\MICO-Freescale(20150826_milestone)\MICO-Freescale-k22\src\Build\FRDM_K64F_SPP\Obj\fsl_uart_driver.o"
#        "C:\Users\b45112\Desktop\MICO-Freescale(20150826_milestone)\MICO-Freescale-k22\src\Build\FRDM_K64F_SPP\Obj\fsl_uart_edma_driver.o"
#        "C:\Users\b45112\Desktop\MICO-Freescale(20150826_milestone)\MICO-Freescale-k22\src\Build\FRDM_K64F_SPP\Obj\fsl_uart_hal.o"
#        "C:\Users\b45112\Desktop\MICO-Freescale(20150826_milestone)\MICO-Freescale-k22\src\Build\FRDM_K64F_SPP\Obj\fsl_uart_irq.o"
#        "C:\Users\b45112\Desktop\MICO-Freescale(20150826_milestone)\MICO-Freescale-k22\src\Build\FRDM_K64F_SPP\Obj\gpio_pins.o"
#        "C:\Users\b45112\Desktop\MICO-Freescale(20150826_milestone)\MICO-Freescale-k22\src\Build\FRDM_K64F_SPP\Obj\hardware_init.o"
#        "C:\Users\b45112\Desktop\MICO-Freescale(20150826_milestone)\MICO-Freescale-k22\src\Build\FRDM_K64F_SPP\Obj\hkdf.o"
#        "C:\Users\b45112\Desktop\MICO-Freescale(20150826_milestone)\MICO-Freescale-k22\src\Build\FRDM_K64F_SPP\Obj\hmac.o"
#        "C:\Users\b45112\Desktop\MICO-Freescale(20150826_milestone)\MICO-Freescale-k22\src\Build\FRDM_K64F_SPP\Obj\HomeProtocolParse.o"
#        "C:\Users\b45112\Desktop\MICO-Freescale(20150826_milestone)\MICO-Freescale-k22\src\Build\FRDM_K64F_SPP\Obj\HTTPUtils.o"
#        "C:\Users\b45112\Desktop\MICO-Freescale(20150826_milestone)\MICO-Freescale-k22\src\Build\FRDM_K64F_SPP\Obj\json_object.o"
#        "C:\Users\b45112\Desktop\MICO-Freescale(20150826_milestone)\MICO-Freescale-k22\src\Build\FRDM_K64F_SPP\Obj\json_tokener.o"
#        "C:\Users\b45112\Desktop\MICO-Freescale(20150826_milestone)\MICO-Freescale-k22\src\Build\FRDM_K64F_SPP\Obj\json_util.o"
#        "C:\Users\b45112\Desktop\MICO-Freescale(20150826_milestone)\MICO-Freescale-k22\src\Build\FRDM_K64F_SPP\Obj\k64_gpio.o"
#        "C:\Users\b45112\Desktop\MICO-Freescale(20150826_milestone)\MICO-Freescale-k22\src\Build\FRDM_K64F_SPP\Obj\k64_spi.o"
#        "C:\Users\b45112\Desktop\MICO-Freescale(20150826_milestone)\MICO-Freescale-k22\src\Platform\vendor\Freescale\MK64FxxL12\ksdk_freertos_lib.a"
#        "C:\Users\b45112\Desktop\MICO-Freescale(20150826_milestone)\MICO-Freescale-k22\src\Build\FRDM_K64F_SPP\Obj\ksdk_platform.o"
#        "C:\Users\b45112\Desktop\MICO-Freescale(20150826_milestone)\MICO-Freescale-k22\src\Build\FRDM_K64F_SPP\Obj\linkhash.o"
#        "C:\Users\b45112\Desktop\MICO-Freescale(20150826_milestone)\MICO-Freescale-k22\src\Build\FRDM_K64F_SPP\Obj\LocalTcpServer.o"
#        "C:\Users\b45112\Desktop\MICO-Freescale(20150826_milestone)\MICO-Freescale-k22\src\Build\FRDM_K64F_SPP\Obj\MDNSUtils.o"
#        "C:\Users\b45112\Desktop\MICO-Freescale(20150826_milestone)\MICO-Freescale-k22\src\Build\FRDM_K64F_SPP\Obj\mem_tools.o"
#        "C:\Users\b45112\Desktop\MICO-Freescale(20150826_milestone)\MICO-Freescale-k22\src\Build\FRDM_K64F_SPP\Obj\MICOAppEntrance.o"
#        "C:\Users\b45112\Desktop\MICO-Freescale(20150826_milestone)\MICO-Freescale-k22\src\Build\FRDM_K64F_SPP\Obj\MICOBonjour.o"
#        "C:\Users\b45112\Desktop\MICO-Freescale(20150826_milestone)\MICO-Freescale-k22\src\Build\FRDM_K64F_SPP\Obj\MICOConfig.o"
#        "C:\Users\b45112\Desktop\MICO-Freescale(20150826_milestone)\MICO-Freescale-k22\src\Build\FRDM_K64F_SPP\Obj\MICOConfigDelegate.o"
#        "C:\Users\b45112\Desktop\MICO-Freescale(20150826_milestone)\MICO-Freescale-k22\src\Build\FRDM_K64F_SPP\Obj\MICOConfigMenu.o"
#        "C:\Users\b45112\Desktop\MICO-Freescale(20150826_milestone)\MICO-Freescale-k22\src\Build\FRDM_K64F_SPP\Obj\MICOConfigServer.o"
#        "C:\Users\b45112\Desktop\MICO-Freescale(20150826_milestone)\MICO-Freescale-k22\src\Build\FRDM_K64F_SPP\Obj\MicoDriverAdc.o"
#        "C:\Users\b45112\Desktop\MICO-Freescale(20150826_milestone)\MICO-Freescale-k22\src\Build\FRDM_K64F_SPP\Obj\MicoDriverFlash.o"
#        "C:\Users\b45112\Desktop\MICO-Freescale(20150826_milestone)\MICO-Freescale-k22\src\Build\FRDM_K64F_SPP\Obj\MicoDriverGpio.o"
#        "C:\Users\b45112\Desktop\MICO-Freescale(20150826_milestone)\MICO-Freescale-k22\src\Build\FRDM_K64F_SPP\Obj\MicoDriverI2c.o"
#        "C:\Users\b45112\Desktop\MICO-Freescale(20150826_milestone)\MICO-Freescale-k22\src\Platform\Common\Drivers\MicoDriverMFiAuth.a"
#        "C:\Users\b45112\Desktop\MICO-Freescale(20150826_milestone)\MICO-Freescale-k22\src\Build\FRDM_K64F_SPP\Obj\MicoDriverPwm.o"
#        "C:\Users\b45112\Desktop\MICO-Freescale(20150826_milestone)\MICO-Freescale-k22\src\Build\FRDM_K64F_SPP\Obj\MicoDriverRng.o"
#        "C:\Users\b45112\Desktop\MICO-Freescale(20150826_milestone)\MICO-Freescale-k22\src\Build\FRDM_K64F_SPP\Obj\MicoDriverRtc.o"
#        "C:\Users\b45112\Desktop\MICO-Freescale(20150826_milestone)\MICO-Freescale-k22\src\Build\FRDM_K64F_SPP\Obj\MicoDriverSpi.o"
#        "C:\Users\b45112\Desktop\MICO-Freescale(20150826_milestone)\MICO-Freescale-k22\src\Build\FRDM_K64F_SPP\Obj\MicoDriverUart.o"
#        "C:\Users\b45112\Desktop\MICO-Freescale(20150826_milestone)\MICO-Freescale-k22\src\Build\FRDM_K64F_SPP\Obj\MicoDriverWdg.o"
#        "C:\Users\b45112\Desktop\MICO-Freescale(20150826_milestone)\MICO-Freescale-k22\src\Build\FRDM_K64F_SPP\Obj\MICOEntrance.o"
#        "C:\Users\b45112\Desktop\MICO-Freescale(20150826_milestone)\MICO-Freescale-k22\src\Build\FRDM_K64F_SPP\Obj\MICONotificationCenter.o"
#        "C:\Users\b45112\Desktop\MICO-Freescale(20150826_milestone)\MICO-Freescale-k22\src\Build\FRDM_K64F_SPP\Obj\MICONTPClient.o"
#        "C:\Users\b45112\Desktop\MICO-Freescale(20150826_milestone)\MICO-Freescale-k22\src\Build\FRDM_K64F_SPP\Obj\MICOParaStorage.o"
#        "C:\Users\b45112\Desktop\MICO-Freescale(20150826_milestone)\MICO-Freescale-k22\src\Build\FRDM_K64F_SPP\Obj\MICOSystemMonitor.o"
#        "C:\Users\b45112\Desktop\MICO-Freescale(20150826_milestone)\MICO-Freescale-k22\src\Build\FRDM_K64F_SPP\Obj\mii.o"
#        "C:\Users\b45112\Desktop\MICO-Freescale(20150826_milestone)\MICO-Freescale-k22\src\Library\mxchipWNet_cm4f_spi.a"
#        "C:\Users\b45112\Desktop\MICO-Freescale(20150826_milestone)\MICO-Freescale-k22\src\Build\FRDM_K64F_SPP\Obj\nbuf.o"
#        "C:\Users\b45112\Desktop\MICO-Freescale(20150826_milestone)\MICO-Freescale-k22\src\Build\FRDM_K64F_SPP\Obj\pin_mux.o"
#        "C:\Users\b45112\Desktop\MICO-Freescale(20150826_milestone)\MICO-Freescale-k22\src\Build\FRDM_K64F_SPP\Obj\platform.o"
#        "C:\Users\b45112\Desktop\MICO-Freescale(20150826_milestone)\MICO-Freescale-k22\src\Build\FRDM_K64F_SPP\Obj\printbuf.o"
#        "C:\Users\b45112\Desktop\MICO-Freescale(20150826_milestone)\MICO-Freescale-k22\src\Build\FRDM_K64F_SPP\Obj\read_wifi_firmware.o"
#        "C:\Users\b45112\Desktop\MICO-Freescale(20150826_milestone)\MICO-Freescale-k22\src\Build\FRDM_K64F_SPP\Obj\RemoteTcpClient.o"
#        "C:\Users\b45112\Desktop\MICO-Freescale(20150826_milestone)\MICO-Freescale-k22\src\Build\FRDM_K64F_SPP\Obj\RingBufferUtils.o"
#        "C:\Users\b45112\Desktop\MICO-Freescale(20150826_milestone)\MICO-Freescale-k22\src\Build\FRDM_K64F_SPP\Obj\SecurityUtils.o"
#        "C:\Users\b45112\Desktop\MICO-Freescale(20150826_milestone)\MICO-Freescale-k22\src\Build\FRDM_K64F_SPP\Obj\sha1.o"
#        "C:\Users\b45112\Desktop\MICO-Freescale(20150826_milestone)\MICO-Freescale-k22\src\Build\FRDM_K64F_SPP\Obj\sha224-256.o"
#        "C:\Users\b45112\Desktop\MICO-Freescale(20150826_milestone)\MICO-Freescale-k22\src\Build\FRDM_K64F_SPP\Obj\sha384-512.o"
#        "C:\Users\b45112\Desktop\MICO-Freescale(20150826_milestone)\MICO-Freescale-k22\src\Build\FRDM_K64F_SPP\Obj\SHAUtils.o"
#        "C:\Users\b45112\Desktop\MICO-Freescale(20150826_milestone)\MICO-Freescale-k22\src\Build\FRDM_K64F_SPP\Obj\SocketUtils.o"
#        "C:\Users\b45112\Desktop\MICO-Freescale(20150826_milestone)\MICO-Freescale-k22\src\Build\FRDM_K64F_SPP\Obj\SparkLight.o"
#        "C:\Users\b45112\Desktop\MICO-Freescale(20150826_milestone)\MICO-Freescale-k22\src\Build\FRDM_K64F_SPP\Obj\SppProtocol.o"
#        "C:\Users\b45112\Desktop\MICO-Freescale(20150826_milestone)\MICO-Freescale-k22\src\Build\FRDM_K64F_SPP\Obj\startup.o"
#        "C:\Users\b45112\Desktop\MICO-Freescale(20150826_milestone)\MICO-Freescale-k22\src\Build\FRDM_K64F_SPP\Obj\startup_MK64F12.o"
#        "C:\Users\b45112\Desktop\MICO-Freescale(20150826_milestone)\MICO-Freescale-k22\src\Build\FRDM_K64F_SPP\Obj\StringUtils.o"
#        "C:\Users\b45112\Desktop\MICO-Freescale(20150826_milestone)\MICO-Freescale-k22\src\Build\FRDM_K64F_SPP\Obj\system_MK64F12.o"
#        "C:\Users\b45112\Desktop\MICO-Freescale(20150826_milestone)\MICO-Freescale-k22\src\Build\FRDM_K64F_SPP\Obj\TimeUtils.o"
#        "C:\Users\b45112\Desktop\MICO-Freescale(20150826_milestone)\MICO-Freescale-k22\src\Build\FRDM_K64F_SPP\Obj\TLVUtils.o"
#        "C:\Users\b45112\Desktop\MICO-Freescale(20150826_milestone)\MICO-Freescale-k22\src\Build\FRDM_K64F_SPP\Obj\UartRecv.o"
#        "C:\Users\b45112\Desktop\MICO-Freescale(20150826_milestone)\MICO-Freescale-k22\src\Build\FRDM_K64F_SPP\Obj\URLUtils.o"
#        "C:\Users\b45112\Desktop\MICO-Freescale(20150826_milestone)\MICO-Freescale-k22\src\Build\FRDM_K64F_SPP\Obj\usha.o"
#        "C:\Users\b45112\Desktop\MICO-Freescale(20150826_milestone)\MICO-Freescale-k22\src\Build\FRDM_K64F_SPP\Obj\wlan_platform.o"
#        "C:\Users\b45112\Desktop\MICO-Freescale(20150826_milestone)\MICO-Freescale-k22\src\Build\FRDM_K64F_SPP\Obj\WPS.o"
#        "C:\Users\b45112\Desktop\MICO-Freescale(20150826_milestone)\MICO-Freescale-k22\src\Build\FRDM_K64F_SPP\Obj\wwd_bus.o"
#        --redirect _Printf=_PrintfFull --redirect _Scanf=_ScanfFull -o
#        "C:\Users\b45112\Desktop\MICO-Freescale(20150826_milestone)\MICO-Freescale-k22\src\Build\FRDM_K64F_SPP\Exe\COM.MXCHIP.SPP.out"
#        --map
#        "C:\Users\b45112\Desktop\MICO-Freescale(20150826_milestone)\MICO-Freescale-k22\src\Build\FRDM_K64F_SPP\List\COM.MXCHIP.SPP.map"
#        --config
#        "C:\Users\b45112\Desktop\MICO-Freescale(20150826_milestone)\MICO-Freescale-k22\src\Projects\COM.MXCHIP.SPP\EWARM\..\..\..\Platform\BoardConfig\FRDM_K64\K64FN1Mxxx12_flash.icf"
#        --semihosting --entry __iar_program_start --vfe --threaded_lib
#
###############################################################################

*******************************************************************************
*** RUNTIME MODEL ATTRIBUTES
***

CppFlavor                     = *
__Heap_Handler                = DLMalloc
__SystemLibrary               = DLib
__dlib_dynamic_initialization = normal


*******************************************************************************
*** PLACEMENT SUMMARY
***

"A1":  place at 0x00000000 { ro section .intvec };
"P1":  place in [from 0x0000a400 to 0x0000a40f] { section FlashConfig };
"P2":  place in [from 0x00000000 to 0x000003ff] |
                [from 0x0000a410 to 0x000fffff] { ro };
"P3":  place in [from 0x1fff0400 to 0x1fffffff] |
                [from 0x20000000 to 0x2002feff] { rw, block CSTACK, block HEAP };
"P4":  place in [from 0x1fff0400 to 0x1fffffff] |
                [from 0x20000000 to 0x2002feff] { zi };
"P6":  place in [from 0x2002ff00 to 0x2002ffff] { section codeRam };

  Section              Kind        Address     Size  Object
  -------              ----        -------     ----  ------
"A1":                                         0x400
  .intvec                       0x00000000    0x400  <Block>
    .intvec            ro code  0x00000000    0x400  startup_MK64F12.o [1]
                              - 0x00000400    0x400

"P1":                                          0x10
  FlashConfig          ro code  0x0000a400     0x10  startup_MK64F12.o [1]
                              - 0x0000a410     0x10

"P2":                                       0x65109
  .text                ro code  0x0000a410  0x31a2c  read_wifi_firmware.o [1]
  .text                ro code  0x0003be3c     0x76  ABImemcpy_unaligned.o [7]
  .text                ro code  0x0003beb2     0x22  zero_init3.o [7]
  .text                ro code  0x0003bed4   0x2874  smart_config.o [6]
  .text                ro code  0x0003e748     0x66  ABImemset.o [7]
  .text                ro code  0x0003e7ae     0x1e  xsscin.o [3]
  .text                ro code  0x0003e7cc     0x62  memcmp_unaligned.o [7]
  .text                ro code  0x0003e82e     0x1a  xsnprout.o [3]
  .text                ro code  0x0003e848    0x7a0  mxchipWNET.o [6]
  .text                ro code  0x0003efe8    0x434  MICONotificationCenter.o [1]
  .text                ro code  0x0003f41c     0x44  snprintf.o [3]
  .text                ro code  0x0003f460   0x146c  wwd_wifi.o [6]
  .text                ro code  0x000408cc   0x19dc  wifimgr.o [6]
  .text                ro code  0x000422a8     0x6c  strncpy_unaligned.o [7]
  .text                ro code  0x00042314     0x36  strlen.o [7]
  .text                ro code  0x0004234a      0xa  xsprout.o [3]
  .text                ro code  0x00042354    0x42c  wiced_network.o [6]
  .text                ro code  0x00042780    0x5c2  wiced_rtos.o [6]
  .rodata              const    0x00042d42      0x2  wwd_bus_protocol.o [6]
  .text                ro code  0x00042d44    0xa58  tasks.o [6]
  .text                ro code  0x0004379c     0xc0  wifi.o [6]
  .text                ro code  0x0004385c   0x2590  dlmalloc.o [6]
  .text                ro code  0x00045dec     0xe0  arc4.o [6]
  .text                ro code  0x00045ecc     0xb0  wwd_buffer.o [6]
  .text                ro code  0x00045f7c     0x34  sprintf.o [3]
  .text                ro code  0x00045fb0    0x3a0  tcpip.o [6]
  .text                ro code  0x00046350    0x684  dns.o [6]
  .text                ro code  0x000469d4    0x130  wwd_rtos.o [6]
  .text                ro code  0x00046b04     0x20  srand.o [3]
  .text                ro code  0x00046b24    0xe04  tcp.o [6]
  .text                ro code  0x00047928    0x248  ip_addr.o [6]
  .text                ro code  0x00047b70     0x36  def.o [6]
  .text                ro code  0x00047ba6      0x2  startup_MK64F12.o [1]
  .text                ro code  0x00047ba8   0x147c  sockets.o [6]
  .text                ro code  0x00049024     0x42  strcmp_unaligned.o [7]
  .text                ro code  0x00049066      0x2  startup_MK64F12.o [1]
  .text                ro code  0x00049068     0x44  strcpy_unaligned.o [7]
  .text                ro code  0x000490ac    0x244  wwd_management.o [6]
  .text                ro code  0x000492f0     0x24  printf.o [3]
  .text                ro code  0x00049314   0x1156  xprintffull.o [3]
  .text                ro code  0x0004a46a      0x2  startup_MK64F12.o [1]
  .text                ro code  0x0004a46c    0xc00  SDPCM.o [6]
  .text                ro code  0x0004b06c    0x4ec  pbuf.o [6]
  .text                ro code  0x0004b558    0x4d0  ip.o [6]
  .text                ro code  0x0004ba28     0x30  aes_wrap.o [6]
  .text                ro code  0x0004ba58    0x1ec  dns_redirect.o [6]
  .text                ro code  0x0004bc44    0x492  wwd_ap.o [6]
  .text                ro code  0x0004c0d6      0x2  startup_MK64F12.o [1]
  .text                ro code  0x0004c0d8     0x64  dnsclient.o [6]
  .text                ro code  0x0004c13c     0x2a  strncmp.o [3]
  .text                ro code  0x0004c166      0x2  startup_MK64F12.o [1]
  .text                ro code  0x0004c168      0x8  mftest.o [6]
  .text                ro code  0x0004c170    0x8d8  etharp.o [6]
  .text                ro code  0x0004ca48    0x508  queue.o [6]
  .text                ro code  0x0004cf50    0x2e0  lwiptcpip.o [6]
  .text                ro code  0x0004d230    0x358  netif.o [6]
  .text                ro code  0x0004d588    0xf20  dhcp.o [6]
  .text                ro code  0x0004e4a8     0x28  sys.o [6]
  .text                ro code  0x0004e4d0    0x568  igmp.o [6]
  .text                ro code  0x0004ea38    0x650  dhcp_server.o [6]
  .text                ro code  0x0004f088     0x48  netifapi.o [6]
  .text                ro code  0x0004f0d0     0x5c  ksdk_platform.o [1]
  .text                ro code  0x0004f12c    0x324  platform.o [1]
  .text                ro code  0x0004f450   0x1258  MICOEntrance.o [1]
  .text                ro code  0x000506a8     0x44  wlan_platform.o [1]
  .text                ro code  0x000506ec     0xec  port.o [6]
  .text                ro code  0x000507d8    0x370  ostimers.o [6]
  .text                ro code  0x00050b48     0x9a  list.o [6]
  .text                ro code  0x00050be2      0x2  startup_MK64F12.o [1]
  CODE                 ro code  0x00050be4     0xa8  portasm.o [6]
  .text                ro code  0x00050c8c     0x38  heap_3.o [6]
  .text                ro code  0x00050cc4      0x6  abort.o [3]
  .rodata              const    0x00050cca      0x1  smart_config.o [6]
  .rodata              const    0x00050ccb      0x1  smart_config.o [6]
  .text                ro code  0x00050ccc      0x6  ABImemclr4.o [7]
  .text                ro code  0x00050cd2     0x20  xsyslock.o [3]
  .rodata              const    0x00050cf2      0x1  smart_config.o [6]
  .rodata              const    0x00050cf3      0x1  smart_config.o [6]
  .text                ro code  0x00050cf4     0x2c  xgetmemchunk.o [3]
  .text                ro code  0x00050d20     0xda  netbuf.o [6]
  .text                ro code  0x00050dfc    0x588  api_lib.o [6]
  .text                ro code  0x00051384    0x66c  udp.o [6]
  .text                ro code  0x000519f0      0x2  xtls.o [3]
  .text                ro code  0x000519f4    0xcc2  tcp_out.o [6]
  .text                ro code  0x000526b8    0x300  lwiptimers.o [6]
  .text                ro code  0x000529b8     0xcc  memp.o [6]
  .text                ro code  0x00052a84     0xe0  rand.o [3]
  .text                ro code  0x00052b64    0x2a0  sys_arch.o [6]
  .text                ro code  0x00052e04     0xe4  wwd_bus.o [1]
  .text                ro code  0x00052ee8    0x6f4  wwd_bus_protocol.o [6]
  .text                ro code  0x000535dc    0x248  wwd_thread.o [6]
  .text                ro code  0x00053824     0x20  xmbtowc.o [3]
  .text                ro code  0x00053844     0x16  strchr.o [7]
  .text                ro code  0x0005385c     0x58  memchr.o [7]
  .text                ro code  0x000538b4      0xa  xmbcurmax.o [3]
  .text                ro code  0x000538be     0x1a  xwctomb.o [3]
  .text                ro code  0x000538d8     0xee  I64DivMod.o [7]
  .text                ro code  0x000539c6     0x42  xdnorm.o [5]
  .text                ro code  0x00053a08     0x2e  DblCmpLe.o [5]
  .text                ro code  0x00053a38     0x2e  DblCmpGe.o [5]
  .text                ro code  0x00053a68    0x118  xdscale.o [5]
  .text                ro code  0x00053b80     0x58  DblToI32.o [5]
  .text                ro code  0x00053bd8     0x30  I32ToDbl.o [5]
  .text                ro code  0x00053c08    0x180  DblSub.o [5]
  .text                ro code  0x00053d88    0x1a2  DblMul.o [5]
  .text                ro code  0x00053f2c    0x256  DblDiv.o [5]
  .text                ro code  0x00054184     0x6c  localeconv.o [3]
  .text                ro code  0x000541f0      0xe  div.o [3]
  .text                ro code  0x00054200    0x17c  wwd_network.o [6]
  .text                ro code  0x0005437c     0x78  ABImemmove_unaligned.o [7]
  .text                ro code  0x000543f4    0x170  inet_chksum.o [6]
  .text                ro code  0x00054564    0x1cc  raw.o [6]
  .text                ro code  0x00054730   0x13cc  tcp_in.o [6]
  .text                ro code  0x00055afc    0x184  icmp.o [6]
  .text                ro code  0x00055c80    0xb62  aes.o [6]
  .text                ro code  0x000567e2     0x20  init.o [6]
  .text                ro code  0x00056804     0x8c  wiced_lib.o [6]
  .text                ro code  0x00056890     0xf2  hardware_init.o [1]
  .text                ro code  0x00056984     0x24  ABIassert.o [8]
  .text                ro code  0x000569a8    0x1d0  MicoDriverGpio.o [1]
  .text                ro code  0x00056b78     0x18  strrchr.o [3]
  .text                ro code  0x00056b90    0x3d4  fsl_gpio_driver.o [4]
  .text                ro code  0x00056f64     0xb8  fsl_os_abstraction_free_rtos.o [4]
  .text                ro code  0x0005701c    0x3dc  MICOParaStorage.o [1]
  .text                ro code  0x000573f8    0x1dc  MICOSystemMonitor.o [1]
  .text                ro code  0x000575d4    0x3c8  mico_ethif.o [6]
  .text                ro code  0x0005799c      0xc  MicoDriverRtc.o [1]
  .text                ro code  0x000579a8     0x2c  asctime.o [3]
  .text                ro code  0x000579d4    0x9e4  StringUtils.o [1]
  .text                ro code  0x000583b8   0x1a3c  EasyLink.o [1]
  .text                ro code  0x00059df4    0xf04  MICOConfigServer.o [1]
  .text                ro code  0x0005acf8    0x530  MICONTPClient.o [1]
  .text                ro code  0x0005b228    0x43c  MICOAppEntrance.o [1]
  .text                ro code  0x0005b664     0x14  exit.o [8]
  .text                ro code  0x0005b678     0x3a  ABImemset48.o [7]
  .text                ro code  0x0005b6b4    0x15c  xsyslock_mtx.o [3]
  .text                ro code  0x0005b810    0xeac  api_msg.o [6]
  .text                ro code  0x0005c6bc    0x2fc  k64_gpio.o [1]
  .text                ro code  0x0005c9b8    0x2e8  k64_spi.o [1]
  .text                ro code  0x0005cca0    0x260  wwd_internal.o [6]
  .text                ro code  0x0005cf00    0x300  wwd_firmware.o [6]
  .text                ro code  0x0005d200     0x54  setlocale.o [3]
  .text                ro code  0x0005d254     0x60  xencoding_sb.o [3]
  .text                ro code  0x0005d2b4      0x2  I64DivZer.o [7]
  .text                ro code  0x0005d2b8     0xe8  DblAdd.o [5]
  .text                ro code  0x0005d3a0     0x4c  wps_host.o [6]
  .text                ro code  0x0005d3ec     0x44  logging.o [6]
  .text                ro code  0x0005d430    0x100  fsl_sim_hal_K64F12.o [4]
  .text                ro code  0x0005d530    0x528  pin_mux.o [1]
  .text                ro code  0x0005da58    0x10a  fsl_debug_console.o [1]
  .text                ro code  0x0005db64     0x70  fsl_gpio_hal.o [4]
  .text                ro code  0x0005dbd4    0x152  MicoDriverFlash.o [1]
  .text                ro code  0x0005dd26      0x6  MicoDriverWdg.o [1]
  .text2               ro code  0x0005dd2c    0x224  ethernetif.o [1]
  .text                ro code  0x0005df50    0x210  ethernetif.o [1]
  .text                ro code  0x0005e160    0x180  xlocale_c.o [3]
  .text                ro code  0x0005e2e0    0x10c  xstrftim.o [3]
  .text                ro code  0x0005e3ec     0x18  toupper.o [3]
  .text                ro code  0x0005e404     0x14  tolower.o [3]
  .text                ro code  0x0005e418     0x28  isxxx.o [3]
  .text                ro code  0x0005e440     0x16  strnlen.o [3]
  .text                ro code  0x0005e458    0xf28  MICOConfigDelegate.o [1]
  .text                ro code  0x0005f380    0x348  SocketUtils.o [1]
  .text                ro code  0x0005f6c8    0x600  json_object.o [1]
  .text                ro code  0x0005fcc8   0x13e0  HTTPUtils.o [1]
  .text                ro code  0x000610a8    0xe00  EasyLinkSoftAP.o [1]
  .text                ro code  0x00061ea8     0xb6  localtim.o [3]
  .text                ro code  0x00061f60    0x174  SppProtocol.o [1]
  .text                ro code  0x000620d4    0x478  MICOBonjour.o [1]
  .text                ro code  0x0006254c      0xe  RingBufferUtils.o [1]
  .text                ro code  0x0006255c    0x328  MicoDriverUart.o [1]
  .text                ro code  0x00062884     0x1c  iar_mutex.o [6]
  .text                ro code  0x000628a0     0xcc  mii.o [1]
  .text                ro code  0x0006296c    0x65c  fsl_edma_driver.o [1]
  .text                ro code  0x00062fc8     0x60  edma.o [1]
  .text                ro code  0x00063028     0x18  read_wifi_firmware.o [6]
  .text                ro code  0x00063040    0x12c  fsl_uart_hal.o [1]
  .text                ro code  0x0006316c    0x4d8  fsl_uart_driver.o [1]
  .text                ro code  0x00063644     0x70  flash_kinetis.o [1]
  .text                ro code  0x000636b4     0x9c  enet.o [1]
  .text                ro code  0x00063750    0x846  xgentime.o [3]
  .text                ro code  0x00063f96      0xc  xlocale_c.o [3]
  .text                ro code  0x00063fa2     0x16  xlocale_c.o [3]
  .text                ro code  0x00063fb8     0x14  xlocale_c.o [3]
  .text                ro code  0x00063fcc     0x2c  strstr.o [3]
  .text                ro code  0x00063ff8    0x708  MICOConfigMenu.o [1]
  .text                ro code  0x00064700    0xeac  json_tokener.o [1]
  .text                ro code  0x000655ac    0x136  printbuf.o [1]
  .text                ro code  0x000656e4    0x34c  linkhash.o [1]
  .text                ro code  0x00065a30     0x18  strdup.o [3]
  .text                ro code  0x00065a48     0x20  DblCmpEq.o [5]
  .text                ro code  0x00065a68     0xe4  json_util.o [1]
  .text                ro code  0x00065b4c     0xd4  arraylist.o [1]
  .text                ro code  0x00065c20    0x16c  URLUtils.o [1]
  .text                ro code  0x00065d8c    0xce0  MDNSUtils.o [1]
  .text                ro code  0x00066a6c      0xa  getzone.o [3]
  .text                ro code  0x00066a76     0x42  xgettime.o [3]
  .text                ro code  0x00066ab8     0x88  xstol.o [3]
  .text                ro code  0x00066b40    0x188  xttotm.o [3]
  .text                ro code  0x00066cc8    0x474  fsl_edma_hal.o [4]
  .text                ro code  0x0006713c     0x28  fsl_dmamux_hal.o [4]
  .text                ro code  0x00067164     0x32  fsl_clock_K64F12.o [4]
  .text                ro code  0x00067196     0x4e  strncasecmp.o [3]
  .text                ro code  0x000671e4     0x24  sscanf.o [3]
  .text                ro code  0x00067208     0x3c  vsnprint.o [3]
  .text                ro code  0x00067244     0x2c  vsprintf.o [3]
  .text                ro code  0x00067270     0x18  vprintf.o [3]
  .text                ro code  0x00067288      0x4  exit.o [3]
  .text                ro code  0x0006728c      0xc  errno.o [3]
  .text                ro code  0x00067298      0x6  ABImemclr.o [7]
  .text                ro code  0x000672a0    0x194  xstoul.o [3]
  .text                ro code  0x00067434    0x134  xisdst.o [3]
  .text                ro code  0x00067568    0x160  fsl_clock_manager.o [4]
  .text                ro code  0x000676c8    0xcd0  xscanffull.o [3]
  .text                ro code  0x00068398     0x12  cexit.o [7]
  .text                ro code  0x000683aa    0x164  xgetdst.o [3]
  .text                ro code  0x00068510    0x2b4  fsl_mcg_hal.o [4]
  .text                ro code  0x000687c4     0xb8  fsl_sim_hal.o [4]
  .text                ro code  0x0006887c     0x40  xwctob.o [3]
  .text                ro code  0x000688bc     0xa4  xstoll.o [3]
  .text                ro code  0x00068960    0x1b0  xstoull.o [3]
  .text                ro code  0x00068b10    0x168  xstold.o [5]
  .text                ro code  0x00068c78     0x90  DblToFlt.o [5]
  .text                ro code  0x00068d08     0x58  xcloseall.o [3]
  .text                ro code  0x00068d60    0x124  xstopfx.o [3]
  .text                ro code  0x00068e84    0x1b8  xstoflt.o [3]
  .text                ro code  0x0006903c     0x44  startup_MK64F12.o [1]
  .text                ro code  0x00069080    0x200  xdtento.o [5]
  .text                ro code  0x00069280    0x218  xstoxflt.o [3]
  .text                ro code  0x00069498     0x7a  fclose.o [3]
  .text                ro code  0x00069512     0x56  xdunscal.o [5]
  .text                ro code  0x00069568     0x7c  xfofind.o [3]
  .text                ro code  0x000695e4     0xb0  fflush.o [3]
  .text                ro code  0x00069694     0x1a  close.o [8]
  .text                ro code  0x000696ae     0x16  remove.o [8]
  .text                ro code  0x000696c4     0xe0  XShHandles.o [3]
  .rodata              const    0x000697a4   0x1400  aes.o [6]
  .rodata              const    0x0006aba4   0x1400  aes.o [6]
  .text                ro code  0x0006bfa4    0x72c  LocalTcpServer.o [1]
  .text                ro code  0x0006c6d0     0xd0  HomeProtocolParse.o [1]
  .text                ro code  0x0006c7a0    0x53c  RemoteTcpClient.o [1]
  .text                ro code  0x0006ccdc    0x47c  fsl_dspi_slave_driver.o [4]
  .text                ro code  0x0006d158    0x33c  fsl_dspi_master_driver.o [4]
  .text                ro code  0x0006d494     0x88  fsl_dspi_hal.o [4]
  .rodata              const    0x0006d51c    0x30c  wwd_firmware.o [6]
  .text                ro code  0x0006d828    0x144  UartRecv.o [1]
  .text                ro code  0x0006d96c    0x134  system_MK64F12.o [1]
  .rodata              const    0x0006daa0    0x100  smart_config.o [6]
  .rodata              const    0x0006dba0    0x100  wwd_wifi.o [6]
  .text                ro code  0x0006dca0     0xd6  xfspos.o [3]
  .text                ro code  0x0006dd76      0xc  xfgpos.o [3]
  .text                ro code  0x0006dd82     0x4c  lseek.o [8]
  .text                ro code  0x0006ddce     0xd0  packbits_init.o [7]
  .text                ro code  0x0006de9e     0xb6  xfwprep.o [3]
  .text                ro code  0x0006df54     0x22  fseek.o [3]
  .rodata              const    0x0006df78     0x78  fsl_gpio_driver.o [4]
  .rodata              const    0x0006dff0     0x68  fsl_gpio_driver.o [4]
  .rodata              const    0x0006e058     0x68  fsl_gpio_driver.o [4]
  .text                ro code  0x0006e0c0     0x66  fsl_edma_irq.o [1]
  .text                ro code  0x0006e128     0x5c  fsl_dspi_shared_function.o [4]
  .rodata              const    0x0006e184     0x58  smart_config.o [6]
  .text                ro code  0x0006e1dc     0x58  startup.o [1]
  .text                ro code  0x0006e234     0x56  fputc.o [3]
  .rodata              const    0x0006e28c     0x50  fsl_dspi_shared_function.o [4]
  .rodata              const    0x0006e2dc     0x48  fsl_os_abstraction_free_rtos.o [4]
  .rodata              const    0x0006e324     0x40  sockets.o [6]
  .text                ro code  0x0006e364     0x40  flash_kinetisRamFunc.o [1]
  .rodata              const    0x0006e3a4     0x3c  fsl_edma_hal.o [4]
  .rodata              const    0x0006e3e0     0x3c  fsl_edma_hal.o [4]
  .rodata              const    0x0006e41c     0x3c  fsl_gpio_hal.o [4]
  .rodata              const    0x0006e458     0x38  platform.o [1]
  .rodata              const    0x0006e490     0x38  wifimgr.o [6]
  .rodata              const    0x0006e4c8     0x38  wifimgr.o [6]
  .rodata              const    0x0006e500     0x38  fsl_sim_hal.o [4]
  .rodata              const    0x0006e538     0x34  smart_config.o [6]
  .rodata              const    0x0006e56c     0x30  gpio_pins.o [1]
  .rodata              const    0x0006e59c     0x30  aes.o [6]
  .rodata              const    0x0006e5cc     0x30  wifimgr.o [6]
  .rodata              const    0x0006e5fc     0x2c  wifimgr.o [6]
  .rodata              const    0x0006e628     0x2c  wifimgr.o [6]
  .rodata              const    0x0006e654     0x2c  fsl_edma_hal.o [4]
  .rodata              const    0x0006e680     0x2c  fsl_gpio_driver.o [4]
  .rodata              const    0x0006e6ac     0x28  aes.o [6]
  .rodata              const    0x0006e6d4     0x28  wifimgr.o [6]
  .rodata              const    0x0006e6fc     0x28  wifimgr.o [6]
  .rodata              const    0x0006e724     0x28  smart_config.o [6]
  .text                ro code  0x0006e74c     0x28  data_init.o [7]
  .rodata              const    0x0006e774     0x24  json_object.o [1]
  .rodata              const    0x0006e798     0x24  fsl_dspi_shared_function.o [4]
  .rodata              const    0x0006e7bc     0x24  smart_config.o [6]
  .rodata              const    0x0006e7e0     0x24  smart_config.o [6]
  .rodata              const    0x0006e804     0x24  dhcp_server.o [6]
  .text                ro code  0x0006e828     0x24  fsl_uart_irq.o [1]
  .text                ro code  0x0006e84c     0x22  fpinit_M.o [5]
  .iar.init_table      const    0x0006e870     0x5c  - Linker created -
  .rodata              const    0x0006e8cc     0x20  wifimgr.o [6]
  .rodata              const    0x0006e8ec     0x20  wifimgr.o [6]
  .rodata              const    0x0006e90c     0x20  wifimgr.o [6]
  .rodata              const    0x0006e92c     0x20  smart_config.o [6]
  .rodata              const    0x0006e94c     0x20  memp.o [6]
  .rodata              const    0x0006e96c     0x20  memp.o [6]
  .rodata              const    0x0006e98c     0x20  fsl_sim_hal.o [4]
  .rodata              const    0x0006e9ac     0x20  dhcp_server.o [6]
  .text                ro code  0x0006e9cc     0x20  cmain_call_ctors.o [7]
  .text                ro code  0x0006e9ec     0x18  cppinit.o [3]
  .rodata              const    0x0006ea04     0x1c  mxchipWNET.o [6]
  .rodata              const    0x0006ea20     0x1c  wifimgr.o [6]
  .rodata              const    0x0006ea3c     0x1c  wifimgr.o [6]
  .rodata              const    0x0006ea58     0x1c  wifimgr.o [6]
  .rodata              const    0x0006ea74     0x1c  smart_config.o [6]
  .rodata              const    0x0006ea90     0x1c  smart_config.o [6]
  .rodata              const    0x0006eaac     0x1c  smart_config.o [6]
  .rodata              const    0x0006eac8     0x1c  smart_config.o [6]
  .rodata              const    0x0006eae4     0x1c  wwd_wifi.o [6]
  .text                ro code  0x0006eb00     0x1c  crt0_IAR.o [1]
  .text                ro code  0x0006eb1c     0x1a  cmain.o [7]
  .rodata              const    0x0006eb38     0x19  fsl_edma_common.o [1]
  .rodata              const    0x0006eb54     0x18  fsl_uart_common.o [1]
  .rodata              const    0x0006eb6c     0x18  wifimgr.o [6]
  .rodata              const    0x0006eb84     0x18  wifimgr.o [6]
  .rodata              const    0x0006eb9c     0x18  smart_config.o [6]
  .rodata              const    0x0006ebb4     0x18  smart_config.o [6]
  .rodata              const    0x0006ebcc     0x18  smart_config.o [6]
  .rodata              const    0x0006ebe4     0x18  smart_config.o [6]
  .rodata              const    0x0006ebfc     0x18  smart_config.o [6]
  .rodata              const    0x0006ec14     0x18  smart_config.o [6]
  .rodata              const    0x0006ec2c     0x18  smart_config.o [6]
  .rodata              const    0x0006ec44     0x18  smart_config.o [6]
  .rodata              const    0x0006ec5c     0x18  smart_config.o [6]
  .text                ro code  0x0006ec74     0x16  xprout.o [3]
  .text                ro code  0x0006ec8c      0xc  putchar.o [3]
  .rodata              const    0x0006ec98     0x14  wifimgr.o [6]
  .rodata              const    0x0006ecac     0x14  wifimgr.o [6]
  .rodata              const    0x0006ecc0     0x14  wifimgr.o [6]
  .rodata              const    0x0006ecd4     0x14  wifimgr.o [6]
  .rodata              const    0x0006ece8     0x14  wifimgr.o [6]
  .rodata              const    0x0006ecfc     0x14  wifimgr.o [6]
  .rodata              const    0x0006ed10     0x14  wifimgr.o [6]
  .rodata              const    0x0006ed24     0x14  fsl_sim_hal_K64F12.o [4]
  .rodata              const    0x0006ed38     0x14  smart_config.o [6]
  .rodata              const    0x0006ed4c     0x14  smart_config.o [6]
  .rodata              const    0x0006ed60     0x14  smart_config.o [6]
  .rodata              const    0x0006ed74     0x14  smart_config.o [6]
  .rodata              const    0x0006ed88     0x14  smart_config.o [6]
  .rodata              const    0x0006ed9c     0x14  aes_wrap.o [6]
  .rodata              const    0x0006edb0     0x14  wwd_wifi.o [6]
  .rodata              const    0x0006edc4     0x14  wwd_wifi.o [6]
  .rodata              const    0x0006edd8     0x14  SDPCM.o [6]
  .rodata              const    0x0006edec     0x14  tasks.o [6]
  .rodata              const    0x0006ee00     0x14  wiced_network.o [6]
  .rodata              const    0x0006ee14     0x14  fsl_gpio_common.o [4]
  .rodata              const    0x0006ee28     0x14  fsl_gpio_common.o [4]
  .text                ro code  0x0006ee3c     0x12  fsl_dspi_irq.o [1]
  .rodata              const    0x0006ee50     0x10  mxchipWNET.o [6]
  .rodata              const    0x0006ee60     0x10  mxchipWNET.o [6]
  .rodata              const    0x0006ee70     0x10  wiced_rtos.o [6]
  .rodata              const    0x0006ee80     0x10  wiced_rtos.o [6]
  .rodata              const    0x0006ee90     0x10  wifimgr.o [6]
  .rodata              const    0x0006eea0     0x10  wifimgr.o [6]
  .rodata              const    0x0006eeb0     0x10  wifimgr.o [6]
  .rodata              const    0x0006eec0     0x10  wifimgr.o [6]
  .rodata              const    0x0006eed0     0x10  wifimgr.o [6]
  .rodata              const    0x0006eee0     0x10  wifimgr.o [6]
  .rodata              const    0x0006eef0     0x10  wifimgr.o [6]
  .rodata              const    0x0006ef00     0x10  wifimgr.o [6]
  .rodata              const    0x0006ef10     0x10  wifimgr.o [6]
  .rodata              const    0x0006ef20     0x10  fsl_gpio_driver.o [4]
  .rodata              const    0x0006ef30     0x10  smart_config.o [6]
  .rodata              const    0x0006ef40     0x10  smart_config.o [6]
  .rodata              const    0x0006ef50     0x10  smart_config.o [6]
  .rodata              const    0x0006ef60     0x10  smart_config.o [6]
  .rodata              const    0x0006ef70     0x10  smart_config.o [6]
  .rodata              const    0x0006ef80     0x10  smart_config.o [6]
  .rodata              const    0x0006ef90     0x10  smart_config.o [6]
  .rodata              const    0x0006efa0     0x10  smart_config.o [6]
  .rodata              const    0x0006efb0     0x10  smart_config.o [6]
  .rodata              const    0x0006efc0     0x10  dns.o [6]
  .rodata              const    0x0006efd0     0x10  tcp.o [6]
  .rodata              const    0x0006efe0     0x10  wwd_wifi.o [6]
  .rodata              const    0x0006eff0     0x10  wwd_wifi.o [6]
  .rodata              const    0x0006f000     0x10  wwd_wifi.o [6]
  .rodata              const    0x0006f010     0x10  wwd_wifi.o [6]
  .rodata              const    0x0006f020     0x10  wwd_ap.o [6]
  .rodata              const    0x0006f030     0x10  lwiptcpip.o [6]
  .rodata              const    0x0006f040      0xc  wiced_rtos.o [6]
  .rodata              const    0x0006f04c      0xc  wifimgr.o [6]
  .rodata              const    0x0006f058      0xc  wifimgr.o [6]
  .rodata              const    0x0006f064      0xc  wifimgr.o [6]
  .rodata              const    0x0006f070      0xc  wifimgr.o [6]
  .rodata              const    0x0006f07c      0xc  wifimgr.o [6]
  .rodata              const    0x0006f088      0xc  wifimgr.o [6]
  .rodata              const    0x0006f094      0xc  wifimgr.o [6]
  .rodata              const    0x0006f0a0      0xc  fsl_edma_hal.o [4]
  .rodata              const    0x0006f0ac      0xc  fsl_gpio_driver.o [4]
  .rodata              const    0x0006f0b8      0xc  fsl_gpio_driver.o [4]
  .rodata              const    0x0006f0c4      0xc  wwd_thread.o [6]
  .rodata              const    0x0006f0d0      0xc  smart_config.o [6]
  .rodata              const    0x0006f0dc      0xc  smart_config.o [6]
  .rodata              const    0x0006f0e8      0xc  smart_config.o [6]
  .rodata              const    0x0006f0f4      0xc  smart_config.o [6]
  .rodata              const    0x0006f100      0xc  smart_config.o [6]
  .rodata              const    0x0006f10c      0xc  smart_config.o [6]
  .rodata              const    0x0006f118      0xc  smart_config.o [6]
  .rodata              const    0x0006f124      0xc  smart_config.o [6]
  .rodata              const    0x0006f130      0xc  smart_config.o [6]
  .rodata              const    0x0006f13c      0xc  smart_config.o [6]
  .rodata              const    0x0006f148      0xc  smart_config.o [6]
  .rodata              const    0x0006f154      0xc  smart_config.o [6]
  .rodata              const    0x0006f160      0xc  smart_config.o [6]
  .rodata              const    0x0006f16c      0xc  smart_config.o [6]
  .rodata              const    0x0006f178      0xc  smart_config.o [6]
  .rodata              const    0x0006f184      0xc  smart_config.o [6]
  .rodata              const    0x0006f190      0xc  smart_config.o [6]
  .rodata              const    0x0006f19c      0xc  smart_config.o [6]
  .rodata              const    0x0006f1a8      0xc  smart_config.o [6]
  .rodata              const    0x0006f1b4      0xc  smart_config.o [6]
  .rodata              const    0x0006f1c0      0xc  smart_config.o [6]
  .rodata              const    0x0006f1cc      0xc  smart_config.o [6]
  .rodata              const    0x0006f1d8      0xc  smart_config.o [6]
  .rodata              const    0x0006f1e4      0xc  smart_config.o [6]
  .rodata              const    0x0006f1f0      0xc  smart_config.o [6]
  .rodata              const    0x0006f1fc      0xc  smart_config.o [6]
  .rodata              const    0x0006f208      0xc  smart_config.o [6]
  .rodata              const    0x0006f214      0xc  dns.o [6]
  .rodata              const    0x0006f220      0xc  wwd_wifi.o [6]
  .rodata              const    0x0006f22c      0xc  wwd_wifi.o [6]
  .rodata              const    0x0006f238      0xc  wwd_wifi.o [6]
  .rodata              const    0x0006f244      0xc  wwd_wifi.o [6]
  .rodata              const    0x0006f250      0xc  wwd_management.o [6]
  .rodata              const    0x0006f25c      0xc  wwd_management.o [6]
  .rodata              const    0x0006f268      0xc  dns_redirect.o [6]
  .rodata              const    0x0006f274      0xc  dns_redirect.o [6]
  .rodata              const    0x0006f280      0xc  wwd_ap.o [6]
  .rodata              const    0x0006f28c      0xc  wwd_ap.o [6]
  .rodata              const    0x0006f298      0xc  wwd_ap.o [6]
  .rodata              const    0x0006f2a4      0xc  fsl_dspi_common.o [4]
  .rodata              const    0x0006f2b0      0xc  fsl_gpio_hal.o [4]
  .rodata              const    0x0006f2bc      0xc  wwd_internal.o [6]
  .rodata              const    0x0006f2c8      0xc  dhcp_server.o [6]
  .rodata              const    0x0006f2d4      0xc  wiced_lib.o [6]
  .text                ro code  0x0006f2e0      0xc  fsl_rtc_irq.o [1]
  .text                ro code  0x0006f2ec      0xc  cstartup_M.o [7]
  .rodata              const    0x0006f2f8      0x8  MICOConfig.o [1]
  .rodata              const    0x0006f300      0x8  wifimgr.o [6]
  .rodata              const    0x0006f308      0x8  mico_ethif.o [6]
  .rodata              const    0x0006f310      0x8  mico_ethif.o [6]
  .rodata              const    0x0006f318      0x8  fsl_edma_hal.o [4]
  .rodata              const    0x0006f320      0x8  fsl_os_abstraction_free_rtos.o [4]
  .rodata              const    0x0006f328      0x8  smart_config.o [6]
  .rodata              const    0x0006f330      0x8  smart_config.o [6]
  .rodata              const    0x0006f338      0x8  smart_config.o [6]
  .rodata              const    0x0006f340      0x8  tcp.o [6]
  .rodata              const    0x0006f348      0x8  wwd_wifi.o [6]
  .rodata              const    0x0006f350      0x8  wwd_wifi.o [6]
  .rodata              const    0x0006f358      0x8  wwd_wifi.o [6]
  .rodata              const    0x0006f360      0x8  wwd_wifi.o [6]
  .rodata              const    0x0006f368      0x8  wwd_wifi.o [6]
  .rodata              const    0x0006f370      0x8  wwd_management.o [6]
  .rodata              const    0x0006f378      0x8  wwd_management.o [6]
  .rodata              const    0x0006f380      0x8  ostimers.o [6]
  .rodata              const    0x0006f388      0x8  tasks.o [6]
  .rodata              const    0x0006f390      0x8  etharp.o [6]
  .rodata              const    0x0006f398      0x8  etharp.o [6]
  .rodata              const    0x0006f3a0      0x8  wiced_network.o [6]
  .rodata              const    0x0006f3a8      0x8  wwd_ap.o [6]
  .rodata              const    0x0006f3b0      0x8  fsl_gpio_common.o [4]
  .rodata              const    0x0006f3b8      0x8  wwd_network.o [6]
  .rodata              const    0x0006f3c0      0x8  dhcp_server.o [6]
  .rodata              const    0x0006f3c8      0x8  dhcp_server.o [6]
  .rodata              const    0x0006f3d0      0x8  dhcp_server.o [6]
  .rodata              const    0x0006f3d8      0x8  dhcp_server.o [6]
  .rodata              const    0x0006f3e0      0x4  define.o [1]
  .rodata              const    0x0006f3e4      0x4  wiced_rtos.o [6]
  .rodata              const    0x0006f3e8      0x4  fsl_clock_manager.o [4]
  .rodata              const    0x0006f3ec      0x4  fsl_clock_manager.o [4]
  .rodata              const    0x0006f3f0      0x4  smart_config.o [6]
  .rodata              const    0x0006f3f4      0x4  smart_config.o [6]
  .rodata              const    0x0006f3f8      0x4  ip_addr.o [6]
  .rodata              const    0x0006f3fc      0x4  ip_addr.o [6]
  .rodata              const    0x0006f400      0x4  dhcp_server.o [6]
  .rodata              const    0x0006f404      0x4  dhcp_server.o [6]
  .rodata              const    0x0006f408      0x4  dhcp_server.o [6]
  .rodata              const    0x0006f40c      0x4  dhcp_server.o [6]
  .rodata              const    0x0006f410      0x4  dhcp_server.o [6]
  SHT$$PREINIT_ARRAY            0x0006f414      0x4  <Block>
    .prepreinit_array  const    0x0006f414      0x4  xlocale_c.o [3]
  SHT$$INIT_ARRAY               0x0006f418      0x0  <Block>
  .text                ro code  0x0006f418      0x0  cstart_clearlocks.o [7]
  .text                ro code  0x0006f418      0x0  cstart_closeall.o [7]
  .rodata              const    0x0006f418      0x0  zero_init3.o [7]
  .rodata              const    0x0006f418      0x0  packbits_init.o [7]
  .data_init                    0x0006f418     0xed  <Block>
    Initializer bytes  const    0x0006f418     0xed  <for .data-1>
  Initializer bytes    const    0x0006f505     0x14  <for P3 s0>
                              - 0x0006f519  0x65109

"P3":                                       0x1655c
  .data                         0x20000000    0x174  <Block>
    .data-1                     0x20000000    0x174  <Init block>
      .data            inited   0x20000000      0x8  fsl_uart_common.o [1]
      .data            inited   0x20000008      0x4  HTTPUtils.o [1]
      .data            inited   0x2000000c      0x4  json_object.o [1]
      .data            inited   0x20000010      0x4  json_object.o [1]
      .data            inited   0x20000014      0x4  json_tokener.o [1]
      .data            inited   0x20000018     0x18  MDNSUtils.o [1]
      .data            inited   0x20000030      0x4  MICOConfig.o [1]
      .data            inited   0x20000034      0x4  SppProtocol.o [1]
      .data            inited   0x20000038      0x4  wifimgr.o [6]
      .data            inited   0x2000003c      0x4  wifimgr.o [6]
      .data            inited   0x20000040      0x4  wifimgr.o [6]
      .data            inited   0x20000044      0x4  wifimgr.o [6]
      .data            inited   0x20000048      0x4  wifimgr.o [6]
      .data            inited   0x2000004c      0x4  smart_config.o [6]
      .data            inited   0x20000050      0x1  smart_config.o [6]
      .data            inited   0x20000054      0x4  wwd_rtos.o [6]
      .data            inited   0x20000058     0x10  tcp.o [6]
      .data            inited   0x20000068      0x4  tcp.o [6]
      .data            inited   0x2000006c      0x4  wwd_firmware.o [6]
      .data            inited   0x20000070      0x4  wifi.o [6]
      .data            inited   0x20000074      0x4  SDPCM.o [6]
      .data            inited   0x20000078      0x4  port.o [6]
      .data            inited   0x2000007c      0x4  tasks.o [6]
      .data            inited   0x20000080      0x4  wwd_ap.o [6]
      .data            inited   0x20000084      0x4  dhcp.o [6]
      .data            inited   0x20000088      0xc  wwd_internal.o [6]
      .data            inited   0x20000094     0x40  xfiles.o [3]
      .data            inited   0x200000d4     0x40  xfiles.o [3]
      .data            inited   0x20000114     0x40  xfiles.o [3]
      .data            inited   0x20000154     0x20  xfiles.o [3]
  CSTACK                        0x20000178    0x200  <Block>
    CSTACK             uninit   0x20000178    0x200  <Block tail>
  HEAP                          0x20000378  0x16000  <Block>
    HEAP               uninit   0x20000378  0x16000  <Block tail>
  P3 s0                         0x20016378    0x1e4  <Init block>
    __DLIB_PERTHREAD   inited   0x20016378     0x8c  rand.o [3]
    __DLIB_PERTHREAD   inited   0x20016404     0x88  localeconv.o [3]
    __DLIB_PERTHREAD   inited   0x2001648c     0x74  setlocale.o [3]
    __DLIB_PERTHREAD   inited   0x20016500     0x2c  xttotm.o [3]
    __DLIB_PERTHREAD   inited   0x2001652c     0x1c  asctime.o [3]
    __DLIB_PERTHREAD   inited   0x20016548      0x8  localtim.o [3]
    __DLIB_PERTHREAD   inited   0x20016550      0x4  errno.o [3]
    __DLIB_PERTHREAD   inited   0x20016554      0x4  xisdst.o [3]
    __DLIB_PERTHREAD   inited   0x20016558      0x4  xisdstData.o [3]
                              - 0x2001655c  0x1655c

"P4":                                        0xec94
  default              zero     0x2001655c      0xc  flash_kinetis.o [1]
  .bss                          0x20016568   0xec88  <Block>
    .bss               zero     0x20016568      0x4  define.o [1]
    .bss               zero     0x2001656c     0x10  EasyLink.o [1]
    .bss               zero     0x2001657c      0x4  EasyLink.o [1]
    .bss               zero     0x20016580      0x4  EasyLinkSoftAP.o [1]
    .bss               zero     0x20016584    0x140  edma.o [1]
    .bss               zero     0x200166c4   0x4308  ethernetif.o [1]
    .bss               zero     0x2001a9cc     0x4c  fsl_debug_console.o [1]
    .bss               zero     0x2001aa18      0x4  fsl_edma_driver.o [1]
    .bss               zero     0x2001aa1c     0x18  fsl_uart_common.o [1]
    .bss               zero     0x2001aa34    0x100  HomeProtocolParse.o [1]
    .bss               zero     0x2001ab34    0x514  k64_gpio.o [1]
    .bss               zero     0x2001b048     0x4c  k64_spi.o [1]
    .bss               zero     0x2001b094   0x2078  k64_spi.o [1]
    .bss               zero     0x2001d10c      0x8  ksdk_platform.o [1]
    .bss               zero     0x2001d114      0x4  LocalTcpServer.o [1]
    .bss               zero     0x2001d118      0x4  MDNSUtils.o [1]
    .bss               zero     0x2001d11c    0x810  MICOAppEntrance.o [1]
    .bss               zero     0x2001d92c      0x4  MICOBonjour.o [1]
    .bss               zero     0x2001d930      0xc  MICOConfigDelegate.o [1]
    .bss               zero     0x2001d93c      0x4  MICOConfigServer.o [1]
    .bss               zero     0x2001d940      0x4  MicoDriverFlash.o [1]
    .bss               zero     0x2001d944     0x44  MicoDriverUart.o [1]
    .bss               zero     0x2001d988     0x3c  MicoDriverUart.o [1]
    .bss               zero     0x2001d9c4     0x18  MICOEntrance.o [1]
    .bss               zero     0x2001d9dc     0x54  MICONotificationCenter.o [1]
    .bss               zero     0x2001da30      0x8  MICONTPClient.o [1]
    .bss               zero     0x2001da38      0x4  MICOParaStorage.o [1]
    .bss               zero     0x2001da3c     0x14  MICOSystemMonitor.o [1]
    .bss               zero     0x2001da50     0x10  platform.o [1]
    .bss               zero     0x2001da60      0x8  RemoteTcpClient.o [1]
    .bss               zero     0x2001da68    0x80c  wwd_bus.o [1]
    .bss               zero     0x2001e274      0x4  mxchipWNET.o [6]
    .bss               zero     0x2001e278      0x4  mxchipWNET.o [6]
    .bss               zero     0x2001e27c      0x4  mxchipWNET.o [6]
    .bss               zero     0x2001e280      0x4  mxchipWNET.o [6]
    .bss               zero     0x2001e284      0x4  mxchipWNET.o [6]
    .bss               zero     0x2001e288      0x4  mxchipWNET.o [6]
    .bss               zero     0x2001e28c     0x10  mxchipWNET.o [6]
    .bss               zero     0x2001e29c      0x8  wiced_rtos.o [6]
    .bss               zero     0x2001e2a4      0x4  wiced_rtos.o [6]
    .bss               zero     0x2001e2a8      0x4  wiced_rtos.o [6]
    .bss               zero     0x2001e2ac      0x4  wiced_rtos.o [6]
    .bss               zero     0x2001e2b0      0x4  wifimgr.o [6]
    .bss               zero     0x2001e2b4     0x70  wifimgr.o [6]
    .bss               zero     0x2001e324     0x3c  wifimgr.o [6]
    .bss               zero     0x2001e360      0x4  wifimgr.o [6]
    .bss               zero     0x2001e364      0x8  wifimgr.o [6]
    .bss               zero     0x2001e36c      0x8  wifimgr.o [6]
    .bss               zero     0x2001e374     0x3c  wifimgr.o [6]
    .bss               zero     0x2001e3b0     0x3c  wifimgr.o [6]
    .bss               zero     0x2001e3ec     0x14  wifimgr.o [6]
    .bss               zero     0x2001e400      0x4  wifimgr.o [6]
    .bss               zero     0x2001e404      0x4  wifimgr.o [6]
    .bss               zero     0x2001e408      0x4  wifimgr.o [6]
    .bss               zero     0x2001e40c      0x4  wifimgr.o [6]
    .bss               zero     0x2001e410      0x4  wifimgr.o [6]
    .bss               zero     0x2001e414      0x4  wifimgr.o [6]
    .bss               zero     0x2001e418     0x3c  wifimgr.o [6]
    .bss               zero     0x2001e454      0x4  wifimgr.o [6]
    .bss               zero     0x2001e458      0x4  wifimgr.o [6]
    .bss               zero     0x2001e45c     0x24  wifimgr.o [6]
    .bss               zero     0x2001e480      0x4  wifimgr.o [6]
    .bss               zero     0x2001e484      0x4  wifimgr.o [6]
    .bss               zero     0x2001e488     0x44  mico_ethif.o [6]
    .bss               zero     0x2001e4cc      0x4  mico_ethif.o [6]
    .bss               zero     0x2001e4d0      0x4  mico_ethif.o [6]
    .bss               zero     0x2001e4d4      0x4  mico_ethif.o [6]
    .bss               zero     0x2001e4d8      0x4  mico_ethif.o [6]
    .bss               zero     0x2001e4dc     0x3c  mico_ethif.o [6]
    .bss               zero     0x2001e518     0x40  mico_ethif.o [6]
    .bss               zero     0x2001e558      0x8  mico_ethif.o [6]
    .bss               zero     0x2001e560      0x4  mico_ethif.o [6]
    .bss               zero     0x2001e564      0x4  mico_ethif.o [6]
    .bss               zero     0x2001e568      0xc  fsl_dspi_shared_function.o [4]
    .bss               zero     0x2001e574      0x4  ip.o [6]
    .bss               zero     0x2001e578      0x4  ip.o [6]
    .bss               zero     0x2001e57c      0x4  ip.o [6]
    .bss               zero     0x2001e580      0x4  ip.o [6]
    .bss               zero     0x2001e584      0x4  ip.o [6]
    .bss               zero     0x2001e588      0x4  wwd_thread.o [6]
    .bss               zero     0x2001e58c      0x4  wwd_thread.o [6]
    .bss               zero     0x2001e590      0x4  wwd_thread.o [6]
    .bss               zero     0x2001e594      0x4  wwd_thread.o [6]
    .bss               zero     0x2001e598      0x4  logging.o [6]
    .bss               zero     0x2001e59c      0x4  logging.o [6]
    .bss               zero     0x2001e5a0      0x4  smart_config.o [6]
    .bss               zero     0x2001e5a4      0x4  smart_config.o [6]
    .bss               zero     0x2001e5a8      0x4  smart_config.o [6]
    .bss               zero     0x2001e5ac     0x50  smart_config.o [6]
    .bss               zero     0x2001e5fc    0x100  smart_config.o [6]
    .bss               zero     0x2001e6fc    0x100  smart_config.o [6]
    .bss               zero     0x2001e7fc      0x4  smart_config.o [6]
    .bss               zero     0x2001e800      0x4  smart_config.o [6]
    .bss               zero     0x2001e804     0x10  smart_config.o [6]
    .bss               zero     0x2001e814      0x4  smart_config.o [6]
    .bss               zero     0x2001e818      0x4  smart_config.o [6]
    .bss               zero     0x2001e81c      0x4  smart_config.o [6]
    .bss               zero     0x2001e820      0x4  smart_config.o [6]
    .bss               zero     0x2001e824    0x500  smart_config.o [6]
    .bss               zero     0x2001ed24      0x4  smart_config.o [6]
    .bss               zero     0x2001ed28      0x4  smart_config.o [6]
    .bss               zero     0x2001ed2c      0x4  smart_config.o [6]
    .bss               zero     0x2001ed30      0x4  smart_config.o [6]
    .bss               zero     0x2001ed34     0x40  smart_config.o [6]
    .bss               zero     0x2001ed74     0x20  smart_config.o [6]
    .bss               zero     0x2001ed94      0x8  smart_config.o [6]
    .bss               zero     0x2001ed9c     0x28  smart_config.o [6]
    .bss               zero     0x2001edc4      0x8  smart_config.o [6]
    .bss               zero     0x2001edcc      0xc  smart_config.o [6]
    .bss               zero     0x2001edd8      0x4  smart_config.o [6]
    .bss               zero     0x2001eddc      0x4  smart_config.o [6]
    .bss               zero     0x2001ede0      0x4  smart_config.o [6]
    .bss               zero     0x2001ede4      0x4  smart_config.o [6]
    .bss               zero     0x2001ede8      0x4  smart_config.o [6]
    .bss               zero     0x2001edec      0x8  smart_config.o [6]
    .bss               zero     0x2001edf4      0x4  smart_config.o [6]
    .bss               zero     0x2001edf8      0x4  smart_config.o [6]
    .bss               zero     0x2001edfc      0x4  smart_config.o [6]
    .bss               zero     0x2001ee00     0x18  dlmalloc.o [6]
    .bss               zero     0x2001ee18    0x1d8  dlmalloc.o [6]
    .bss               zero     0x2001eff0      0x4  wps_host.o [6]
    .bss               zero     0x2001eff4      0x4  wps_host.o [6]
    .bss               zero     0x2001eff8      0x4  dns.o [6]
    .bss               zero     0x2001effc    0x460  dns.o [6]
    .bss               zero     0x2001f45c      0x8  dns.o [6]
    .bss               zero     0x2001f464    0x204  dns.o [6]
    .bss               zero     0x2001f668      0x4  dns.o [6]
    .bss               zero     0x2001f66c      0x4  sockets.o [6]
    .bss               zero     0x2001f670     0x60  sockets.o [6]
    .bss               zero     0x2001f6d0    0x180  sockets.o [6]
    .bss               zero     0x2001f850      0x4  sockets.o [6]
    .bss               zero     0x2001f854      0x4  sockets.o [6]
    .bss               zero     0x2001f858     0x40  memp.o [6]
    .bss               zero     0x2001f898     0x40  memp.o [6]
    .bss               zero     0x2001f8d8   0x517c  memp.o [6]
    .bss               zero     0x20024a54      0x4  tcp.o [6]
    .bss               zero     0x20024a58      0x4  tcp.o [6]
    .bss               zero     0x20024a5c      0x4  tcp.o [6]
    .bss               zero     0x20024a60      0x4  tcp.o [6]
    .bss               zero     0x20024a64      0x4  tcp.o [6]
    .bss               zero     0x20024a68      0x4  tcp.o [6]
    .bss               zero     0x20024a6c      0x4  tcp.o [6]
    .bss               zero     0x20024a70      0x4  tcp.o [6]
    .bss               zero     0x20024a74      0x4  wwd_wifi.o [6]
    .bss               zero     0x20024a78      0x4  wwd_wifi.o [6]
    .bss               zero     0x20024a7c      0x4  wwd_wifi.o [6]
    .bss               zero     0x20024a80      0x4  wwd_wifi.o [6]
    .bss               zero     0x20024a84      0x4  wwd_wifi.o [6]
    .bss               zero     0x20024a88      0x4  wifi.o [6]
    .bss               zero     0x20024a8c     0x3c  SDPCM.o [6]
    .bss               zero     0x20024ac8      0x4  SDPCM.o [6]
    .bss               zero     0x20024acc      0x4  SDPCM.o [6]
    .bss               zero     0x20024ad0      0x4  SDPCM.o [6]
    .bss               zero     0x20024ad4      0x4  SDPCM.o [6]
    .bss               zero     0x20024ad8      0x4  SDPCM.o [6]
    .bss               zero     0x20024adc      0x4  SDPCM.o [6]
    .bss               zero     0x20024ae0      0x4  SDPCM.o [6]
    .bss               zero     0x20024ae4      0x4  SDPCM.o [6]
    .bss               zero     0x20024ae8     0x14  tcp_in.o [6]
    .bss               zero     0x20024afc      0x4  tcp_in.o [6]
    .bss               zero     0x20024b00      0x4  tcp_in.o [6]
    .bss               zero     0x20024b04      0x4  tcp_in.o [6]
    .bss               zero     0x20024b08      0x4  tcp_in.o [6]
    .bss               zero     0x20024b0c      0x4  tcp_in.o [6]
    .bss               zero     0x20024b10      0x4  tcp_in.o [6]
    .bss               zero     0x20024b14      0x8  wwd_management.o [6]
    .bss               zero     0x20024b1c     0x14  ostimers.o [6]
    .bss               zero     0x20024b30     0x14  ostimers.o [6]
    .bss               zero     0x20024b44      0x4  ostimers.o [6]
    .bss               zero     0x20024b48      0x4  ostimers.o [6]
    .bss               zero     0x20024b4c      0x4  ostimers.o [6]
    .bss               zero     0x20024b50      0x4  ostimers.o [6]
    .bss               zero     0x20024b54      0x4  tasks.o [6]
    .bss               zero     0x20024b58     0xc8  tasks.o [6]
    .bss               zero     0x20024c20     0x14  tasks.o [6]
    .bss               zero     0x20024c34     0x14  tasks.o [6]
    .bss               zero     0x20024c48      0x4  tasks.o [6]
    .bss               zero     0x20024c4c      0x4  tasks.o [6]
    .bss               zero     0x20024c50     0x14  tasks.o [6]
    .bss               zero     0x20024c64     0x14  tasks.o [6]
    .bss               zero     0x20024c78      0x4  tasks.o [6]
    .bss               zero     0x20024c7c     0x14  tasks.o [6]
    .bss               zero     0x20024c90      0x4  tasks.o [6]
    .bss               zero     0x20024c94      0x4  tasks.o [6]
    .bss               zero     0x20024c98      0x4  tasks.o [6]
    .bss               zero     0x20024c9c      0x4  tasks.o [6]
    .bss               zero     0x20024ca0      0x4  tasks.o [6]
    .bss               zero     0x20024ca4      0x4  tasks.o [6]
    .bss               zero     0x20024ca8      0x4  tasks.o [6]
    .bss               zero     0x20024cac      0x4  tasks.o [6]
    .bss               zero     0x20024cb0      0x4  tasks.o [6]
    .bss               zero     0x20024cb4      0x4  tasks.o [6]
    .bss               zero     0x20024cb8     0xa0  etharp.o [6]
    .bss               zero     0x20024d58      0x4  mxchip_debug.o [6]
    .bss               zero     0x20024d5c      0x4  mxchip_debug.o [6]
    .bss               zero     0x20024d60     0x28  dnsclient.o [6]
    .bss               zero     0x20024d88      0x4  dnsclient.o [6]
    .bss               zero     0x20024d8c      0x4  udp.o [6]
    .bss               zero     0x20024d90     0x88  wiced_network.o [6]
    .bss               zero     0x20024e18     0x3c  wiced_network.o [6]
    .bss               zero     0x20024e54     0x38  wiced_network.o [6]
    .bss               zero     0x20024e8c      0x4  wiced_network.o [6]
    .bss               zero     0x20024e90      0x4  wiced_network.o [6]
    .bss               zero     0x20024e94     0x14  wiced_network.o [6]
    .bss               zero     0x20024ea8     0x14  wiced_network.o [6]
    .bss               zero     0x20024ebc     0x20  wiced_network.o [6]
    .bss               zero     0x20024edc      0x4  wwd_ap.o [6]
    .bss               zero     0x20024ee0     0x28  dhcp.o [6]
    .bss               zero     0x20024f08      0xc  dhcp.o [6]
    .bss               zero     0x20024f14      0x4  igmp.o [6]
    .bss               zero     0x20024f18      0x4  igmp.o [6]
    .bss               zero     0x20024f1c      0x4  igmp.o [6]
    .bss               zero     0x20024f20      0x4  igmp.o [6]
    .bss               zero     0x20024f24      0x4  netif.o [6]
    .bss               zero     0x20024f28      0x4  netif.o [6]
    .bss               zero     0x20024f2c     0x44  netif.o [6]
    .bss               zero     0x20024f70      0x4  lwiptcpip.o [6]
    .bss               zero     0x20024f74      0x4  lwiptcpip.o [6]
    .bss               zero     0x20024f78      0x4  lwiptcpip.o [6]
    .bss               zero     0x20024f7c      0x4  raw.o [6]
    .bss               zero     0x20024f80      0x4  wwd_internal.o [6]
    .bss               zero     0x20024f84      0x4  lwiptimers.o [6]
    .bss               zero     0x20024f88      0x4  lwiptimers.o [6]
    .bss               zero     0x20024f8c     0x20  dhcp_server.o [6]
    .bss               zero     0x20024fac     0x64  dhcp_server.o [6]
    .bss               zero     0x20025010     0x50  xfiles.o [3]
    .bss               zero     0x20025060     0x50  xfiles.o [3]
    .bss               zero     0x200250b0      0x4  xgetmemchunk.o [3]
    .bss               zero     0x200250b4     0x38  xsyslock_mtx.o [3]
    .bss               zero     0x200250ec     0x54  xlocale_c.o [3]
    .bss               zero     0x20025140     0x80  XShHandles.o [3]
    .bss               zero     0x200251c0      0x2  ip.o [6]
    .bss               zero     0x200251c2      0x2  tcp.o [6]
    .bss               zero     0x200251c4      0x2  SDPCM.o [6]
    .bss               zero     0x200251c6      0x2  tcp_in.o [6]
    .bss               zero     0x200251c8      0x2  wiced_network.o [6]
    .bss               zero     0x200251ca      0x1  printbuf.o [1]
    .bss               zero     0x200251cb      0x1  wifimgr.o [6]
    .bss               zero     0x200251cc      0x1  wifimgr.o [6]
    .bss               zero     0x200251cd      0x1  wifimgr.o [6]
    .bss               zero     0x200251ce      0x1  wwd_thread.o [6]
    .bss               zero     0x200251cf      0x1  wwd_thread.o [6]
    .bss               zero     0x200251d0      0x1  wwd_thread.o [6]
    .bss               zero     0x200251d1      0x1  smart_config.o [6]
    .bss               zero     0x200251d2      0x1  smart_config.o [6]
    .bss               zero     0x200251d3      0x1  smart_config.o [6]
    .bss               zero     0x200251d4      0x1  smart_config.o [6]
    .bss               zero     0x200251d5      0x1  wps_host.o [6]
    .bss               zero     0x200251d6      0x1  wps_host.o [6]
    .bss               zero     0x200251d7      0x1  dns.o [6]
    .bss               zero     0x200251d8      0x1  dns.o [6]
    .bss               zero     0x200251d9      0x1  tcp.o [6]
    .bss               zero     0x200251da      0x1  wwd_wifi.o [6]
    .bss               zero     0x200251db      0x1  wwd_wifi.o [6]
    .bss               zero     0x200251dc      0x1  wifi.o [6]
    .bss               zero     0x200251dd      0x1  SDPCM.o [6]
    .bss               zero     0x200251de      0x1  SDPCM.o [6]
    .bss               zero     0x200251df      0x1  SDPCM.o [6]
    .bss               zero     0x200251e0      0x1  SDPCM.o [6]
    .bss               zero     0x200251e1      0x1  SDPCM.o [6]
    .bss               zero     0x200251e2      0x1  SDPCM.o [6]
    .bss               zero     0x200251e3      0x1  SDPCM.o [6]
    .bss               zero     0x200251e4      0x1  tcp_in.o [6]
    .bss               zero     0x200251e5      0x1  tcp_in.o [6]
    .bss               zero     0x200251e6      0x1  etharp.o [6]
    .bss               zero     0x200251e7      0x1  wiced_network.o [6]
    .bss               zero     0x200251e8      0x1  wiced_network.o [6]
    .bss               zero     0x200251e9      0x1  wwd_ap.o [6]
    .bss               zero     0x200251ea      0x1  netif.o [6]
    .bss               zero     0x200251eb      0x1  wwd_bus_protocol.o [6]
    .bss               zero     0x200251ec      0x1  wwd_bus_protocol.o [6]
                              - 0x200251f0   0xec94

"P6":                                         0x100
  codeRam              zero     0x2002ff00    0x100  flash_kinetis.o [1]
                              - 0x20030000    0x100


*******************************************************************************
*** INIT TABLE
***

          Address     Size
          -------     ----
Zero (__iar_zero_init3)
    3 destination ranges, total size 0xed91:
          0x2001655c     0xc
          0x20016568  0xec85
          0x2002ff00   0x100

Copy/packbits (__iar_packbits_init3)
    1 source range, total size 0xed (63% of destination):
          0x0006f418    0xed
    1 destination range, total size 0x174:
          0x20000000   0x174

Copy/packbits (__iar_packbits_init3)
    1 source range, total size 0x14 (4% of destination):
          0x0006f505    0x14
    1 destination range, total size 0x1e4:
          0x20016378   0x1e4

Extra (__iar_cstart_call_ctors)



*******************************************************************************
*** MODULE SUMMARY
***

    Module                          ro code  ro data  rw data
    ------                          -------  -------  -------
C:\Users\b45112\Desktop\MICO-Freescale(20150826_milestone)\MICO-Freescale-k22\src\Build\FRDM_K64F_SPP\Obj: [1]
    EasyLink.o                        6 716                20
    EasyLinkSoftAP.o                  3 584                 4
    HTTPUtils.o                       5 088        2        4
    HomeProtocolParse.o                 208               256
    LocalTcpServer.o                  1 836                 4
    MDNSUtils.o                       3 296       15       28
    MICOAppEntrance.o                 1 084             2 064
    MICOBonjour.o                     1 144                 4
    MICOConfig.o                                  11        4
    MICOConfigDelegate.o              3 880                12
    MICOConfigMenu.o                  1 800
    MICOConfigServer.o                3 844                 4
    MICOEntrance.o                    4 696                24
    MICONTPClient.o                   1 328                 8
    MICONotificationCenter.o          1 076                84
    MICOParaStorage.o                   988                 4
    MICOSystemMonitor.o                 476                20
    MicoDriverFlash.o                   338                 4
    MicoDriverGpio.o                    464
    MicoDriverRtc.o                      12
    MicoDriverUart.o                    808               128
    MicoDriverWdg.o                       6
    RemoteTcpClient.o                 1 340                 8
    RingBufferUtils.o                    14
    SocketUtils.o                       840
    SppProtocol.o                       372        2        4
    StringUtils.o                     2 532
    URLUtils.o                          364
    UartRecv.o                          324
    arraylist.o                         212
    crt0_IAR.o                           28
    define.o                                       4        4
    edma.o                               96               320
    enet.o                              156
    ethernetif.o                      1 076            17 160
    flash_kinetis.o                     112               268
    flash_kinetisRamFunc.o               64
    fsl_debug_console.o                 266                76
    fsl_dspi_irq.o                       18
    fsl_edma_common.o                             25
    fsl_edma_driver.o                 1 628                 4
    fsl_edma_irq.o                      102
    fsl_rtc_irq.o                        12
    fsl_uart_common.o                             29       32
    fsl_uart_driver.o                 1 240
    fsl_uart_hal.o                      300
    fsl_uart_irq.o                       36
    gpio_pins.o                                   48
    hardware_init.o                     242
    json_object.o                     1 536       41        8
    json_tokener.o                    3 756        3        4
    json_util.o                         228
    k64_gpio.o                          764             1 300
    k64_spi.o                           744             8 388
    ksdk_platform.o                      92                 8
    linkhash.o                          844
    mii.o                               204
    pin_mux.o                         1 320
    platform.o                          804       56       16
    printbuf.o                          310                 1
    read_wifi_firmware.o            203 308
    startup.o                            88
    startup_MK64F12.o                 1 120
    system_MK64F12.o                    308
    wlan_platform.o                      68
    wwd_bus.o                           228             2 060
    ---------------------------------------------------------
    Total:                          269 768      236   32 337

command line: [2]
    ---------------------------------------------------------
    Total:

dl7M_tlf.a: [3]
    XShHandles.o                        224               128
    abort.o                               6
    asctime.o                            44        1       28
    cppinit.o                            24
    div.o                                14
    errno.o                              12                 4
    exit.o                                4
    fclose.o                            122
    fflush.o                            176
    fputc.o                              86
    fseek.o                              34
    getzone.o                            10
    isxxx.o                              40
    localeconv.o                        108        6      136
    localtim.o                          182                 8
    printf.o                             36
    putchar.o                            12
    rand.o                              224        5      140
    setlocale.o                          84        5      116
    snprintf.o                           68
    sprintf.o                            52
    srand.o                              32
    sscanf.o                             36
    strdup.o                             24
    strncasecmp.o                        78
    strncmp.o                            42
    strnlen.o                            22
    strrchr.o                            24
    strstr.o                             44
    tolower.o                            20
    toupper.o                            24
    vprintf.o                            24
    vsnprint.o                           60
    vsprintf.o                           44
    xcloseall.o                          88
    xencoding_sb.o                       96
    xfgpos.o                             12
    xfiles.o                                     143      384
    xfofind.o                           124
    xfspos.o                            214
    xfwprep.o                           182
    xgentime.o                        2 118
    xgetdst.o                           356
    xgetmemchunk.o                       44                 4
    xgettime.o                           66
    xisdst.o                            308                 4
    xisdstData.o                                   1        4
    xlocale_c.o                         438        4       84
    xmbcurmax.o                          10
    xmbtowc.o                            32
    xprintffull.o                     4 438
    xprout.o                             22
    xscanffull.o                      3 280
    xsnprout.o                           26
    xsprout.o                            10
    xsscin.o                             30
    xstoflt.o                           440
    xstol.o                             136
    xstoll.o                            164
    xstopfx.o                           292
    xstoul.o                            404
    xstoull.o                           432
    xstoxflt.o                          536
    xstrftim.o                          268
    xsyslock.o                           32
    xsyslock_mtx.o                      348                56
    xtls.o                                2
    xttotm.o                            392        2       44
    xwctob.o                             64
    xwctomb.o                            26
    ---------------------------------------------------------
    Total:                           17 466      167    1 140

ksdk_freertos_lib.a: [4]
[...]
vQueueWaitForMessageRestricted
                        0x0004cf13     0x3e  Code  Gb  queue.o [6]
vSetMSP                 0x00050be5           Code  Gb  portasm.o [6]
vTaskDelay              0x00042ee9     0x36  Code  Gb  tasks.o [6]
vTaskDelete             0x00042e75     0x74  Code  Gb  tasks.o [6]
vTaskForceAwake         0x00042f97     0x4c  Code  Gb  tasks.o [6]
vTaskIncrementTick      0x00043151    0x106  Code  Gb  tasks.o [6]
vTaskMissedYield        0x0004341f      0xa  Code  Gb  tasks.o [6]
vTaskPlaceOnEventList   0x000432ef     0x3a  Code  Gb  tasks.o [6]
vTaskPlaceOnEventListRestricted
                        0x00043329     0x24  Code  Gb  tasks.o [6]
vTaskPriorityDisinherit
                        0x00043715     0x44  Code  Gb  tasks.o [6]
vTaskPriorityInherit    0x000436a7     0x66  Code  Gb  tasks.o [6]
vTaskSetTimeOutState    0x000433af     0x10  Code  Gb  tasks.o [6]
vTaskStartScheduler     0x00042ff9     0x4c  Code  Gb  tasks.o [6]
vTaskSuspendAll         0x00043045     0x10  Code  Gb  tasks.o [6]
vTaskSwitchContext      0x00043257     0x98  Code  Gb  tasks.o [6]
valid_dir               0x2001edd8      0x4  Data  Lc  smart_config.o [6]
valid_ssid              0x20000050      0x1  Data  Lc  smart_config.o [6]
vprintf                 0x00067271     0x18  Code  Gb  vprintf.o [3]
vsnprintf               0x00067209     0x3c  Code  Gb  vsnprint.o [3]
vsprintf                0x00067245     0x2c  Code  Gb  vsprintf.o [3]
wiced_bus_allow_wlan_bus_to_sleep
                        0x00053489     0x10  Code  Gb  wwd_bus_protocol.o [6]
wiced_bus_deinit        0x000532d5      0xc  Code  Gb  wwd_bus_protocol.o [6]
wiced_bus_ensure_wlan_bus_is_up
                        0x0005345d     0x2c  Code  Gb  wwd_bus_protocol.o [6]
wiced_bus_flow_controlled
                        0x200251ec      0x1  Data  Lc  wwd_bus_protocol.o [6]
wiced_bus_init          0x000530e7    0x1ee  Code  Gb  wwd_bus_protocol.o [6]
wiced_bus_interrupt     0x200251d0      0x1  Data  Lc  wwd_thread.o [6]
wiced_bus_is_flow_controlled
                        0x0005300b      0x8  Code  Gb  wwd_bus_protocol.o [6]
wiced_bus_poke_wlan     0x00052feb      0x4  Code  Gb  wwd_bus_protocol.o [6]
wiced_bus_process_interrupt
                        0x00053013     0x36  Code  Gb  wwd_bus_protocol.o [6]
wiced_bus_set_flow_control
                        0x00052fef     0x1c  Code  Gb  wwd_bus_protocol.o [6]
wiced_bus_transfer_buffer
                        0x00052ee9    0x102  Code  Gb  wwd_bus_protocol.o [6]
wiced_bus_transfer_bytes
                        0x00053379     0xe4  Code  Gb  wwd_bus_protocol.o [6]
wiced_device_core_is_up
                        0x0005cd55     0x5c  Code  Gb  wwd_internal.o [6]
wiced_dhcp_handle       0x20024e18     0x3c  Data  Gb  wiced_network.o [6]
wiced_disable_device_core
                        0x0005cdb1     0x9e  Code  Gb  wwd_internal.o [6]
wiced_dns_redirector_start
                        0x0004ba7d     0x42  Code  Gb  dns_redirect.o [6]
wiced_dns_redirector_stop
                        0x0004babf     0x30  Code  Gb  dns_redirect.o [6]
wiced_download_firmware
                        0x00053499     0xd0  Code  Lc  wwd_bus_protocol.o [6]
wiced_get_available_bus_credits
                        0x0004af2d      0xe  Code  Gb  SDPCM.o [6]
wiced_get_core_address  0x0005cd49      0xc  Code  Lc  wwd_internal.o [6]
wiced_get_ioctl_buffer  0x0004ae41     0x26  Code  Gb  SDPCM.o [6]
wiced_get_iovar_buffer  0x0004add9     0x68  Code  Gb  SDPCM.o [6]
wiced_get_mac_addr      0x000492c1     0x10  Code  Gb  wwd_management.o [6]
wiced_get_next_buffer_in_queue
                        0x0004afcb      0xa  Code  Lc  SDPCM.o [6]
wiced_get_packet_to_send
                        0x0004ae67     0xc6  Code  Gb  SDPCM.o [6]
wiced_gpio_input_get    0x00056add     0x28  Code  Gb  MicoDriverGpio.o [1]
wiced_gspi_32bit        0x200251eb      0x1  Data  Lc  wwd_bus_protocol.o [6]
wiced_handle_apsta_event
                        0x0004bc45     0x2e  Code  Lc  wwd_ap.o [6]
wiced_init              0x0004379d     0x84  Code  Gb  wifi.o [6]
wiced_init_sdpcm        0x0004a46d     0xe4  Code  Gb  SDPCM.o [6]
wiced_inited            0x200251cf      0x1  Data  Lc  wwd_thread.o [6]
wiced_initialised       0x200251dc      0x1  Data  Lc  wifi.o [6]
wiced_ioctl_response    0x20024acc      0x4  Data  Lc  SDPCM.o [6]
wiced_ioctl_sleep       0x20024ad0      0x4  Data  Lc  SDPCM.o [6]
wiced_ip_broadcast      0x0006ee00     0x14  Data  Gb  wiced_network.o [6]
wiced_ip_down           0x000426a1     0x7e  Code  Gb  wiced_network.o [6]
wiced_ip_get_gateway_address
                        0x00045fb1     0x24  Code  Gb  tcpip.o [6]
wiced_ip_get_ipaddr     0x00045ff9     0x56  Code  Gb  tcpip.o [6]
wiced_ip_get_ipv4_address
                        0x00046113     0x24  Code  Gb  tcpip.o [6]
wiced_ip_get_netmask    0x00045fd5     0x24  Code  Gb  tcpip.o [6]
wiced_ip_handle         0x20024d90     0x88  Data  Gb  wiced_network.o [6]
wiced_ip_up             0x00042431    0x270  Code  Gb  wiced_network.o [6]
wiced_join_events_handler
                        0x0003ff91    0x12a  Code  Lc  wwd_wifi.o [6]
wiced_join_status       0x20024a80      0x4  Data  Gb  wwd_wifi.o [6]
wiced_mac_addr          0x20024b14      0x8  Data  Lc  wwd_management.o [6]
wiced_management_init   0x000490ad     0x1e  Code  Gb  wwd_management.o [6]
wiced_management_set_event_handler
                        0x0004ac45      0xa  Code  Gb  SDPCM.o [6]
wiced_management_wifi_off
                        0x00049271     0x50  Code  Gb  wwd_management.o [6]
wiced_management_wifi_on
                        0x000490cb    0x1a6  Code  Gb  wwd_management.o [6]
wiced_network_init      0x00042355     0xa2  Code  Gb  wiced_network.o [6]
wiced_network_link_renew_handler
                        0x0004271f     0x18  Code  Gb  wiced_network.o [6]
wiced_network_resume    0x0004241d     0x14  Code  Gb  wiced_network.o [6]
wiced_network_send_ethernet_data
                        0x0004a5cf     0x8a  Code  Gb  SDPCM.o [6]
wiced_network_suspend   0x00042409     0x14  Code  Gb  wiced_network.o [6]
wiced_networking_worker_thread
                        0x2001e29c      0x8  Data  Gb  wiced_rtos.o [6]
wiced_packet_create_udp
                        0x0004604f     0x12  Code  Gb  tcpip.o [6]
wiced_packet_delete     0x00046061      0xa  Code  Gb  tcpip.o [6]
wiced_packet_get_data   0x0004609d     0x76  Code  Gb  tcpip.o [6]
wiced_packet_set_data_end
                        0x0004606b     0x16  Code  Gb  tcpip.o [6]
wiced_platform_notify_irq
                        0x000536cb     0x22  Code  Gb  wwd_thread.o [6]
wiced_process_bus_credit_update
                        0x0004a659     0x72  Code  Gb  SDPCM.o [6]
wiced_process_sdpcm     0x0004a6cb    0x376  Code  Gb  SDPCM.o [6]
wiced_quit_sdpcm        0x0004a551     0x4e  Code  Gb  SDPCM.o [6]
wiced_read_backplane_value
                        0x0005334b     0x2e  Code  Gb  wwd_bus_protocol.o [6]
wiced_read_frame        0x00053049     0x9e  Code  Gb  wwd_bus_protocol.o [6]
wiced_read_register_value
                        0x0005358d     0x50  Code  Lc  wwd_bus_protocol.o [6]
wiced_receive_one_packet
                        0x0005366b     0x38  Code  Gb  wwd_thread.o [6]
wiced_reset_device_core
                        0x0005ce4f     0x9e  Code  Gb  wwd_internal.o [6]
wiced_rtos_create_thread
                        0x00042829     0x4e  Code  Gb  wiced_rtos.o [6]
wiced_rtos_create_worker_thread
                        0x00042a41     0x5a  Code  Gb  wiced_rtos.o [6]
wiced_rtos_deinit_queue
                        0x00042a03      0xc  Code  Gb  wiced_rtos.o [6]
wiced_rtos_deinit_semaphore
                        0x0004298b     0x16  Code  Gb  wiced_rtos.o [6]
wiced_rtos_delay_milliseconds
                        0x000428d9      0xa  Code  Gb  wiced_rtos.o [6]
wiced_rtos_delete_thread
                        0x00042877     0x24  Code  Gb  wiced_rtos.o [6]
wiced_rtos_get_semaphore
                        0x00042923     0x22  Code  Gb  wiced_rtos.o [6]
wiced_rtos_init         0x00042807     0x22  Code  Gb  wiced_rtos.o [6]
wiced_rtos_init_queue   0x000429a1     0x1e  Code  Gb  wiced_rtos.o [6]
wiced_rtos_init_semaphore
                        0x00042901     0x22  Code  Gb  wiced_rtos.o [6]
wiced_rtos_is_current_thread
                        0x000428b5     0x18  Code  Gb  wiced_rtos.o [6]
wiced_rtos_pop_from_queue
                        0x000429e1     0x22  Code  Gb  wiced_rtos.o [6]
wiced_rtos_push_to_queue
                        0x000429bf     0x22  Code  Gb  wiced_rtos.o [6]
wiced_rtos_send_asynchronous_event
                        0x00042a9b     0x14  Code  Gb  wiced_rtos.o [6]
wiced_rtos_set_semaphore
                        0x00042945     0x46  Code  Gb  wiced_rtos.o [6]
wiced_rtos_thread_force_awake
                        0x000428cd      0xc  Code  Gb  wiced_rtos.o [6]
wiced_rtos_thread_join  0x0004289b     0x1a  Code  Gb  wiced_rtos.o [6]
wiced_sdpcm_ioctl_mutex
                        0x20024ac8      0x4  Data  Lc  SDPCM.o [6]
wiced_sdpcm_send_queue_head
                        0x20024adc      0x4  Data  Lc  SDPCM.o [6]
wiced_sdpcm_send_queue_mutex
                        0x20024ad8      0x4  Data  Lc  SDPCM.o [6]
wiced_sdpcm_send_queue_tail
                        0x20024ae0      0x4  Data  Lc  SDPCM.o [6]
wiced_send_ioctl        0x0004aa45    0x200  Code  Gb  SDPCM.o [6]
wiced_send_iovar        0x0004a59f     0x30  Code  Gb  SDPCM.o [6]
wiced_send_one_packet   0x0005362f     0x3c  Code  Gb  wwd_thread.o [6]
wiced_send_sdpcm_common
                        0x0004af3b     0x90  Code  Lc  SDPCM.o [6]
wiced_set_backplane_window
                        0x0005cca1     0xa8  Code  Gb  wwd_internal.o [6]
wiced_set_next_buffer_in_queue
                        0x0004afd5      0xe  Code  Lc  SDPCM.o [6]
wiced_start_dhcp_server
                        0x0004ea51     0x58  Code  Gb  dhcp_server.o [6]
wiced_stop_dhcp         0x00042737      0x8  Code  Gb  wiced_network.o [6]
wiced_stop_dhcp_server  0x0004eaa9     0x2a  Code  Gb  dhcp_server.o [6]
wiced_thread            0x2001e590      0x4  Data  Lc  wwd_thread.o [6]
wiced_thread_func       0x00053701     0xfe  Code  Lc  wwd_thread.o [6]
wiced_thread_init       0x000535e1     0x4e  Code  Gb  wwd_thread.o [6]
wiced_thread_notify     0x000536ed     0x14  Code  Gb  wwd_thread.o [6]
wiced_thread_quit       0x000536a3     0x28  Code  Gb  wwd_thread.o [6]
wiced_thread_quit_flag  0x200251ce      0x1  Data  Lc  wwd_thread.o [6]
wiced_time_get_time     0x000428e3     0x1e  Code  Gb  wiced_rtos.o [6]
wiced_time_offset       0x2001e2a8      0x4  Data  Lc  wiced_rtos.o [6]
wiced_transceive_semaphore
                        0x2001e594      0x4  Data  Lc  wwd_thread.o [6]
wiced_udp_create_socket
                        0x00046137     0x7c  Code  Gb  tcpip.o [6]
wiced_udp_delete_socket
                        0x0004626d     0x1e  Code  Gb  tcpip.o [6]
wiced_udp_packet_get_info
                        0x00046081     0x1c  Code  Gb  tcpip.o [6]
wiced_udp_receive       0x0004622f     0x3e  Code  Gb  tcpip.o [6]
wiced_udp_send          0x000461b3     0x7c  Code  Gb  tcpip.o [6]
wiced_using_dhcp        0x200251e7      0x1  Data  Lc  wiced_network.o [6]
wiced_wifi_add_packet_filter
                        0x00040665     0x86  Code  Gb  wwd_wifi.o [6]
wiced_wifi_ap_is_up     0x200251e9      0x1  Data  Gb  wwd_ap.o [6]
wiced_wifi_disable_monitor_mode
                        0x00040525     0x5c  Code  Gb  wwd_wifi.o [6]
wiced_wifi_enable_monitor_mode
                        0x000404c1     0x5c  Code  Gb  wwd_wifi.o [6]
wiced_wifi_enable_packet_filter
                        0x0004071f      0xc  Code  Gb  wwd_wifi.o [6]
wiced_wifi_enable_powersave_with_throughput
                        0x000401b9     0x8a  Code  Gb  wwd_wifi.o [6]
wiced_wifi_get_ap_name  0x00040769     0x68  Code  Gb  wwd_wifi.o [6]
wiced_wifi_get_mac_address
                        0x000400bb     0x4e  Code  Gb  wwd_wifi.o [6]
wiced_wifi_get_pmk      0x00040255     0x86  Code  Gb  wwd_wifi.o [6]
wiced_wifi_get_wifi_version
                        0x0004082d     0x52  Code  Gb  wwd_wifi.o [6]
wiced_wifi_is_packet_from_ap
                        0x0004c0c9      0xe  Code  Gb  wwd_ap.o [6]
wiced_wifi_is_ready_to_transceive
                        0x00040145     0x70  Code  Gb  wwd_wifi.o [6]
wiced_wifi_join         0x0003f8f7    0x108  Code  Gb  wwd_wifi.o [6]
wiced_wifi_join_specific
                        0x0003f9ff    0x194  Code  Gb  wwd_wifi.o [6]
wiced_wifi_leave        0x0003ff29     0x66  Code  Gb  wwd_wifi.o [6]
wiced_wifi_prepare_join
                        0x0003fb93    0x396  Code  Lc  wwd_wifi.o [6]
wiced_wifi_register_multicast_address
                        0x000402db     0xd0  Code  Gb  wwd_wifi.o [6]
wiced_wifi_remove_packet_filter
                        0x000406f1     0x2e  Code  Gb  wwd_wifi.o [6]
wiced_wifi_scan         0x0003f461    0x12c  Code  Gb  wwd_wifi.o [6]
wiced_wifi_set_channel  0x000405e7      0xc  Code  Gb  wwd_wifi.o [6]
wiced_wifi_set_down     0x00040585     0x20  Code  Gb  wwd_wifi.o [6]
wiced_wifi_set_maxassoc
                        0x0004087f     0x2c  Code  Gb  wwd_wifi.o [6]
wiced_wifi_set_nmode    0x00040111     0x2e  Code  Gb  wwd_wifi.o [6]
wiced_wifi_sleep_flag   0x20024edc      0x4  Data  Lc  wwd_ap.o [6]
wiced_wifi_start_ap     0x0004bc73    0x332  Code  Gb  wwd_ap.o [6]
wiced_wifi_stop_ap      0x0004bfa9     0xea  Code  Gb  wwd_ap.o [6]
wiced_wifi_stop_scan    0x0003f58d     0x58  Code  Gb  wwd_wifi.o [6]
wiced_wifi_toggle_packet_filter
                        0x0004072b     0x32  Code  Gb  wwd_wifi.o [6]
wiced_wifi_unregister_multicast_address
                        0x000403ab     0xf0  Code  Gb  wwd_wifi.o [6]
wiced_wlan_status       0x20000088      0xc  Data  Gb  wwd_internal.o [6]
wiced_write_backplane_value
                        0x00053321     0x2a  Code  Gb  wwd_bus_protocol.o [6]
wiced_write_register_value
                        0x000532e1     0x40  Code  Gb  wwd_bus_protocol.o [6]
wiced_write_wifi_firmware_image
                        0x0005cf01     0xbe  Code  Gb  wwd_firmware.o [6]
wiced_write_wifi_nvram_image
                        0x0005cfbf    0x162  Code  Gb  wwd_firmware.o [6]
wifi_firmware_image     0x0000a43c  0x31a00  Data  Gb  read_wifi_firmware.o [1]
wifi_join_aping         0x200251db      0x1  Data  Lc  wwd_wifi.o [6]
wifi_mgmt_parse         0x0003e149    0x10e  Code  Lc  smart_config.o [6]
wifi_nvram_image        0x0006d51c    0x30c  Data  Lc  wwd_firmware.o [6]
wifi_power_down         0x0003eec5     0x26  Code  Gb  mxchipWNET.o [6]
wifi_power_is_down      0x2001e278      0x4  Data  Lc  mxchipWNET.o [6]
wifi_reboot_event       0x0003f137     0x16  Code  Gb  MICONotificationCenter.o [1]
wifi_reboot_only        0x00041cc5     0x34  Code  Gb  wifimgr.o [6]
wifi_status_callback    0x0003e9f3     0x74  Code  Gb  mxchipWNET.o [6]
wifimgr_sem             0x2001e408      0x4  Data  Lc  wifimgr.o [6]
wifimgr_thread          0x00041e2d    0x148  Code  Lc  wifimgr.o [6]
wlan_disconnect         0x0004122d     0x48  Code  Gb  wifimgr.o [6]
wlan_driver_version     0x0003ef75      0xa  Code  Gb  mxchipWNET.o [6]
wlan_get_mac_address    0x00041b87      0x8  Code  Gb  wifimgr.o [6]
wlan_init               0x00041c99     0x28  Code  Gb  wifimgr.o [6]
wlu_is_ali_ie           0x0003d567     0x36  Code  Lc  smart_config.o [6]
wlu_is_wpa_ie           0x000407f7     0x36  Code  Lc  wwd_wifi.o [6]
wlu_parse_tlvs          0x0003d541     0x26  Code  Lc  smart_config.o [6]
wlu_parse_tlvs          0x000407d1     0x26  Code  Lc  wwd_wifi.o [6]
work_mode               0x2001edfc      0x4  Data  Lc  smart_config.o [6]
worker_thread_main      0x00042a25     0x1c  Code  Lc  wiced_rtos.o [6]
wps_running             0x200251d6      0x1  Data  Lc  wps_host.o [6]
write                   0x0003ed9f      0xa  Code  Gb  mxchipWNET.o [6]
write_dmaLoop           0x2001b094     0x2c  Data  Lc  k64_spi.o [1]
wwd_management_set_event_handler
                        0x0004ac4f    0x18a  Code  Gb  SDPCM.o [6]
wwd_thread_line         0x2001e588      0x4  Data  Gb  wwd_thread.o [6]
wwd_wifi_get_channel    0x000405a9     0x3e  Code  Gb  wwd_wifi.o [6]
wwd_wifi_set_channel    0x000405f3     0x62  Code  Gb  wwd_wifi.o [6]
xActiveTimerList1       0x20024b1c     0x14  Data  Lc  ostimers.o [6]
xActiveTimerList2       0x20024b30     0x14  Data  Lc  ostimers.o [6]
xDelayedTaskList1       0x20024c20     0x14  Data  Lc  tasks.o [6]
xDelayedTaskList2       0x20024c34     0x14  Data  Lc  tasks.o [6]
xENETRxDescriptors      0x200166c8      0x4  Data  Lc  ethernetif.o [1]
xENETRxDescriptors_unaligned
                        0x20016744    0x110  Data  Lc  ethernetif.o [1]
xENETTxDescriptors      0x200166c4      0x4  Data  Lc  ethernetif.o [1]
xENETTxDescriptors_unaligned
                        0x200166d4     0x70  Data  Lc  ethernetif.o [1]
xMissedYield            0x20024cac      0x4  Data  Lc  tasks.o [6]
xNextTaskUnblockTime    0x2000007c      0x4  Data  Lc  tasks.o [6]
xNumOfOverflows         0x20024cb0      0x4  Data  Lc  tasks.o [6]
xPendingReadyList       0x20024c50     0x14  Data  Lc  tasks.o [6]
xPortPendSVHandler      0x00050beb           Code  Gb  portasm.o [6]
xPortStartScheduler     0x0005070f     0x3c  Code  Gb  port.o [6]
xPortSysTickHandler     0x00050781     0x1a  Code  Gb  port.o [6]
xQueueCreateCountingSemaphore
                        0x0004cb23     0x14  Code  Gb  queue.o [6]
xQueueCreateMutex       0x0004cac7     0x5c  Code  Gb  queue.o [6]
xQueueGenericCreate     0x0004ca49     0x7e  Code  Gb  queue.o [6]
xQueueGenericReceive    0x0004cc61    0x156  Code  Gb  queue.o [6]
xQueueGenericSend       0x0004cb37     0xd4  Code  Gb  queue.o [6]
xQueueGenericSendFromISR
                        0x0004cc0b     0x56  Code  Gb  queue.o [6]
xRxENETSemaphore        0x2001a9c4      0x4  Data  Lc  ethernetif.o [1]
xSchedulerRunning       0x20024ca0      0x4  Data  Lc  tasks.o [6]
xSuspendedTaskList      0x20024c7c     0x14  Data  Lc  tasks.o [6]
xTaskCheckForTimeOut    0x000433bf     0x60  Code  Gb  tasks.o [6]
xTaskForceAwakeClearPending
                        0x00042fed      0xc  Code  Gb  tasks.o [6]
xTaskForceAwakePending  0x00042fe3      0xa  Code  Gb  tasks.o [6]
xTaskGenericCreate      0x00042d45    0x130  Code  Gb  tasks.o [6]
xTaskGetCurrentTaskHandle
                        0x00043685      0x6  Code  Gb  tasks.o [6]
xTaskGetCurrentThread   0x00042f8f      0x8  Code  Gb  tasks.o [6]
xTaskGetSchedulerState  0x0004368b     0x1c  Code  Gb  tasks.o [6]
xTaskGetTickCount       0x00043127     0x14  Code  Gb  tasks.o [6]
xTaskGetTickCountFromISR
                        0x0004313b     0x16  Code  Gb  tasks.o [6]
xTaskIsTaskFinished     0x00042f1f     0x70  Code  Gb  tasks.o [6]
xTaskRemoveFromEventList
                        0x0004334d     0x62  Code  Gb  tasks.o [6]
xTaskResumeAll          0x00043055     0xd2  Code  Gb  tasks.o [6]
xTasksWaitingTermination
                        0x20024c64     0x14  Data  Lc  tasks.o [6]
xTickCount              0x20024c94      0x4  Data  Lc  tasks.o [6]
xTimerCreate            0x00050813     0x4c  Code  Gb  ostimers.o [6]
xTimerCreateTimerTask   0x000507d9     0x3a  Code  Gb  ostimers.o [6]
xTimerGenericCommand    0x0005085f     0x52  Code  Gb  ostimers.o [6]
xTimerQueue             0x20024b4c      0x4  Data  Lc  ostimers.o [6]
xTxENETSemaphore        0x2001a9c8      0x4  Data  Lc  ethernetif.o [1]
xnetif                  0x2001e488     0x44  Data  Lc  mico_ethif.o [6]
xorbuf                  0x00055cdf     0x32  Code  Lc  aes.o [6]


[1] = C:\Users\b45112\Desktop\MICO-Freescale(20150826_milestone)\MICO-Freescale-k22\src\Build\FRDM_K64F_SPP\Obj
[2] = command line
[3] = dl7M_tlf.a
[4] = ksdk_freertos_lib.a
[5] = m7M_tls.a
[6] = mxchipWNet_cm4f_spi.a
[7] = rt7M_tl.a
[8] = shb_l.a

  398 656 bytes of readonly  code memory
   16 345 bytes of readonly  data memory
  152 297 bytes of readwrite data memory

Errors: none
Warnings: none
